../Core/Src/SileliS_code/esp32i2cComunicationDriver.cpp:27:1:esp32_i2cComunicationDriver::esp32_i2cComunicationDriver(i2cMaster*)	24	static,ignoring_inline_asm
../Core/Src/SileliS_code/esp32i2cComunicationDriver.cpp:65:12:BaseType_t esp32_i2cComunicationDriver::isCrcSumCorreect(i2cFrame_transmitQueue, uint8_t)	24	static
../Core/Src/SileliS_code/esp32i2cComunicationDriver.cpp:103:6:void esp32_i2cComunicationDriver::incrementInterruptRequestCountingSemaphore()	24	static,ignoring_inline_asm
../Core/Src/SileliS_code/esp32i2cComunicationDriver.cpp:111:1:esp32_i2cComunicationDriver::~esp32_i2cComunicationDriver()	16	static
../Core/Src/SileliS_code/esp32i2cComunicationDriver.cpp:111:1:virtual esp32_i2cComunicationDriver::~esp32_i2cComunicationDriver()	16	static
../Core/Src/SileliS_code/esp32i2cComunicationDriver.cpp:128:6:void esp32_i2cComunicationDriver::isCountingSemaphoreOverflowed()	16	static
../Core/Src/SileliS_code/esp32i2cComunicationDriver.cpp:146:12:BaseType_t esp32_i2cComunicationDriver::semaphoreTake__CountingSemaphore()	16	static
../Core/Src/SileliS_code/esp32i2cComunicationDriver.cpp:151:12:BaseType_t esp32_i2cComunicationDriver::masterTransmitData(i2cFrame_transmitQueue*)	24	static
../Core/Src/SileliS_code/esp32i2cComunicationDriver.cpp:214:19:HAL_StatusTypeDef esp32_i2cComunicationDriver::masterReceiveData(i2cFrame_transmitQueue*)	24	static
../Core/Src/SileliS_code/esp32i2cComunicationDriver.cpp:246:19:HAL_StatusTypeDef esp32_i2cComunicationDriver::masterReceiveFromESP32_DMA(uint8_t*, uint16_t)	32	static
../Core/Src/SileliS_code/esp32i2cComunicationDriver.cpp:256:6:void esp32_i2cComunicationDriver::giveESP32I2CInterfaceTime()	16	static
../Core/Src/SileliS_code/esp32i2cComunicationDriver.cpp:260:19:HAL_StatusTypeDef esp32_i2cComunicationDriver::masterReceiveFromESP32_DMA_inSequence(uint8_t*, uint16_t, uint32_t)	40	static
../Core/Src/SileliS_code/esp32i2cComunicationDriver.cpp:287:6:void esp32_i2cComunicationDriver::while_I2C_STATE_READY()	16	static
../Core/Src/SileliS_code/esp32i2cComunicationDriver.cpp:303:6:void esp32_i2cComunicationDriver::parseReceivedData(i2cFrame_transmitQueue)	40	static
C:\ST\STM32CubeIDE\STM32CubeIDE\plugins\com.st.stm32cube.ide.mcu.externaltools.gnu-tools-for-stm32.12.3.rel1.win32_1.0.100.202403111256\tools\arm-none-eabi\include\c++\12.3.1\arm-none-eabi\thumb\v7e-m+dp\hard\bits\gthr-default.h:229:1:int __gthread_key_delete(__gthread_key_t)	16	static
../Core/Src/SileliS_code/esp32i2cComunicationDriver.cpp:331:6:void parserFunction::keyboardToRadioMeny(i2cFrame_keyboardFrame*)	16	static
../Core/Src/SileliS_code/esp32i2cComunicationDriver.cpp:335:1:void __static_initialization_and_destruction_0(int, int)	16	static
../Core/Src/SileliS_code/esp32i2cComunicationDriver.cpp:335:1:cpp)	8	static
../Core/Src/SileliS_code/esp32i2cComunicationDriver.cpp:335:1:cpp)	8	static
