../Core/Src/SileliS_code/esp32i2cComunicationDriver.cpp:27:1:esp32_i2cComunicationDriver::esp32_i2cComunicationDriver(i2cMaster*)	24	static,ignoring_inline_asm
../Core/Src/SileliS_code/esp32i2cComunicationDriver.cpp:62:12:BaseType_t esp32_i2cComunicationDriver::isCrcSumCorreect(i2cFrame_transmitQueue, uint8_t)	24	static
../Core/Src/SileliS_code/esp32i2cComunicationDriver.cpp:90:19:HAL_StatusTypeDef esp32_i2cComunicationDriver::ping()	24	static
../Core/Src/SileliS_code/esp32i2cComunicationDriver.cpp:120:6:void esp32_i2cComunicationDriver::incrementInterruptRequestCountingSemaphore()	24	static,ignoring_inline_asm
../Core/Src/SileliS_code/esp32i2cComunicationDriver.cpp:129:1:esp32_i2cComunicationDriver::~esp32_i2cComunicationDriver()	16	static
../Core/Src/SileliS_code/esp32i2cComunicationDriver.cpp:129:1:virtual esp32_i2cComunicationDriver::~esp32_i2cComunicationDriver()	16	static
../Core/Src/SileliS_code/esp32i2cComunicationDriver.cpp:136:6:void esp32_i2cComunicationDriver::isCountingSemaphoreOverflowed()	16	static
../Core/Src/SileliS_code/esp32i2cComunicationDriver.cpp:143:12:BaseType_t esp32_i2cComunicationDriver::semaphoreTake__CountingSemaphore()	16	static
../Core/Src/SileliS_code/esp32i2cComunicationDriver.cpp:147:12:BaseType_t esp32_i2cComunicationDriver::masterReceiveFromESP32_DMA(uint8_t*, uint16_t)	24	static
../Core/Src/SileliS_code/esp32i2cComunicationDriver.cpp:152:12:BaseType_t esp32_i2cComunicationDriver::i2cMasterSemaphoreTake()	16	static
../Core/Src/SileliS_code/esp32i2cComunicationDriver.cpp:156:12:BaseType_t esp32_i2cComunicationDriver::i2cMasterSemaphoreGive()	16	static
../Core/Src/SileliS_code/esp32i2cComunicationDriver.cpp:160:6:void esp32_i2cComunicationDriver::while_I2C_STATE_READY()	16	static
../Core/Src/SileliS_code/esp32i2cComunicationDriver.cpp:165:6:void esp32_i2cComunicationDriver::seteDynamicmMemeoryAlocationError()	16	static
../Core/Src/SileliS_code/esp32i2cComunicationDriver.cpp:170:6:void esp32_i2cComunicationDriver::parseReceivedData(i2cFrame_transmitQueue)	40	static
../Core/Src/SileliS_code/esp32i2cComunicationDriver.cpp:191:7:void parserFunction::keyboard(i2cFrame_keyboardFrame*)	16	static
