D:/!!!__GitHUB_repositories/MustangRadio_develepementVersion/02_Firmware/03_Common/comunicationProtocol.h:71:4:i2cFrame_transmitQueue::i2cFrame_transmitQueue()	16	static
D:/!!!__GitHUB_repositories/MustangRadio_develepementVersion/02_Firmware/03_Common/i2c_slave_master_queueClass.cpp:18:1:i2cQueue4DynamicData::i2cQueue4DynamicData(UBaseType_t)	24	static,ignoring_inline_asm
D:/!!!__GitHUB_repositories/MustangRadio_develepementVersion/02_Firmware/03_Common/i2c_slave_master_queueClass.cpp:43:1:i2cQueue4DynamicData::~i2cQueue4DynamicData()	32	static
D:/!!!__GitHUB_repositories/MustangRadio_develepementVersion/02_Firmware/03_Common/i2c_slave_master_queueClass.cpp:75:6:void i2cQueue4DynamicData::QueueDeleteDataFromPointer(i2cFrame_transmitQueue)	24	static
D:/!!!__GitHUB_repositories/MustangRadio_develepementVersion/02_Firmware/03_Common/i2c_slave_master_queueClass.cpp:98:13:BaseType_t i2cQueue4DynamicData::QueueReceive(i2cFrame_transmitQueue*, TickType_t)	24	static
D:/!!!__GitHUB_repositories/MustangRadio_develepementVersion/02_Firmware/03_Common/i2c_slave_master_queueClass.cpp:124:12:BaseType_t i2cQueue4DynamicData::QueueSend(i2cFrame_transmitQueue*)	16	static
D:/!!!__GitHUB_repositories/MustangRadio_develepementVersion/02_Firmware/03_Common/i2c_slave_master_queueClass.cpp:137:12:BaseType_t i2cQueue4DynamicData::QueueSendFromISR(i2cFrame_transmitQueue*)	24	static,ignoring_inline_asm
