../Core/Inc/SileliS_code/list.h:24:5:Node::Node(const char*)	16	static
../Core/Inc/SileliS_code/list.h:28:5:Node::~Node()	16	static
../Core/Src/SileliS_code/list.cpp:11:1:List::List()	16	static
../Core/Src/SileliS_code/list.cpp:14:1:List::~List()	16	static
../Core/Src/SileliS_code/list.cpp:19:7:Node* List::createNode(const char*)	32	static
../Core/Src/SileliS_code/list.cpp:31:6:bool List::canAddItem()	16	static
../Core/Src/SileliS_code/list.cpp:42:6:void List::addAtBeginning(const char*)	24	static
../Core/Src/SileliS_code/list.cpp:55:6:void List::addAtEnd(const char*)	24	static
../Core/Src/SileliS_code/list.cpp:74:6:void List::resetToFirst()	16	static
../Core/Src/SileliS_code/list.cpp:79:6:void List::moveToNext()	16	static
../Core/Src/SileliS_code/list.cpp:93:9:uint8_t List::getCurrentNodeIndex()	16	static
../Core/Src/SileliS_code/list.cpp:104:6:bool List::isAtEnd()	16	static
../Core/Src/SileliS_code/list.cpp:109:6:void List::renumberNodes()	24	static
../Core/Src/SileliS_code/list.cpp:118:6:void List::removeElement(uint8_t)	32	static
../Core/Src/SileliS_code/list.cpp:162:6:void List::printList()	24	static
../Core/Src/SileliS_code/list.cpp:171:7:void List::printCurrent()	16	static
../Core/Src/SileliS_code/list.cpp:176:6:void List::freeList()	32	static
