C:\ST\STM32CubeIDE_1.15.1\STM32CubeIDE\plugins\com.st.stm32cube.ide.mcu.externaltools.gnu-tools-for-stm32.12.3.rel1.win32_1.0.100.202403111256\tools\arm-none-eabi\include\c++\12.3.1\arm-none-eabi\thumb\v7e-m+dp\hard\bits\gthr-default.h:229:1:int __gthread_key_delete(__gthread_key_t)	16	static
../Core/Src/SileliS_code/menuItem.cpp:13:1:menuItem::menuItem(const char*)	16	static
../Core/Src/SileliS_code/menuItem.cpp:40:6:void menuItem::mi_bindInit(void (*)(void*))	16	static
../Core/Src/SileliS_code/menuItem.cpp:44:6:void menuItem::mi_bindDeInit(void (*)(void*))	16	static
../Core/Src/SileliS_code/menuItem.cpp:48:6:void menuItem::mi_bindBackInit(void (*)(void*))	16	static
../Core/Src/SileliS_code/menuItem.cpp:52:6:void menuItem::mi_bindFunction(void (**)(void*), void (*)(void*))	24	static
../Core/Src/SileliS_code/menuItem.cpp:61:6:void menuItem::mi_execInit(void*)	16	static
../Core/Src/SileliS_code/menuItem.cpp:65:6:void menuItem::mi_execDeInit(void*)	16	static
../Core/Src/SileliS_code/menuItem.cpp:69:6:void menuItem::mi_execBackInit(void*)	16	static
../Core/Src/SileliS_code/menuItem.cpp:74:6:void menuItem::mi_execFunction(void (*)(void*), void*)	24	static
../Core/Src/SileliS_code/menuItem.cpp:117:1:menuItem::~menuItem()	16	static
../Core/Src/SileliS_code/menuItem.cpp:119:1:void __static_initialization_and_destruction_0(int, int)	16	static
../Core/Src/SileliS_code/menuItem.cpp:119:1:cpp)	8	static
../Core/Src/SileliS_code/menuItem.cpp:119:1:cpp)	8	static
