../Core/Src/SileliS_code/menuItem.cpp:12:1:menuItem::menuItem(const char*, uint8_t)	24	static
../Core/Src/SileliS_code/menuItem.cpp:25:6:void menuItem::delete_pExecutableButtonsArray()	16	static
../Core/Src/SileliS_code/menuItem.cpp:31:6:bool menuItem::create_pExecutableButtonsArray(uint8_t)	16	static
../Core/Src/SileliS_code/menuItem.cpp:43:6:void menuItem::appendFunctionPointer(void (**)(), void (*)())	24	static
../Core/Src/SileliS_code/menuItem.cpp:47:6:void menuItem::executeFunctionPointer(void (*)())	16	static
../Core/Src/SileliS_code/menuItem.cpp:54:6:void menuItem::mI_appendInit(void (*)())	16	static
../Core/Src/SileliS_code/menuItem.cpp:58:6:void menuItem::mI_executeInit()	16	static
../Core/Src/SileliS_code/menuItem.cpp:62:6:void menuItem::mI_appendDeInit(void (*)())	16	static
../Core/Src/SileliS_code/menuItem.cpp:66:6:void menuItem::mI_executeDeInit()	16	static
../Core/Src/SileliS_code/menuItem.cpp:70:1:menuItem::~menuItem()	16	static
../Core/Src/SileliS_code/menuItem.cpp:74:9:uint8_t menuItem::searchExecFunctionForButtonSequence(keyboardUnion)	24	static
../Core/Src/SileliS_code/menuItem.cpp:85:6:bool menuItem::isExecFunctionInButtonSequence(keyboardUnion)	16	static
../Core/Src/SileliS_code/menuItem.cpp:91:6:bool menuItem::mI_executeExecutableButtons(keyboardUnion)	24	static
../Core/Src/SileliS_code/menuItem.cpp:103:6:bool menuItem::mI_appendExecFunctionArry(keyboardUnion, void (*)())	24	static
