C:\ST\STM32CubeIDE\STM32CubeIDE\plugins\com.st.stm32cube.ide.mcu.externaltools.gnu-tools-for-stm32.12.3.rel1.win32_1.0.100.202403111256\tools\arm-none-eabi\include\c++\12.3.1\arm-none-eabi\thumb\v7e-m+dp\hard\bits\gthr-default.h:229:1:int __gthread_key_delete(__gthread_key_t)	16	static
../Core/Src/SileliS_code/menu_menuPrototype.cpp:18:1:menuPrototype::menuPrototype()	16	static
../Core/Src/SileliS_code/menu_menuPrototype.cpp:22:1:menuPrototype::~menuPrototype()	16	static
../Core/Src/SileliS_code/menu_menuPrototype.cpp:22:1:virtual menuPrototype::~menuPrototype()	16	static
../Core/Src/SileliS_code/menu_menuPrototype.cpp:26:6:virtual void menuPrototype::deviceInit()	16	static
../Core/Src/SileliS_code/menu_menuPrototype.cpp:30:6:virtual void menuPrototype::deviceDeInit()	16	static
../Core/Src/SileliS_code/menu_menuPrototype.cpp:34:6:virtual void menuPrototype::deviceBackInit()	16	static
../Core/Src/SileliS_code/menu_menuPrototype.cpp:38:6:virtual void menuPrototype::deviceOn()	16	static
../Core/Src/SileliS_code/menu_menuPrototype.cpp:42:6:virtual void menuPrototype::deviceOff()	16	static
../Core/Src/SileliS_code/menu_menuPrototype.cpp:44:1:void __static_initialization_and_destruction_0(int, int)	16	static
../Core/Src/SileliS_code/menu_menuPrototype.cpp:44:1:cpp)	8	static
../Core/Src/SileliS_code/menu_menuPrototype.cpp:44:1:cpp)	8	static
