C:\ST\STM32CubeIDE\STM32CubeIDE\plugins\com.st.stm32cube.ide.mcu.externaltools.gnu-tools-for-stm32.12.3.rel1.win32_1.0.100.202403111256\tools\arm-none-eabi\include\c++\12.3.1\arm-none-eabi\thumb\v7e-m+dp\hard\bits\gthr-default.h:229:1:int __gthread_key_delete(__gthread_key_t)	16	static
../Core/Src/SileliS_code/myList.cpp:6:1:myList::myList(ListHeader*, const char*)	24	static
../Core/Src/SileliS_code/myList.cpp:22:1:myList::~myList()	16	static
../Core/Src/SileliS_code/myList.cpp:28:6:void myList::addAtBeginning(const char*)	32	static
../Core/Src/SileliS_code/myList.cpp:44:6:void myList::addAtEnd(const char*)	32	static
../Core/Src/SileliS_code/myList.cpp:69:6:void myList::resetToFirst()	16	static
../Core/Src/SileliS_code/myList.cpp:74:9:myList* myList::moveToNext()	16	static
../Core/Src/SileliS_code/myList.cpp:82:6:void myList::moveToEnd()	16	static
../Core/Src/SileliS_code/myList.cpp:87:6:void myList::moveToNextInLoop()	16	static
../Core/Src/SileliS_code/myList.cpp:105:9:uint8_t myList::getCurrentNodeIndex() const	16	static
../Core/Src/SileliS_code/myList.cpp:109:13:const char* myList::getCurrentNodeTag()	16	static
../Core/Src/SileliS_code/myList.cpp:114:6:bool myList::isAtEnd() const	16	static
../Core/Src/SileliS_code/myList.cpp:119:6:void myList::printList() const	24	static
../Core/Src/SileliS_code/myList.cpp:129:6:void myList::printCurrent() const	16	static
../Core/Src/SileliS_code/myList.cpp:139:6:void myList::renumberNodes()	24	static
../Core/Src/SileliS_code/myList.cpp:149:6:bool myList::canAddItem() const	16	static
../Core/Src/SileliS_code/myList.cpp:153:6:void myList::deleteList()	32	static
../Core/Src/SileliS_code/myList.cpp:162:1:void __static_initialization_and_destruction_0(int, int)	16	static
../Core/Src/SileliS_code/myList.cpp:162:1:cpp)	8	static
../Core/Src/SileliS_code/myList.cpp:162:1:cpp)	8	static
