C:\ST\STM32CubeIDE_1.15.1\STM32CubeIDE\plugins\com.st.stm32cube.ide.mcu.externaltools.gnu-tools-for-stm32.12.3.rel1.win32_1.0.100.202403111256\tools\arm-none-eabi\include\c++\12.3.1\arm-none-eabi\thumb\v7e-m+dp\hard\bits\gthr-default.h:229:1:int __gthread_key_delete(__gthread_key_t)	16	static
C:\ST\STM32CubeIDE_1.15.1\STM32CubeIDE\plugins\com.st.stm32cube.ide.mcu.externaltools.gnu-tools-for-stm32.12.3.rel1.win32_1.0.100.202403111256\tools\arm-none-eabi\include\c++\12.3.1\bits\std_function.h:85:17:void* std::_Any_data::_M_access()	16	static
C:\ST\STM32CubeIDE_1.15.1\STM32CubeIDE\plugins\com.st.stm32cube.ide.mcu.externaltools.gnu-tools-for-stm32.12.3.rel1.win32_1.0.100.202403111256\tools\arm-none-eabi\include\c++\12.3.1\bits\std_function.h:86:17:const void* std::_Any_data::_M_access() const	16	static
C:\ST\STM32CubeIDE_1.15.1\STM32CubeIDE\plugins\com.st.stm32cube.ide.mcu.externaltools.gnu-tools-for-stm32.12.3.rel1.win32_1.0.100.202403111256\tools\arm-none-eabi\include\c++\12.3.1\bits\std_function.h:241:5:std::_Function_base::~_Function_base()	16	static
../Core/Inc/SileliS_code/myList.h:19:5:ListHeader::ListHeader()	16	static
../Core/Src/SileliS_code/radioMenu.cpp:10:1:radioMenu::radioMenu()	24	static,ignoring_inline_asm
../Core/Src/SileliS_code/radioMenu.cpp:27:6:void radioMenu::createDeviceMenuList_audio()	24	static
../Core/Src/SileliS_code/radioMenu.cpp:46:6:void radioMenu::createDeviceMenuList_periphery()	24	static
C:\ST\STM32CubeIDE_1.15.1\STM32CubeIDE\plugins\com.st.stm32cube.ide.mcu.externaltools.gnu-tools-for-stm32.12.3.rel1.win32_1.0.100.202403111256\tools\arm-none-eabi\include\c++\12.3.1\bits\std_function.h:334:11:std::function<void()>::~function()	16	static
../Core/Src/SileliS_code/radioMenu.cpp:56:6:void radioMenu::createDeviceMenuList_mainMenu()	80	static
../Core/Src/SileliS_code/radioMenu.cpp:73:6:void radioMenu::setCurrentDeviceMenu_audio()	16	static
../Core/Src/SileliS_code/radioMenu.cpp:77:6:void radioMenu::setCurrentDeviceMenu_periphery()	16	static
../Core/Src/SileliS_code/radioMenu.cpp:82:12:BaseType_t radioMenu::queueRadioMenuKbrdSend(const void*)	16	static
../Core/Src/SileliS_code/radioMenu.cpp:86:12:BaseType_t radioMenu::queueRadioMenuKbrdReceive(keyboardUnion*)	16	static
../Core/Src/SileliS_code/radioMenu.cpp:90:1:radioMenu::~radioMenu()	24	static
../Core/Src/SileliS_code/radioMenu.cpp:90:1:virtual radioMenu::~radioMenu()	16	static
../Core/Src/SileliS_code/radioMenu.cpp:104:6:bool radioMenu::executeButtonFrom_radioMainMenu(keyboardUnion)	16	static
../Core/Src/SileliS_code/radioMenu.cpp:108:6:void radioMenu::menuFunction_equButShortPressed()	16	static
C:\ST\STM32CubeIDE_1.15.1\STM32CubeIDE\plugins\com.st.stm32cube.ide.mcu.externaltools.gnu-tools-for-stm32.12.3.rel1.win32_1.0.100.202403111256\tools\bin/../lib/gcc/arm-none-eabi/12.3.1/../../../../arm-none-eabi/include/c++/12.3.1/tuple:756:17:constexpr std::tuple< <template-parameter-1-1> >::tuple(std::tuple< <template-parameter-1-1> >&&) [with _Elements = {radioMenu*}]	16	static
C:\ST\STM32CubeIDE_1.15.1\STM32CubeIDE\plugins\com.st.stm32cube.ide.mcu.externaltools.gnu-tools-for-stm32.12.3.rel1.win32_1.0.100.202403111256\tools\bin/../lib/gcc/arm-none-eabi/12.3.1/../../../../arm-none-eabi/include/c++/12.3.1/functional:571:7:)>&&) [with _Functor = void (radioMenu::*)(); _Bound_args = {radioMenu*}]	16	static
C:\ST\STM32CubeIDE_1.15.1\STM32CubeIDE\plugins\com.st.stm32cube.ide.mcu.externaltools.gnu-tools-for-stm32.12.3.rel1.win32_1.0.100.202403111256\tools\bin/../lib/gcc/arm-none-eabi/12.3.1/../../../../arm-none-eabi/include/c++/12.3.1/functional:870:5:) [with _Func = void (radioMenu::*)(); _BoundArgs = {radioMenu*}]	32	static
C:\ST\STM32CubeIDE_1.15.1\STM32CubeIDE\plugins\com.st.stm32cube.ide.mcu.externaltools.gnu-tools-for-stm32.12.3.rel1.win32_1.0.100.202403111256\tools\arm-none-eabi\include\c++\12.3.1\bits\std_function.h:239:5:constexpr std::_Function_base::_Function_base()	16	static
C:\ST\STM32CubeIDE_1.15.1\STM32CubeIDE\plugins\com.st.stm32cube.ide.mcu.externaltools.gnu-tools-for-stm32.12.3.rel1.win32_1.0.100.202403111256\tools\arm-none-eabi\include\c++\12.3.1\bits\std_function.h:435:2:)>::function(_Functor&&) [with _Functor = std::_Bind<void (radioMenu::*(radioMenu*))()>; _Constraints = void; _Res = void; _ArgTypes = {}]	24	static
C:\ST\STM32CubeIDE_1.15.1\STM32CubeIDE\plugins\com.st.stm32cube.ide.mcu.externaltools.gnu-tools-for-stm32.12.3.rel1.win32_1.0.100.202403111256\tools\bin/../lib/gcc/arm-none-eabi/12.3.1/../../../../arm-none-eabi/include/c++/12.3.1/bits/move.h:77:5:constexpr _Tp&& std::forward(typename remove_reference<_Tp>::type&) [with _Tp = void (radioMenu::*)()]	16	static
C:\ST\STM32CubeIDE_1.15.1\STM32CubeIDE\plugins\com.st.stm32cube.ide.mcu.externaltools.gnu-tools-for-stm32.12.3.rel1.win32_1.0.100.202403111256\tools\bin/../lib/gcc/arm-none-eabi/12.3.1/../../../../arm-none-eabi/include/c++/12.3.1/bits/move.h:77:5:constexpr _Tp&& std::forward(typename remove_reference<_Tp>::type&) [with _Tp = radioMenu*]	16	static
C:\ST\STM32CubeIDE_1.15.1\STM32CubeIDE\plugins\com.st.stm32cube.ide.mcu.externaltools.gnu-tools-for-stm32.12.3.rel1.win32_1.0.100.202403111256\tools\bin/../lib/gcc/arm-none-eabi/12.3.1/../../../../arm-none-eabi/include/c++/12.3.1/functional:566:2:) [with _Args = {radioMenu*}; _Functor = void (radioMenu::*)(); _Bound_args = {radioMenu*}]	32	static
C:\ST\STM32CubeIDE_1.15.1\STM32CubeIDE\plugins\com.st.stm32cube.ide.mcu.externaltools.gnu-tools-for-stm32.12.3.rel1.win32_1.0.100.202403111256\tools\bin/../lib/gcc/arm-none-eabi/12.3.1/../../../../arm-none-eabi/include/c++/12.3.1/tuple:454:7:constexpr std::_Tuple_impl<_Idx, _Head>::_Tuple_impl(std::_Tuple_impl<_Idx, _Head>&&) [with unsigned int _Idx = 0; _Head = radioMenu*]	16	static
C:\ST\STM32CubeIDE_1.15.1\STM32CubeIDE\plugins\com.st.stm32cube.ide.mcu.externaltools.gnu-tools-for-stm32.12.3.rel1.win32_1.0.100.202403111256\tools\arm-none-eabi\include\c++\12.3.1\bits\std_function.h:235:4:static bool std::_Function_base::_Base_manager<_Functor>::_M_not_empty_function(const _Tp&) [with _Tp = std::_Bind<void (radioMenu::*(radioMenu*))()>; _Functor = std::_Bind<void (radioMenu::*(radioMenu*))()>]	16	static
C:\ST\STM32CubeIDE_1.15.1\STM32CubeIDE\plugins\com.st.stm32cube.ide.mcu.externaltools.gnu-tools-for-stm32.12.3.rel1.win32_1.0.100.202403111256\tools\bin/../lib/gcc/arm-none-eabi/12.3.1/../../../../arm-none-eabi/include/c++/12.3.1/bits/move.h:77:5:constexpr _Tp&& std::forward(typename remove_reference<_Tp>::type&) [with _Tp = _Bind<void (radioMenu::*(radioMenu*))()>]	16	static
C:\ST\STM32CubeIDE_1.15.1\STM32CubeIDE\plugins\com.st.stm32cube.ide.mcu.externaltools.gnu-tools-for-stm32.12.3.rel1.win32_1.0.100.202403111256\tools\arm-none-eabi\include\c++\12.3.1\bits\std_function.h:211:4:static void std::_Function_base::_Base_manager<_Functor>::_M_init_functor(std::_Any_data&, _Fn&&) [with _Fn = std::_Bind<void (radioMenu::*(radioMenu*))()>; _Functor = std::_Bind<void (radioMenu::*(radioMenu*))()>]	24	static
C:\ST\STM32CubeIDE_1.15.1\STM32CubeIDE\plugins\com.st.stm32cube.ide.mcu.externaltools.gnu-tools-for-stm32.12.3.rel1.win32_1.0.100.202403111256\tools\arm-none-eabi\include\c++\12.3.1\bits\std_function.h:288:7:) [with _Res = void; _Functor = std::_Bind<void (radioMenu::*(radioMenu*))()>; _ArgTypes = {}]	16	static
C:\ST\STM32CubeIDE_1.15.1\STM32CubeIDE\plugins\com.st.stm32cube.ide.mcu.externaltools.gnu-tools-for-stm32.12.3.rel1.win32_1.0.100.202403111256\tools\arm-none-eabi\include\c++\12.3.1\bits\std_function.h:267:7:), _Functor>::_M_manager(std::_Any_data&, const std::_Any_data&, std::_Manager_operation) [with _Res = void; _Functor = std::_Bind<void (radioMenu::*(radioMenu*))()>; _ArgTypes = {}]	32	static
C:\ST\STM32CubeIDE_1.15.1\STM32CubeIDE\plugins\com.st.stm32cube.ide.mcu.externaltools.gnu-tools-for-stm32.12.3.rel1.win32_1.0.100.202403111256\tools\bin/../lib/gcc/arm-none-eabi/12.3.1/../../../../arm-none-eabi/include/c++/12.3.1/bits/move.h:104:5:constexpr typename std::remove_reference<_Tp>::type&& std::move(_Tp&&) [with _Tp = void (radioMenu::*&)()]	16	static
C:\ST\STM32CubeIDE_1.15.1\STM32CubeIDE\plugins\com.st.stm32cube.ide.mcu.externaltools.gnu-tools-for-stm32.12.3.rel1.win32_1.0.100.202403111256\tools\bin/../lib/gcc/arm-none-eabi/12.3.1/../../../../arm-none-eabi/include/c++/12.3.1/tuple:742:2:>(), bool>::type <anonymous> = true; _Elements = {radioMenu*}]	24	static
C:\ST\STM32CubeIDE_1.15.1\STM32CubeIDE\plugins\com.st.stm32cube.ide.mcu.externaltools.gnu-tools-for-stm32.12.3.rel1.win32_1.0.100.202403111256\tools\arm-none-eabi\include\c++\12.3.1\bits\std_function.h:158:4:static void std::_Function_base::_Base_manager<_Functor>::_M_create(std::_Any_data&, _Fn&&, std::false_type) [with _Fn = std::_Bind<void (radioMenu::*(radioMenu*))()>; _Functor = std::_Bind<void (radioMenu::*(radioMenu*))()>]	32	static
C:\ST\STM32CubeIDE_1.15.1\STM32CubeIDE\plugins\com.st.stm32cube.ide.mcu.externaltools.gnu-tools-for-stm32.12.3.rel1.win32_1.0.100.202403111256\tools\arm-none-eabi\include\c++\12.3.1\bits\std_function.h:134:2:static _Functor* std::_Function_base::_Base_manager<_Functor>::_M_get_pointer(const std::_Any_data&) [with _Functor = std::_Bind<void (radioMenu::*(radioMenu*))()>]	16	static
C:\ST\STM32CubeIDE_1.15.1\STM32CubeIDE\plugins\com.st.stm32cube.ide.mcu.externaltools.gnu-tools-for-stm32.12.3.rel1.win32_1.0.100.202403111256\tools\bin/../lib/gcc/arm-none-eabi/12.3.1/../../../../arm-none-eabi/include/c++/12.3.1/bits/invoke.h:149:5:) [with _Res = void; _Callable = _Bind<void (radioMenu::*(radioMenu*))()>&; _Args = {}]	24	static
C:\ST\STM32CubeIDE_1.15.1\STM32CubeIDE\plugins\com.st.stm32cube.ide.mcu.externaltools.gnu-tools-for-stm32.12.3.rel1.win32_1.0.100.202403111256\tools\arm-none-eabi\include\c++\12.3.1\bits\std_function.h:90:7:_Tp& std::_Any_data::_M_access() [with _Tp = std::_Bind<void (radioMenu::*(radioMenu*))()>*]	16	static
C:\ST\STM32CubeIDE_1.15.1\STM32CubeIDE\plugins\com.st.stm32cube.ide.mcu.externaltools.gnu-tools-for-stm32.12.3.rel1.win32_1.0.100.202403111256\tools\arm-none-eabi\include\c++\12.3.1\bits\std_function.h:180:2:static bool std::_Function_base::_Base_manager<_Functor>::_M_manager(std::_Any_data&, const std::_Any_data&, std::_Manager_operation) [with _Functor = std::_Bind<void (radioMenu::*(radioMenu*))()>]	32	static
C:\ST\STM32CubeIDE_1.15.1\STM32CubeIDE\plugins\com.st.stm32cube.ide.mcu.externaltools.gnu-tools-for-stm32.12.3.rel1.win32_1.0.100.202403111256\tools\bin/../lib/gcc/arm-none-eabi/12.3.1/../../../../arm-none-eabi/include/c++/12.3.1/tuple:440:2:constexpr std::_Tuple_impl<_Idx, _Head>::_Tuple_impl(_UHead&&) [with _UHead = radioMenu*; unsigned int _Idx = 0; _Head = radioMenu*]	24	static
C:\ST\STM32CubeIDE_1.15.1\STM32CubeIDE\plugins\com.st.stm32cube.ide.mcu.externaltools.gnu-tools-for-stm32.12.3.rel1.win32_1.0.100.202403111256\tools\arm-none-eabi\include\c++\12.3.1\bits\std_function.h:95:7:const _Tp& std::_Any_data::_M_access() const [with _Tp = std::_Bind<void (radioMenu::*(radioMenu*))()>*]	16	static
C:\ST\STM32CubeIDE_1.15.1\STM32CubeIDE\plugins\com.st.stm32cube.ide.mcu.externaltools.gnu-tools-for-stm32.12.3.rel1.win32_1.0.100.202403111256\tools\bin/../lib/gcc/arm-none-eabi/12.3.1/../../../../arm-none-eabi/include/c++/12.3.1/bits/move.h:77:5:constexpr _Tp&& std::forward(typename remove_reference<_Tp>::type&) [with _Tp = _Bind<void (radioMenu::*(radioMenu*))()>&]	16	static
C:\ST\STM32CubeIDE_1.15.1\STM32CubeIDE\plugins\com.st.stm32cube.ide.mcu.externaltools.gnu-tools-for-stm32.12.3.rel1.win32_1.0.100.202403111256\tools\bin/../lib/gcc/arm-none-eabi/12.3.1/../../../../arm-none-eabi/include/c++/12.3.1/bits/invoke.h:60:5:) [with _Res = void; _Fn = _Bind<void (radioMenu::*(radioMenu*))()>&; _Args = {}]	16	static
C:\ST\STM32CubeIDE_1.15.1\STM32CubeIDE\plugins\com.st.stm32cube.ide.mcu.externaltools.gnu-tools-for-stm32.12.3.rel1.win32_1.0.100.202403111256\tools\arm-none-eabi\include\c++\12.3.1\bits\std_function.h:90:7:_Tp& std::_Any_data::_M_access() [with _Tp = const std::type_info*]	16	static
C:\ST\STM32CubeIDE_1.15.1\STM32CubeIDE\plugins\com.st.stm32cube.ide.mcu.externaltools.gnu-tools-for-stm32.12.3.rel1.win32_1.0.100.202403111256\tools\arm-none-eabi\include\c++\12.3.1\bits\std_function.h:211:4:static void std::_Function_base::_Base_manager<_Functor>::_M_init_functor(std::_Any_data&, _Fn&&) [with _Fn = const std::_Bind<void (radioMenu::*(radioMenu*))()>&; _Functor = std::_Bind<void (radioMenu::*(radioMenu*))()>]	24	static
C:\ST\STM32CubeIDE_1.15.1\STM32CubeIDE\plugins\com.st.stm32cube.ide.mcu.externaltools.gnu-tools-for-stm32.12.3.rel1.win32_1.0.100.202403111256\tools\arm-none-eabi\include\c++\12.3.1\bits\std_function.h:173:2:static void std::_Function_base::_Base_manager<_Functor>::_M_destroy(std::_Any_data&, std::false_type) [with _Functor = std::_Bind<void (radioMenu::*(radioMenu*))()>]	16	static
C:\ST\STM32CubeIDE_1.15.1\STM32CubeIDE\plugins\com.st.stm32cube.ide.mcu.externaltools.gnu-tools-for-stm32.12.3.rel1.win32_1.0.100.202403111256\tools\bin/../lib/gcc/arm-none-eabi/12.3.1/../../../../arm-none-eabi/include/c++/12.3.1/tuple:199:19:constexpr std::_Head_base<_Idx, _Head, false>::_Head_base(_UHead&&) [with _UHead = radioMenu*; unsigned int _Idx = 0; _Head = radioMenu*]	16	static
C:\ST\STM32CubeIDE_1.15.1\STM32CubeIDE\plugins\com.st.stm32cube.ide.mcu.externaltools.gnu-tools-for-stm32.12.3.rel1.win32_1.0.100.202403111256\tools\bin/../lib/gcc/arm-none-eabi/12.3.1/../../../../arm-none-eabi/include/c++/12.3.1/functional:578:2:) [with _Args = {}; _Result = void; _Functor = void (radioMenu::*)(); _Bound_args = {radioMenu*}]	32	static
C:\ST\STM32CubeIDE_1.15.1\STM32CubeIDE\plugins\com.st.stm32cube.ide.mcu.externaltools.gnu-tools-for-stm32.12.3.rel1.win32_1.0.100.202403111256\tools\bin/../lib/gcc/arm-none-eabi/12.3.1/../../../../arm-none-eabi/include/c++/12.3.1/bits/move.h:77:5:constexpr _Tp&& std::forward(typename remove_reference<_Tp>::type&) [with _Tp = const _Bind<void (radioMenu::*(radioMenu*))()>&]	16	static
C:\ST\STM32CubeIDE_1.15.1\STM32CubeIDE\plugins\com.st.stm32cube.ide.mcu.externaltools.gnu-tools-for-stm32.12.3.rel1.win32_1.0.100.202403111256\tools\arm-none-eabi\include\c++\12.3.1\bits\std_function.h:158:4:static void std::_Function_base::_Base_manager<_Functor>::_M_create(std::_Any_data&, _Fn&&, std::false_type) [with _Fn = const std::_Bind<void (radioMenu::*(radioMenu*))()>&; _Functor = std::_Bind<void (radioMenu::*(radioMenu*))()>]	32	static
C:\ST\STM32CubeIDE_1.15.1\STM32CubeIDE\plugins\com.st.stm32cube.ide.mcu.externaltools.gnu-tools-for-stm32.12.3.rel1.win32_1.0.100.202403111256\tools\bin/../lib/gcc/arm-none-eabi/12.3.1/../../../../arm-none-eabi/include/c++/12.3.1/tuple:1589:5:) [with _Elements = {}]	4	static
C:\ST\STM32CubeIDE_1.15.1\STM32CubeIDE\plugins\com.st.stm32cube.ide.mcu.externaltools.gnu-tools-for-stm32.12.3.rel1.win32_1.0.100.202403111256\tools\bin/../lib/gcc/arm-none-eabi/12.3.1/../../../../arm-none-eabi/include/c++/12.3.1/functional:493:2:_Indexes = {0}; _Functor = void (radioMenu::*)(); _Bound_args = {radioMenu*}]	40	static
C:\ST\STM32CubeIDE_1.15.1\STM32CubeIDE\plugins\com.st.stm32cube.ide.mcu.externaltools.gnu-tools-for-stm32.12.3.rel1.win32_1.0.100.202403111256\tools\bin/../lib/gcc/arm-none-eabi/12.3.1/../../../../arm-none-eabi/include/c++/12.3.1/tuple:1380:5:>&) [with unsigned int __i = 0; _Elements = {radioMenu*}]	16	static
C:\ST\STM32CubeIDE_1.15.1\STM32CubeIDE\plugins\com.st.stm32cube.ide.mcu.externaltools.gnu-tools-for-stm32.12.3.rel1.win32_1.0.100.202403111256\tools\bin/../lib/gcc/arm-none-eabi/12.3.1/../../../../arm-none-eabi/include/c++/12.3.1/functional:444:2:_CVArg&& std::_Mu<_Arg, false, false>::operator()(_CVArg&&, _Tuple&) const volatile [with _CVArg = radioMenu*&; _Tuple = std::tuple<>; _Arg = radioMenu*]	24	static
C:\ST\STM32CubeIDE_1.15.1\STM32CubeIDE\plugins\com.st.stm32cube.ide.mcu.externaltools.gnu-tools-for-stm32.12.3.rel1.win32_1.0.100.202403111256\tools\bin/../lib/gcc/arm-none-eabi/12.3.1/../../../../arm-none-eabi/include/c++/12.3.1/bits/invoke.h:90:5:) [with _Callable = void (radioMenu::*&)(); _Args = {radioMenu*&}]	24	static
C:\ST\STM32CubeIDE_1.15.1\STM32CubeIDE\plugins\com.st.stm32cube.ide.mcu.externaltools.gnu-tools-for-stm32.12.3.rel1.win32_1.0.100.202403111256\tools\bin/../lib/gcc/arm-none-eabi/12.3.1/../../../../arm-none-eabi/include/c++/12.3.1/tuple:1364:5:>&) [with unsigned int __i = 0; _Head = radioMenu*; _Tail = {}]	16	static
C:\ST\STM32CubeIDE_1.15.1\STM32CubeIDE\plugins\com.st.stm32cube.ide.mcu.externaltools.gnu-tools-for-stm32.12.3.rel1.win32_1.0.100.202403111256\tools\bin/../lib/gcc/arm-none-eabi/12.3.1/../../../../arm-none-eabi/include/c++/12.3.1/bits/move.h:77:5:constexpr _Tp&& std::forward(typename remove_reference<_Tp>::type&) [with _Tp = radioMenu*&]	16	static
C:\ST\STM32CubeIDE_1.15.1\STM32CubeIDE\plugins\com.st.stm32cube.ide.mcu.externaltools.gnu-tools-for-stm32.12.3.rel1.win32_1.0.100.202403111256\tools\bin/../lib/gcc/arm-none-eabi/12.3.1/../../../../arm-none-eabi/include/c++/12.3.1/bits/move.h:77:5:constexpr _Tp&& std::forward(typename remove_reference<_Tp>::type&) [with _Tp = void (radioMenu::*&)()]	16	static
C:\ST\STM32CubeIDE_1.15.1\STM32CubeIDE\plugins\com.st.stm32cube.ide.mcu.externaltools.gnu-tools-for-stm32.12.3.rel1.win32_1.0.100.202403111256\tools\bin/../lib/gcc/arm-none-eabi/12.3.1/../../../../arm-none-eabi/include/c++/12.3.1/bits/invoke.h:71:5:) [with _Res = void; _MemFun = void (radioMenu::*&)(); _Tp = radioMenu*&; _Args = {}]	24	static
C:\ST\STM32CubeIDE_1.15.1\STM32CubeIDE\plugins\com.st.stm32cube.ide.mcu.externaltools.gnu-tools-for-stm32.12.3.rel1.win32_1.0.100.202403111256\tools\bin/../lib/gcc/arm-none-eabi/12.3.1/../../../../arm-none-eabi/include/c++/12.3.1/tuple:424:7:static constexpr _Head& std::_Tuple_impl<_Idx, _Head>::_M_head(std::_Tuple_impl<_Idx, _Head>&) [with unsigned int _Idx = 0; _Head = radioMenu*]	16	static
C:\ST\STM32CubeIDE_1.15.1\STM32CubeIDE\plugins\com.st.stm32cube.ide.mcu.externaltools.gnu-tools-for-stm32.12.3.rel1.win32_1.0.100.202403111256\tools\bin/../lib/gcc/arm-none-eabi/12.3.1/../../../../arm-none-eabi/include/c++/12.3.1/tuple:233:7:static constexpr _Head& std::_Head_base<_Idx, _Head, false>::_M_head(std::_Head_base<_Idx, _Head, false>&) [with unsigned int _Idx = 0; _Head = radioMenu*]	16	static
../Core/Src/SileliS_code/radioMenu.cpp:118:1:void __static_initialization_and_destruction_0(int, int)	16	static
../Core/Src/SileliS_code/radioMenu.cpp:118:1:cpp)	8	static
../Core/Src/SileliS_code/radioMenu.cpp:118:1:cpp)	8	static
