../Core/Inc/SileliS_code/myList.h:19:5:ListHeader::ListHeader()	16	static
../Core/Src/SileliS_code/radioMenu.cpp:10:1:radioMenu::radioMenu()	24	static,ignoring_inline_asm
../Core/Src/SileliS_code/radioMenu.cpp:26:6:void radioMenu::createDeviceMenuList_audio()	24	static
../Core/Src/SileliS_code/radioMenu.cpp:45:6:void radioMenu::createDeviceMenuList_periphery()	24	static
../Core/Src/SileliS_code/radioMenu.cpp:55:6:void radioMenu::createDeviceMenuList_mainMenu()	32	static
../Core/Src/SileliS_code/radioMenu.cpp:69:6:void radioMenu::setCurrentDeviceMenu_audio()	16	static
../Core/Src/SileliS_code/radioMenu.cpp:73:6:void radioMenu::setCurrentDeviceMenu_periphery()	16	static
../Core/Src/SileliS_code/radioMenu.cpp:78:12:BaseType_t radioMenu::queueRadioMenuKbrdSend(const void*)	16	static
../Core/Src/SileliS_code/radioMenu.cpp:82:12:BaseType_t radioMenu::queueRadioMenuKbrdReceive(keyboardUnion*)	16	static
../Core/Src/SileliS_code/radioMenu.cpp:86:1:radioMenu::~radioMenu()	24	static
../Core/Src/SileliS_code/radioMenu.cpp:86:1:virtual radioMenu::~radioMenu()	16	static
