../Core/Src/SileliS_code/tasksFunctions.cpp:20:13:void i2cMaster_pReceiveQueueObjectParser(void*)	32	static
../Core/Src/SileliS_code/tasksFunctions.cpp:39:13:void esp32IntrrruptRequestCallback(void*)	32	static
../Core/Src/SileliS_code/tasksFunctions.cpp:63:6:void testowyAppend()	8	static
../Core/Src/SileliS_code/tasksFunctions.cpp:73:6:void testowyAppend1()	8	static
../Core/Src/SileliS_code/tasksFunctions.cpp:83:6:void initTaskFunctions()	40	static,ignoring_inline_asm
../Core/Src/SileliS_code/tasksFunctions.cpp:144:6:void HAL_GPIO_EXTI_Callback(uint16_t)	16	static
