C:\ST\STM32CubeIDE_1.15.1\STM32CubeIDE\plugins\com.st.stm32cube.ide.mcu.externaltools.gnu-tools-for-stm32.12.3.rel1.win32_1.0.100.202403111256\tools\arm-none-eabi\include\c++\12.3.1\arm-none-eabi\thumb\v7e-m+dp\hard\bits\gthr-default.h:229:1:int __gthread_key_delete(__gthread_key_t)	16	static
../Core/Src/SileliS_code/tasksFunctions.cpp:25:13:void i2cMaster_pReceiveQueueObjectParser(void*)	32	static
../Core/Src/SileliS_code/tasksFunctions.cpp:44:13:void esp32IntrrruptRequestCallback(void*)	32	static
../Core/Src/SileliS_code/tasksFunctions.cpp:68:6:void peripheryMenuTimeoutFunction(void*)	24	static
../Core/Src/SileliS_code/tasksFunctions.cpp:96:13:void manageRadioButtonsAndManue(void*)	24	static
../Core/Src/SileliS_code/tasksFunctions.cpp:113:6:void initTaskFunctions()	32	static,ignoring_inline_asm
../Core/Src/SileliS_code/tasksFunctions.cpp:145:6:void HAL_GPIO_EXTI_Callback(uint16_t)	16	static
../Core/Src/SileliS_code/tasksFunctions.cpp:148:1:void __static_initialization_and_destruction_0(int, int)	16	static
../Core/Src/SileliS_code/tasksFunctions.cpp:148:1:cpp)	8	static
../Core/Src/SileliS_code/tasksFunctions.cpp:148:1:cpp)	8	static
