C:\ST\STM32CubeIDE\STM32CubeIDE\plugins\com.st.stm32cube.ide.mcu.externaltools.gnu-tools-for-stm32.12.3.rel1.win32_1.0.100.202403111256\tools\arm-none-eabi\include\c++\12.3.1\arm-none-eabi\thumb\v7e-m+dp\hard\bits\gthr-default.h:229:1:int __gthread_key_delete(__gthread_key_t)	16	static
D:/!!!__GitHUB_repositories/MustangRadio_develepementVersion/02_Firmware/01_ESP32/HMI_and_bluetooth/main/common/comunicationProtocol/comunicationProtocol.h:22:2:i2cFrame_transmitQueue::i2cFrame_transmitQueue()	16	static
../Core/Src/SileliS_code/tasksFunctions.cpp:36:13:void i2cMasterParseReceivedData(void*)	32	static
../Core/Src/SileliS_code/tasksFunctions.cpp:59:13:void i2cMasterTransmitToSlaveDataTask(void*)	32	static
../Core/Src/SileliS_code/tasksFunctions.cpp:91:13:void i2cMasterReceiveFromSlaveDataTask(void*)	32	static
../Core/Src/SileliS_code/tasksFunctions.cpp:127:13:void esp32I2cIntrrruptRequest(void*)	16	static
../Core/Src/SileliS_code/tasksFunctions.cpp:138:6:void peripheryMenuTimeoutFunction(void*)	24	static
../Core/Src/SileliS_code/tasksFunctions.cpp:164:13:void manageRadioButtonsAndMenu(void*)	40	static
../Core/Src/SileliS_code/tasksFunctions.cpp:201:13:void initTaskFunctions()	48	static,ignoring_inline_asm
../Core/Src/SileliS_code/tasksFunctions.cpp:241:13:void startUpTask_initTaskFunctions(void*)	16	static
../Core/Src/SileliS_code/tasksFunctions.cpp:254:13:void printfTask(void*)	32	static
../Core/Src/SileliS_code/tasksFunctions.cpp:265:6:void startUpTask(void*)	32	static
../Core/Src/SileliS_code/tasksFunctions.cpp:276:6:void HAL_GPIO_EXTI_Callback(uint16_t)	16	static
../Core/Src/SileliS_code/tasksFunctions.cpp:283:1:void __static_initialization_and_destruction_0(int, int)	16	static
../Core/Src/SileliS_code/tasksFunctions.cpp:283:1:cpp)	8	static
../Core/Src/SileliS_code/tasksFunctions.cpp:283:1:cpp)	8	static
