D:/!!!__GitHUB_repositories/MustangRadio_develepementVersion/02_Firmware/03_Common/comunicationProtocol.h:65:3:i2cFrame_transmitQueue::i2cFrame_transmitQueue()	16	static
C:\ST\STM32CubeIDE_1.15.1\STM32CubeIDE\plugins\com.st.stm32cube.ide.mcu.externaltools.gnu-tools-for-stm32.12.3.rel1.win32_1.0.100.202403111256\tools\arm-none-eabi\include\c++\12.3.1\arm-none-eabi\thumb\v7e-m+dp\hard\bits\gthr-default.h:229:1:int __gthread_key_delete(__gthread_key_t)	16	static
../Core/Src/SileliS_code/tasksFunctions.cpp:32:13:void i2cMaster_pReceivedQueueObjectParser(void*)	32	static
../Core/Src/SileliS_code/tasksFunctions.cpp:59:13:void i2cMasterToSlaveTransmitDataTask(void*)	40	static
../Core/Src/SileliS_code/tasksFunctions.cpp:128:13:void i2cFromSlaveReceiveDataTask(void*)	32	static
../Core/Src/SileliS_code/tasksFunctions.cpp:154:13:void esp32IntrrruptRequestCallback(void*)	32	static
../Core/Src/SileliS_code/tasksFunctions.cpp:169:6:void peripheryMenuTimeoutFunction(void*)	24	static
../Core/Src/SileliS_code/tasksFunctions.cpp:195:13:void manageRadioButtonsAndManue(void*)	24	static
../Core/Src/SileliS_code/tasksFunctions.cpp:212:13:void initTaskFunctions()	48	static,ignoring_inline_asm
../Core/Src/SileliS_code/tasksFunctions.cpp:258:13:void startUpTask_initTaskFunctions(void*)	16	static
../Core/Src/SileliS_code/tasksFunctions.cpp:271:13:void printfTask(void*)	32	static
../Core/Src/SileliS_code/tasksFunctions.cpp:282:6:void startUpTask(void*)	32	static
../Core/Src/SileliS_code/tasksFunctions.cpp:293:6:void HAL_GPIO_EXTI_Callback(uint16_t)	16	static
../Core/Src/SileliS_code/tasksFunctions.cpp:302:1:void __static_initialization_and_destruction_0(int, int)	16	static
../Core/Src/SileliS_code/tasksFunctions.cpp:302:1:cpp)	8	static
../Core/Src/SileliS_code/tasksFunctions.cpp:302:1:cpp)	8	static
