../Core/Src/SileliS_code/device_ledsController.cpp:183:1:ledsController::~ledsController()	0	static
../Core/Src/SileliS_code/device_ledsController.cpp:183:1:virtual ledsController::~ledsController()	8	static
../Core/Src/SileliS_code/device_ledsController.cpp:20:6:void ledsController::setLedColors(ledEnum, ws2812Color, ws2812Color)	16	static
../Core/Src/SileliS_code/device_ledsController.cpp:42:6:void ledsController::setLedBlinking(ledEnum, ws2812Color, ws2812Color)	8	static
../Core/Src/SileliS_code/device_ledsController.cpp:48:6:void ledsController::setLedWithColor(ledEnum, ws2812Color)	8	static
../Core/Src/SileliS_code/device_ledsController.cpp:53:6:void ledsController::setLedCleaned(ledEnum)	8	static
../Core/Src/SileliS_code/device_ledsController.cpp:58:6:void ledsController::setLedSourceBlinking(ws2812Color, ws2812Color)	32	static
../Core/Src/SileliS_code/device_ledsController.cpp:64:6:void ledsController::setLedSourceWithColor(ws2812Color)	8	static
../Core/Src/SileliS_code/device_ledsController.cpp:69:6:void ledsController::setLedSourceCleaned()	8	static
../Core/Src/SileliS_code/device_ledsController.cpp:74:6:void ledsController::setLedEqualiserBlinking(ws2812Color, ws2812Color)	32	static
../Core/Src/SileliS_code/device_ledsController.cpp:80:6:void ledsController::setLedEqualiserWithColor(ws2812Color)	8	static
../Core/Src/SileliS_code/device_ledsController.cpp:85:6:void ledsController::setLedEqualiserCleaned()	8	static
../Core/Src/SileliS_code/device_ledsController.cpp:90:6:void ledsController::setLedErrorBlinking(ws2812Color, ws2812Color)	32	static
../Core/Src/SileliS_code/device_ledsController.cpp:96:6:void ledsController::setLedErrorWithColor(ws2812Color)	8	static
../Core/Src/SileliS_code/device_ledsController.cpp:101:6:void ledsController::setLedErrorCleaned()	8	static
../Core/Src/SileliS_code/device_ledsController.cpp:148:6:void ledsController::setLedAllCleaned()	8	static
../Core/Src/SileliS_code/device_ledsController.cpp:10:1:ledsController::ledsController(i2cQueue4DynamicData*)	8	static
../Core/Src/SileliS_code/device_ledsController.cpp:153:12:BaseType_t ledsController::sendDataToI2cTransmitQueueLeds()	56	static
../Core/Src/SileliS_code/device_ledsController.cpp:185:1:cpp)	0	static
../Core/Src/SileliS_code/device_ledsController.cpp:185:1:cpp)	0	static
