../Core/Src/SileliS_code/menu_radioMenu.cpp:154:1:radioMenu::~radioMenu()	16	static
../Core/Src/SileliS_code/menu_radioMenu.cpp:154:1:virtual radioMenu::~radioMenu()	8	static
../Core/Src/SileliS_code/menu_radioMenu.cpp:197:6:void radioMenu::menuFunction_volButLongRelease()	8	static
../Core/Src/SileliS_code/menu_radioMenu.cpp:204:6:void radioMenu::menuFunction_volIncrement()	8	static
../Core/Src/SileliS_code/menu_radioMenu.cpp:211:6:void radioMenu::menuFunction_volDecrement()	8	static
../Core/Src/SileliS_code/menu_radioMenu.cpp:218:6:void radioMenu::menuFunction_resetToDefaultLongPress()	8	static
../Core/Src/SileliS_code/menu_radioMenu.cpp:225:6:void radioMenu::menuFunction_returnForEqualizerMenu()	8	static
C:\ST\STM32CubeIDE\STM32CubeIDE\plugins\com.st.stm32cube.ide.mcu.externaltools.gnu-tools-for-stm32.12.3.rel1.win32_1.0.100.202403111256\tools\bin/../lib/gcc/arm-none-eabi/12.3.1/../../../../arm-none-eabi/include/c++/12.3.1/bits/std_function.h:288:7:) [with _Res = void; _Functor = std::_Bind<void (radioMenu::*(radioMenu*))()>; _ArgTypes = {}]	4	static
C:\ST\STM32CubeIDE\STM32CubeIDE\plugins\com.st.stm32cube.ide.mcu.externaltools.gnu-tools-for-stm32.12.3.rel1.win32_1.0.100.202403111256\tools\bin/../lib/gcc/arm-none-eabi/12.3.1/../../../../arm-none-eabi/include/c++/12.3.1/bits/std_function.h:267:7:), _Functor>::_M_manager(std::_Any_data&, const std::_Any_data&, std::_Manager_operation) [with _Res = void; _Functor = std::_Bind<void (radioMenu::*(radioMenu*))()>; _ArgTypes = {}]	16	static
C:\ST\STM32CubeIDE\STM32CubeIDE\plugins\com.st.stm32cube.ide.mcu.externaltools.gnu-tools-for-stm32.12.3.rel1.win32_1.0.100.202403111256\tools\bin/../lib/gcc/arm-none-eabi/12.3.1/../../../../arm-none-eabi/include/c++/12.3.1/bits/std_function.h:241:5:std::_Function_base::~_Function_base()	8	static
../Core/Src/SileliS_code/menu_radioMenu.cpp:45:6:void radioMenu::createDeviceMenuList_audio()	16	static
../Core/Src/SileliS_code/menu_radioMenu.cpp:74:6:void radioMenu::createDeviceMenuList_periphery()	16	static
../Core/Src/SileliS_code/menu_radioMenu.cpp:133:6:void radioMenu::setCurrentDeviceMenu_audio()	0	static
../Core/Src/SileliS_code/menu_radioMenu.cpp:137:6:void radioMenu::setCurrentDeviceMenu_periphery()	0	static
../Core/Src/SileliS_code/menu_radioMenu.cpp:141:12:BaseType_t radioMenu::queueRadioMenuKbrdSend(const void*)	0	static
../Core/Src/SileliS_code/menu_radioMenu.cpp:177:13:const char* radioMenu::getCurrentNodeTag()	0	static
../Core/Src/SileliS_code/menu_radioMenu.cpp:255:6:void radioMenu::menuFunction_swithPeripheryDeviceToAudioDevice()	16	static
../Core/Src/SileliS_code/menu_radioMenu.cpp:237:6:void radioMenu::menuFunction_volButShortPressed()	16	static
../Core/Src/SileliS_code/menu_radioMenu.cpp:266:6:void radioMenu::peripheryMenu_onTimeoutActions()	0	static
../Core/Src/SileliS_code/menu_radioMenu.cpp:270:9:uint8_t radioMenu::peripheryMenu_TimeoutCounterIncrement()	16	static
../Core/Src/SileliS_code/menu_radioMenu.cpp:280:6:void radioMenu::peripheryMenu_TimeoutCounterReset()	8	static
../Core/Src/SileliS_code/menu_radioMenu.cpp:146:12:BaseType_t radioMenu::queueRadioMenuKbrdReceive(keyboardUnion*)	16	static
../Core/Src/SileliS_code/menu_radioMenu.cpp:181:6:void radioMenu::menuFunction_equButShortPressed()	16	static
C:\ST\STM32CubeIDE\STM32CubeIDE\plugins\com.st.stm32cube.ide.mcu.externaltools.gnu-tools-for-stm32.12.3.rel1.win32_1.0.100.202403111256\tools\bin/../lib/gcc/arm-none-eabi/12.3.1/../../../../arm-none-eabi/include/c++/12.3.1/bits/std_function.h:435:2:)>::function(_Functor&&) [with _Functor = std::_Bind<void (radioMenu::*(radioMenu*))()>; _Constraints = void; _Res = void; _ArgTypes = {}]	16	static
../Core/Src/SileliS_code/menu_radioMenu.cpp:101:6:void radioMenu::createDeviceMenuList_mainMenu()	72	static
../Core/Src/SileliS_code/menu_radioMenu.cpp:16:1:radioMenu::radioMenu()	16	static,ignoring_inline_asm
../Core/Src/SileliS_code/menu_radioMenu.cpp:286:1:cpp)	0	static
../Core/Src/SileliS_code/menu_radioMenu.cpp:286:1:cpp)	0	static
