C:\ST\STM32CubeIDE\STM32CubeIDE\plugins\com.st.stm32cube.ide.mcu.externaltools.gnu-tools-for-stm32.12.3.rel1.win32_1.0.100.202403111256\tools\bin/../lib/gcc/arm-none-eabi/12.3.1/../../../../arm-none-eabi/include/c++/12.3.1/bits/std_function.h:375:7:)>::function(std::nullptr_t) [with _Res = void; _ArgTypes = {}]	0	static
C:\ST\STM32CubeIDE\STM32CubeIDE\plugins\com.st.stm32cube.ide.mcu.externaltools.gnu-tools-for-stm32.12.3.rel1.win32_1.0.100.202403111256\tools\bin/../lib/gcc/arm-none-eabi/12.3.1/../../../../arm-none-eabi/include/c++/12.3.1/bits/std_function.h:241:5:std::_Function_base::~_Function_base()	8	static
../Core/Src/SileliS_code/menu_bindKeyboardToFunction.cpp:60:9:uint8_t bindKeyboardToFunction::searchButtonSequenceInExecutableButtonsArray(keyboardUnion)	16	static
../Core/Src/SileliS_code/menu_bindKeyboardToFunction.cpp:105:6:bool bindKeyboardToFunction::isButtonSequenceInExecutableButtonsArray(keyboardUnion)	16	static
../Core/Src/SileliS_code/menu_bindKeyboardToFunction.cpp:118:6:void bindKeyboardToFunction::noButtonInArrayMessage(keyboardUnion)	8	static
../Core/Src/SileliS_code/menu_bindKeyboardToFunction.cpp:73:6:bool bindKeyboardToFunction::executeButtonFunction(keyboardUnion)	16	static
C:\ST\STM32CubeIDE\STM32CubeIDE\plugins\com.st.stm32cube.ide.mcu.externaltools.gnu-tools-for-stm32.12.3.rel1.win32_1.0.100.202403111256\tools\bin/../lib/gcc/arm-none-eabi/12.3.1/../../../../arm-none-eabi/include/c++/12.3.1/bits/move.h:196:5:std::_Require<std::__not_<std::__is_tuple_like<_Tp> >, std::is_move_constructible<_Tp>, std::is_move_assignable<_Tp> > std::swap(_Tp&, _Tp&) [with _Tp = _Any_data]	16	static
C:\ST\STM32CubeIDE\STM32CubeIDE\plugins\com.st.stm32cube.ide.mcu.externaltools.gnu-tools-for-stm32.12.3.rel1.win32_1.0.100.202403111256\tools\bin/../lib/gcc/arm-none-eabi/12.3.1/../../../../arm-none-eabi/include/c++/12.3.1/bits/std_function.h:469:7:)>&) [with _Res = void; _ArgTypes = {}]	32	static
../Core/Src/SileliS_code/menu_bindKeyboardToFunction.cpp:123:6:bool bindKeyboardToFunction::appendButtonArrayWithFunctionPointer(keyboardUnion, std::function<void()>)	24	static
../Core/Src/SileliS_code/menu_bindKeyboardToFunction.cpp:91:6:bool bindKeyboardToFunction::appendButtonArrayWithFunctionPointer(uint8_t, std::function<void()>)	16	static
../Core/Inc/SileliS_code/menu_bindKeyboardToFunction.h:17:8:_execute_t& _execute_t::operator=(_execute_t&&)	40	static
../Core/Src/SileliS_code/menu_bindKeyboardToFunction.cpp:20:6:void bindKeyboardToFunction::buildExecutableButtonsArrayEmpty()	32	static
../Core/Src/SileliS_code/menu_bindKeyboardToFunction.cpp:16:1:bindKeyboardToFunction::bindKeyboardToFunction()	8	static
../Core/Src/SileliS_code/menu_bindKeyboardToFunction.cpp:148:1:bindKeyboardToFunction::~bindKeyboardToFunction()	8	static
../Core/Src/SileliS_code/menu_bindKeyboardToFunction.cpp:148:1:virtual bindKeyboardToFunction::~bindKeyboardToFunction()	8	static
../Core/Src/SileliS_code/menu_bindKeyboardToFunction.cpp:151:1:cpp)	8	static
../Core/Src/SileliS_code/menu_bindKeyboardToFunction.cpp:151:1:cpp)	16	static
