../Core/Src/SileliS_code/tasksFunctions.cpp:138:6:void peripheryMenuTimeoutFunction(void*)	8	static
../Core/Src/SileliS_code/tasksFunctions.cpp:241:13:void startUpTask_initTaskFunctions(void*)	24	static,ignoring_inline_asm
../Core/Src/SileliS_code/tasksFunctions.cpp:164:13:void manageRadioButtonsAndMenu(void*)	40	static
../Core/Src/SileliS_code/tasksFunctions.cpp:36:13:void i2cMasterParseReceivedData(void*)	24	static
../Core/Src/SileliS_code/tasksFunctions.cpp:127:13:void esp32I2cIntrrruptRequest(void*)	8	static
../Core/Src/SileliS_code/tasksFunctions.cpp:59:13:void i2cMasterTransmitToSlaveDataTask(void*)	24	static
../Core/Src/SileliS_code/tasksFunctions.cpp:91:13:void i2cMasterReceiveFromSlaveDataTask(void*)	24	static
../Core/Src/SileliS_code/tasksFunctions.cpp:254:13:void printfTask(void*)	24	static
../Core/Src/SileliS_code/tasksFunctions.cpp:265:6:void startUpTask(void*)	24	static
../Core/Src/SileliS_code/tasksFunctions.cpp:276:6:void HAL_GPIO_EXTI_Callback(uint16_t)	0	static
../Core/Src/SileliS_code/tasksFunctions.cpp:283:1:cpp)	0	static
../Core/Src/SileliS_code/tasksFunctions.cpp:283:1:cpp)	0	static
