Archive member included to satisfy reference by file (symbol)

C:/ST/STM32CubeIDE_1.15.1/STM32CubeIDE/plugins/com.st.stm32cube.ide.mcu.externaltools.gnu-tools-for-stm32.12.3.rel1.win32_1.0.100.202403111256/tools/bin/../lib/gcc/arm-none-eabi/12.3.1/../../../../arm-none-eabi/lib/thumb/v7e-m+dp/hard\libstdc++_nano.a(del_ops.o)
                              ./Core/Src/SileliS_code/esp32i2cComunicationDriver.o (operator delete(void*, unsigned int))
C:/ST/STM32CubeIDE_1.15.1/STM32CubeIDE/plugins/com.st.stm32cube.ide.mcu.externaltools.gnu-tools-for-stm32.12.3.rel1.win32_1.0.100.202403111256/tools/bin/../lib/gcc/arm-none-eabi/12.3.1/../../../../arm-none-eabi/lib/thumb/v7e-m+dp/hard\libstdc++_nano.a(del_opv.o)
                              ./Core/Src/SileliS_code/i2c_slave_master_queueClass.o (operator delete[](void*))
C:/ST/STM32CubeIDE_1.15.1/STM32CubeIDE/plugins/com.st.stm32cube.ide.mcu.externaltools.gnu-tools-for-stm32.12.3.rel1.win32_1.0.100.202403111256/tools/bin/../lib/gcc/arm-none-eabi/12.3.1/../../../../arm-none-eabi/lib/thumb/v7e-m+dp/hard\libstdc++_nano.a(new_op.o)
                              ./Core/Src/SileliS_code/i2cEngine.o (operator new(unsigned int))
C:/ST/STM32CubeIDE_1.15.1/STM32CubeIDE/plugins/com.st.stm32cube.ide.mcu.externaltools.gnu-tools-for-stm32.12.3.rel1.win32_1.0.100.202403111256/tools/bin/../lib/gcc/arm-none-eabi/12.3.1/../../../../arm-none-eabi/lib/thumb/v7e-m+dp/hard\libstdc++_nano.a(new_opv.o)
                              ./Core/Src/SileliS_code/menuItem.o (operator new[](unsigned int))
C:/ST/STM32CubeIDE_1.15.1/STM32CubeIDE/plugins/com.st.stm32cube.ide.mcu.externaltools.gnu-tools-for-stm32.12.3.rel1.win32_1.0.100.202403111256/tools/bin/../lib/gcc/arm-none-eabi/12.3.1/../../../../arm-none-eabi/lib/thumb/v7e-m+dp/hard\libstdc++_nano.a(del_op.o)
                              C:/ST/STM32CubeIDE_1.15.1/STM32CubeIDE/plugins/com.st.stm32cube.ide.mcu.externaltools.gnu-tools-for-stm32.12.3.rel1.win32_1.0.100.202403111256/tools/bin/../lib/gcc/arm-none-eabi/12.3.1/../../../../arm-none-eabi/lib/thumb/v7e-m+dp/hard\libstdc++_nano.a(del_ops.o) (operator delete(void*))
C:/ST/STM32CubeIDE_1.15.1/STM32CubeIDE/plugins/com.st.stm32cube.ide.mcu.externaltools.gnu-tools-for-stm32.12.3.rel1.win32_1.0.100.202403111256/tools/bin/../lib/gcc/arm-none-eabi/12.3.1/../../../../arm-none-eabi/lib/thumb/v7e-m+dp/hard\libstdc++_nano.a(new_handler.o)
                              C:/ST/STM32CubeIDE_1.15.1/STM32CubeIDE/plugins/com.st.stm32cube.ide.mcu.externaltools.gnu-tools-for-stm32.12.3.rel1.win32_1.0.100.202403111256/tools/bin/../lib/gcc/arm-none-eabi/12.3.1/../../../../arm-none-eabi/lib/thumb/v7e-m+dp/hard\libstdc++_nano.a(new_op.o) (std::get_new_handler())
C:/ST/STM32CubeIDE_1.15.1/STM32CubeIDE/plugins/com.st.stm32cube.ide.mcu.externaltools.gnu-tools-for-stm32.12.3.rel1.win32_1.0.100.202403111256/tools/bin/../lib/gcc/arm-none-eabi/12.3.1/../../../../arm-none-eabi/lib/thumb/v7e-m+dp/hard\libc_nano.a(libc_a-abort.o)
                              C:/ST/STM32CubeIDE_1.15.1/STM32CubeIDE/plugins/com.st.stm32cube.ide.mcu.externaltools.gnu-tools-for-stm32.12.3.rel1.win32_1.0.100.202403111256/tools/bin/../lib/gcc/arm-none-eabi/12.3.1/../../../../arm-none-eabi/lib/thumb/v7e-m+dp/hard\libstdc++_nano.a(new_op.o) (abort)
C:/ST/STM32CubeIDE_1.15.1/STM32CubeIDE/plugins/com.st.stm32cube.ide.mcu.externaltools.gnu-tools-for-stm32.12.3.rel1.win32_1.0.100.202403111256/tools/bin/../lib/gcc/arm-none-eabi/12.3.1/../../../../arm-none-eabi/lib/thumb/v7e-m+dp/hard\libc_nano.a(libc_a-assert.o)
                              ./Core/Src/SileliS_code/esp32i2cComunicationDriver.o (__assert_func)
C:/ST/STM32CubeIDE_1.15.1/STM32CubeIDE/plugins/com.st.stm32cube.ide.mcu.externaltools.gnu-tools-for-stm32.12.3.rel1.win32_1.0.100.202403111256/tools/bin/../lib/gcc/arm-none-eabi/12.3.1/../../../../arm-none-eabi/lib/thumb/v7e-m+dp/hard\libc_nano.a(libc_a-exit.o)
                              C:/ST/STM32CubeIDE_1.15.1/STM32CubeIDE/plugins/com.st.stm32cube.ide.mcu.externaltools.gnu-tools-for-stm32.12.3.rel1.win32_1.0.100.202403111256/tools/bin/../lib/gcc/arm-none-eabi/12.3.1/../../../../arm-none-eabi/lib/thumb/v7e-m+dp/hard/crt0.o (exit)
C:/ST/STM32CubeIDE_1.15.1/STM32CubeIDE/plugins/com.st.stm32cube.ide.mcu.externaltools.gnu-tools-for-stm32.12.3.rel1.win32_1.0.100.202403111256/tools/bin/../lib/gcc/arm-none-eabi/12.3.1/../../../../arm-none-eabi/lib/thumb/v7e-m+dp/hard\libc_nano.a(libc_a-malloc.o)
                              C:/ST/STM32CubeIDE_1.15.1/STM32CubeIDE/plugins/com.st.stm32cube.ide.mcu.externaltools.gnu-tools-for-stm32.12.3.rel1.win32_1.0.100.202403111256/tools/bin/../lib/gcc/arm-none-eabi/12.3.1/../../../../arm-none-eabi/lib/thumb/v7e-m+dp/hard\libstdc++_nano.a(new_op.o) (malloc)
C:/ST/STM32CubeIDE_1.15.1/STM32CubeIDE/plugins/com.st.stm32cube.ide.mcu.externaltools.gnu-tools-for-stm32.12.3.rel1.win32_1.0.100.202403111256/tools/bin/../lib/gcc/arm-none-eabi/12.3.1/../../../../arm-none-eabi/lib/thumb/v7e-m+dp/hard\libc_nano.a(libc_a-mallocr.o)
[...]
Memory Configuration

Name             Origin             Length             Attributes
ITCMRAM          0x00000000         0x00010000         xrw
FLASH            0x08000000         0x00200000         xr
DTCMRAM1         0x20000000         0x00010000         xrw
DTCMRAM2         0x20010000         0x00010000         xrw
RAM              0x24000000         0x00100000         xrw
RAM_CD           0x30000000         0x00020000         xrw
RAM_SRD          0x38000000         0x00008000         xrw
*default*        0x00000000         0xffffffff

Linker script and memory map

LOAD C:/ST/STM32CubeIDE_1.15.1/STM32CubeIDE/plugins/com.st.stm32cube.ide.mcu.externaltools.gnu-tools-for-stm32.12.3.rel1.win32_1.0.100.202403111256/tools/bin/../lib/gcc/arm-none-eabi/12.3.1/thumb/v7e-m+dp/hard/crti.o
LOAD C:/ST/STM32CubeIDE_1.15.1/STM32CubeIDE/plugins/com.st.stm32cube.ide.mcu.externaltools.gnu-tools-for-stm32.12.3.rel1.win32_1.0.100.202403111256/tools/bin/../lib/gcc/arm-none-eabi/12.3.1/thumb/v7e-m+dp/hard/crtbegin.o
LOAD C:/ST/STM32CubeIDE_1.15.1/STM32CubeIDE/plugins/com.st.stm32cube.ide.mcu.externaltools.gnu-tools-for-stm32.12.3.rel1.win32_1.0.100.202403111256/tools/bin/../lib/gcc/arm-none-eabi/12.3.1/../../../../arm-none-eabi/lib/thumb/v7e-m+dp/hard/crt0.o
LOAD ./Core/Src/SileliS_code/comunication_calculate_checksum.o
LOAD ./Core/Src/SileliS_code/esp32i2cComunicationDriver.o
LOAD ./Core/Src/SileliS_code/i2cEngine.o
LOAD ./Core/Src/SileliS_code/i2c_slave_master_queueClass.o
LOAD ./Core/Src/SileliS_code/menuItem.o
LOAD ./Core/Src/SileliS_code/printfRedirect.o
LOAD ./Core/Src/SileliS_code/tasksFunctions.o
LOAD ./Core/Src/dma.o
LOAD ./Core/Src/freertos.o
LOAD ./Core/Src/gpio.o
LOAD ./Core/Src/i2c.o
LOAD ./Core/Src/main.o
LOAD ./Core/Src/stm32h7xx_hal_msp.o
LOAD ./Core/Src/stm32h7xx_hal_timebase_tim.o
LOAD ./Core/Src/stm32h7xx_it.o
LOAD ./Core/Src/syscalls.o
LOAD ./Core/Src/sysmem.o
LOAD ./Core/Src/system_stm32h7xx.o
LOAD ./Core/Src/usart.o
LOAD ./Core/Startup/startup_stm32h7a3ritx.o
LOAD ./Drivers/STM32H7xx_HAL_Driver/Src/stm32h7xx_hal.o
LOAD ./Drivers/STM32H7xx_HAL_Driver/Src/stm32h7xx_hal_cortex.o
LOAD ./Drivers/STM32H7xx_HAL_Driver/Src/stm32h7xx_hal_dma.o
LOAD ./Drivers/STM32H7xx_HAL_Driver/Src/stm32h7xx_hal_dma_ex.o
LOAD ./Drivers/STM32H7xx_HAL_Driver/Src/stm32h7xx_hal_exti.o
LOAD ./Drivers/STM32H7xx_HAL_Driver/Src/stm32h7xx_hal_flash.o
LOAD ./Drivers/STM32H7xx_HAL_Driver/Src/stm32h7xx_hal_flash_ex.o
LOAD ./Drivers/STM32H7xx_HAL_Driver/Src/stm32h7xx_hal_gpio.o
LOAD ./Drivers/STM32H7xx_HAL_Driver/Src/stm32h7xx_hal_hsem.o
LOAD ./Drivers/STM32H7xx_HAL_Driver/Src/stm32h7xx_hal_i2c.o
LOAD ./Drivers/STM32H7xx_HAL_Driver/Src/stm32h7xx_hal_i2c_ex.o
LOAD ./Drivers/STM32H7xx_HAL_Driver/Src/stm32h7xx_hal_mdma.o
LOAD ./Drivers/STM32H7xx_HAL_Driver/Src/stm32h7xx_hal_pwr.o
LOAD ./Drivers/STM32H7xx_HAL_Driver/Src/stm32h7xx_hal_pwr_ex.o
LOAD ./Drivers/STM32H7xx_HAL_Driver/Src/stm32h7xx_hal_rcc.o
LOAD ./Drivers/STM32H7xx_HAL_Driver/Src/stm32h7xx_hal_rcc_ex.o
LOAD ./Drivers/STM32H7xx_HAL_Driver/Src/stm32h7xx_hal_tim.o
LOAD ./Drivers/STM32H7xx_HAL_Driver/Src/stm32h7xx_hal_tim_ex.o
LOAD ./Drivers/STM32H7xx_HAL_Driver/Src/stm32h7xx_hal_uart.o
LOAD ./Drivers/STM32H7xx_HAL_Driver/Src/stm32h7xx_hal_uart_ex.o
LOAD ./Middlewares/Third_Party/FreeRTOS/Source/CMSIS_RTOS_V2/cmsis_os2.o
LOAD ./Middlewares/Third_Party/FreeRTOS/Source/croutine.o
LOAD ./Middlewares/Third_Party/FreeRTOS/Source/event_groups.o
LOAD ./Middlewares/Third_Party/FreeRTOS/Source/list.o
LOAD ./Middlewares/Third_Party/FreeRTOS/Source/queue.o
LOAD ./Middlewares/Third_Party/FreeRTOS/Source/stream_buffer.o
LOAD ./Middlewares/Third_Party/FreeRTOS/Source/tasks.o
LOAD ./Middlewares/Third_Party/FreeRTOS/Source/timers.o
LOAD ./Middlewares/Third_Party/FreeRTOS/Source/portable/GCC/ARM_CM4F/port.o
LOAD ./Middlewares/Third_Party/FreeRTOS/Source/portable/MemMang/heap_4.o
START GROUP
LOAD C:/ST/STM32CubeIDE_1.15.1/STM32CubeIDE/plugins/com.st.stm32cube.ide.mcu.externaltools.gnu-tools-for-stm32.12.3.rel1.win32_1.0.100.202403111256/tools/bin/../lib/gcc/arm-none-eabi/12.3.1/../../../../arm-none-eabi/lib/thumb/v7e-m+dp/hard\libstdc++_nano.a
LOAD C:/ST/STM32CubeIDE_1.15.1/STM32CubeIDE/plugins/com.st.stm32cube.ide.mcu.externaltools.gnu-tools-for-stm32.12.3.rel1.win32_1.0.100.202403111256/tools/bin/../lib/gcc/arm-none-eabi/12.3.1/../../../../arm-none-eabi/lib/thumb/v7e-m+dp/hard\libsupc++_nano.a
END GROUP
LOAD C:/ST/STM32CubeIDE_1.15.1/STM32CubeIDE/plugins/com.st.stm32cube.ide.mcu.externaltools.gnu-tools-for-stm32.12.3.rel1.win32_1.0.100.202403111256/tools/bin/../lib/gcc/arm-none-eabi/12.3.1/../../../../arm-none-eabi/lib/thumb/v7e-m+dp/hard\libstdc++_nano.a
LOAD C:/ST/STM32CubeIDE_1.15.1/STM32CubeIDE/plugins/com.st.stm32cube.ide.mcu.externaltools.gnu-tools-for-stm32.12.3.rel1.win32_1.0.100.202403111256/tools/bin/../lib/gcc/arm-none-eabi/12.3.1/../../../../arm-none-eabi/lib/thumb/v7e-m+dp/hard\libm.a
LOAD C:/ST/STM32CubeIDE_1.15.1/STM32CubeIDE/plugins/com.st.stm32cube.ide.mcu.externaltools.gnu-tools-for-stm32.12.3.rel1.win32_1.0.100.202403111256/tools/bin/../lib/gcc/arm-none-eabi/12.3.1/../../../../arm-none-eabi/lib/thumb/v7e-m+dp/hard\libc_nano.a
START GROUP
LOAD C:/ST/STM32CubeIDE_1.15.1/STM32CubeIDE/plugins/com.st.stm32cube.ide.mcu.externaltools.gnu-tools-for-stm32.12.3.rel1.win32_1.0.100.202403111256/tools/bin/../lib/gcc/arm-none-eabi/12.3.1/thumb/v7e-m+dp/hard\libgcc.a
LOAD C:/ST/STM32CubeIDE_1.15.1/STM32CubeIDE/plugins/com.st.stm32cube.ide.mcu.externaltools.gnu-tools-for-stm32.12.3.rel1.win32_1.0.100.202403111256/tools/bin/../lib/gcc/arm-none-eabi/12.3.1/../../../../arm-none-eabi/lib/thumb/v7e-m+dp/hard\libc_nano.a
END GROUP
START GROUP
LOAD C:/ST/STM32CubeIDE_1.15.1/STM32CubeIDE/plugins/com.st.stm32cube.ide.mcu.externaltools.gnu-tools-for-stm32.12.3.rel1.win32_1.0.100.202403111256/tools/bin/../lib/gcc/arm-none-eabi/12.3.1/thumb/v7e-m+dp/hard\libgcc.a
LOAD C:/ST/STM32CubeIDE_1.15.1/STM32CubeIDE/plugins/com.st.stm32cube.ide.mcu.externaltools.gnu-tools-for-stm32.12.3.rel1.win32_1.0.100.202403111256/tools/bin/../lib/gcc/arm-none-eabi/12.3.1/../../../../arm-none-eabi/lib/thumb/v7e-m+dp/hard\libc_nano.a
END GROUP
LOAD C:/ST/STM32CubeIDE_1.15.1/STM32CubeIDE/plugins/com.st.stm32cube.ide.mcu.externaltools.gnu-tools-for-stm32.12.3.rel1.win32_1.0.100.202403111256/tools/bin/../lib/gcc/arm-none-eabi/12.3.1/thumb/v7e-m+dp/hard/crtend.o
LOAD C:/ST/STM32CubeIDE_1.15.1/STM32CubeIDE/plugins/com.st.stm32cube.ide.mcu.externaltools.gnu-tools-for-stm32.12.3.rel1.win32_1.0.100.202403111256/tools/bin/../lib/gcc/arm-none-eabi/12.3.1/thumb/v7e-m+dp/hard/crtn.o
                0x24100000                        _estack = (ORIGIN (RAM) + LENGTH (RAM))
                0x00000200                        _Min_Heap_Size = 0x200
                0x00000400                        _Min_Stack_Size = 0x400

.isr_vector     0x08000000      0x2ac
                0x08000000                        . = ALIGN (0x4)
 *(.isr_vector)
 .isr_vector    0x08000000      0x2ac ./Core/Startup/startup_stm32h7a3ritx.o
                0x08000000                g_pfnVectors
                0x080002ac                        . = ALIGN (0x4)

.text           0x080002b0    0x1426c
                0x080002b0                        . = ALIGN (0x4)
 *(.text)
 .text          0x080002b0       0x40 C:/ST/STM32CubeIDE_1.15.1/STM32CubeIDE/plugins/com.st.stm32cube.ide.mcu.externaltools.gnu-tools-for-stm32.12.3.rel1.win32_1.0.100.202403111256/tools/bin/../lib/gcc/arm-none-eabi/12.3.1/thumb/v7e-m+dp/hard/crtbegin.o
 .text          0x080002f0       0xa0 C:/ST/STM32CubeIDE_1.15.1/STM32CubeIDE/plugins/com.st.stm32cube.ide.mcu.externaltools.gnu-tools-for-stm32.12.3.rel1.win32_1.0.100.202403111256/tools/bin/../lib/gcc/arm-none-eabi/12.3.1/../../../../arm-none-eabi/lib/thumb/v7e-m+dp/hard\libc_nano.a(libc_a-memchr.o)
                0x080002f0                memchr
 .text          0x08000390       0x10 C:/ST/STM32CubeIDE_1.15.1/STM32CubeIDE/plugins/com.st.stm32cube.ide.mcu.externaltools.gnu-tools-for-stm32.12.3.rel1.win32_1.0.100.202403111256/tools/bin/../lib/gcc/arm-none-eabi/12.3.1/../../../../arm-none-eabi/lib/thumb/v7e-m+dp/hard\libc_nano.a(libc_a-strlen.o)
                0x08000390                strlen
 .text          0x080003a0      0x378 C:/ST/STM32CubeIDE_1.15.1/STM32CubeIDE/plugins/com.st.stm32cube.ide.mcu.externaltools.gnu-tools-for-stm32.12.3.rel1.win32_1.0.100.202403111256/tools/bin/../lib/gcc/arm-none-eabi/12.3.1/thumb/v7e-m+dp/hard\libgcc.a(_arm_addsubdf3.o)
                0x080003a0                __aeabi_drsub
                0x080003a8                __aeabi_dsub
                0x080003a8                __subdf3
                0x080003ac                __aeabi_dadd
                0x080003ac                __adddf3
                0x08000624                __floatunsidf
                0x08000624                __aeabi_ui2d
                0x08000644                __floatsidf
                0x08000644                __aeabi_i2d
                0x08000668                __aeabi_f2d
                0x08000668                __extendsfdf2
                0x080006ac                __floatundidf
                0x080006ac                __aeabi_ul2d
                0x080006bc                __floatdidf
                0x080006bc                __aeabi_l2d
 .text          0x08000718       0x30 C:/ST/STM32CubeIDE_1.15.1/STM32CubeIDE/plugins/com.st.stm32cube.ide.mcu.externaltools.gnu-tools-for-stm32.12.3.rel1.win32_1.0.100.202403111256/tools/bin/../lib/gcc/arm-none-eabi/12.3.1/thumb/v7e-m+dp/hard\libgcc.a(_aeabi_uldivmod.o)
                0x08000718                __aeabi_uldivmod
 .text          0x08000748       0x30 C:/ST/STM32CubeIDE_1.15.1/STM32CubeIDE/plugins/com.st.stm32cube.ide.mcu.externaltools.gnu-tools-for-stm32.12.3.rel1.win32_1.0.100.202403111256/tools/bin/../lib/gcc/arm-none-eabi/12.3.1/thumb/v7e-m+dp/hard\libgcc.a(_fixdfdi.o)
                0x08000748                __fixdfdi
                0x08000748                __aeabi_d2lz
 .text          0x08000778       0x40 C:/ST/STM32CubeIDE_1.15.1/STM32CubeIDE/plugins/com.st.stm32cube.ide.mcu.externaltools.gnu-tools-for-stm32.12.3.rel1.win32_1.0.100.202403111256/tools/bin/../lib/gcc/arm-none-eabi/12.3.1/thumb/v7e-m+dp/hard\libgcc.a(_fixunsdfdi.o)
                0x08000778                __fixunsdfdi
                0x08000778                __aeabi_d2ulz
 .text          0x080007b8      0x2bc C:/ST/STM32CubeIDE_1.15.1/STM32CubeIDE/plugins/com.st.stm32cube.ide.mcu.externaltools.gnu-tools-for-stm32.12.3.rel1.win32_1.0.100.202403111256/tools/bin/../lib/gcc/arm-none-eabi/12.3.1/thumb/v7e-m+dp/hard\libgcc.a(_udivmoddi4.o)
                0x080007b8                __udivmoddi4
 .text          0x08000a74        0x4 C:/ST/STM32CubeIDE_1.15.1/STM32CubeIDE/plugins/com.st.stm32cube.ide.mcu.externaltools.gnu-tools-for-stm32.12.3.rel1.win32_1.0.100.202403111256/tools/bin/../lib/gcc/arm-none-eabi/12.3.1/thumb/v7e-m+dp/hard\libgcc.a(_dvmd_tls.o)
                0x08000a74                __aeabi_idiv0
                0x08000a74                __aeabi_ldiv0
 *(.text*)
 .text._Z18calculate_checksumPKvj
                0x08000a78       0x46 ./Core/Src/SileliS_code/comunication_calculate_checksum.o
                0x08000a78                calculate_checksum(void const*, unsigned int)
 *fill*         0x08000abe        0x2 
 .text._ZN27esp32_i2cComunicationDriverC2EP9i2cMaster
                0x08000ac0       0x90 ./Core/Src/SileliS_code/esp32i2cComunicationDriver.o
                0x08000ac0                esp32_i2cComunicationDriver::esp32_i2cComunicationDriver(i2cMaster*)
                0x08000ac0                esp32_i2cComunicationDriver::esp32_i2cComunicationDriver(i2cMaster*)
 .text._ZN27esp32_i2cComunicationDriver16isCrcSumCorreectE22i2cFrame_transmitQueueh
                0x08000b50       0x60 ./Core/Src/SileliS_code/esp32i2cComunicationDriver.o
                0x08000b50                esp32_i2cComunicationDriver::isCrcSumCorreect(i2cFrame_transmitQueue, unsigned char)
 .text._ZN27esp32_i2cComunicationDriver4pingEv
                0x08000bb0       0x3c ./Core/Src/SileliS_code/esp32i2cComunicationDriver.o
                0x08000bb0                esp32_i2cComunicationDriver::ping()
 .text._ZN27esp32_i2cComunicationDriver42incrementInterruptRequestCountingSemaphoreEv
                0x08000bec       0x40 ./Core/Src/SileliS_code/esp32i2cComunicationDriver.o
                0x08000bec                esp32_i2cComunicationDriver::incrementInterruptRequestCountingSemaphore()
 .text._ZN27esp32_i2cComunicationDriverD2Ev
                0x08000c2c       0x20 ./Core/Src/SileliS_code/esp32i2cComunicationDriver.o
                0x08000c2c                esp32_i2cComunicationDriver::~esp32_i2cComunicationDriver()
                0x08000c2c                esp32_i2cComunicationDriver::~esp32_i2cComunicationDriver()
 .text._ZN27esp32_i2cComunicationDriverD0Ev
                0x08000c4c       0x20 ./Core/Src/SileliS_code/esp32i2cComunicationDriver.o
                0x08000c4c                esp32_i2cComunicationDriver::~esp32_i2cComunicationDriver()
 .text._ZN27esp32_i2cComunicationDriver29isCountingSemaphoreOverflowedEv
                0x08000c6c       0x40 ./Core/Src/SileliS_code/esp32i2cComunicationDriver.o
                0x08000c6c                esp32_i2cComunicationDriver::isCountingSemaphoreOverflowed()
 .text._ZN27esp32_i2cComunicationDriver32semaphoreTake__CountingSemaphoreEv
                0x08000cac       0x2a ./Core/Src/SileliS_code/esp32i2cComunicationDriver.o
                0x08000cac                esp32_i2cComunicationDriver::semaphoreTake__CountingSemaphore()
 .text._ZN27esp32_i2cComunicationDriver26masterReceiveFromESP32_DMAEPht
                0x08000cd6       0x2a ./Core/Src/SileliS_code/esp32i2cComunicationDriver.o
                0x08000cd6                esp32_i2cComunicationDriver::masterReceiveFromESP32_DMA(unsigned char*, unsigned short)
 .text._ZN27esp32_i2cComunicationDriver22i2cMasterSemaphoreTakeEv
                0x08000d00       0x1c ./Core/Src/SileliS_code/esp32i2cComunicationDriver.o
                0x08000d00                esp32_i2cComunicationDriver::i2cMasterSemaphoreTake()
 .text._ZN27esp32_i2cComunicationDriver22i2cMasterSemaphoreGiveEv
                0x08000d1c       0x1c ./Core/Src/SileliS_code/esp32i2cComunicationDriver.o
                0x08000d1c                esp32_i2cComunicationDriver::i2cMasterSemaphoreGive()
 .text._ZN27esp32_i2cComunicationDriver21while_I2C_STATE_READYEv
                0x08000d38       0x1a ./Core/Src/SileliS_code/esp32i2cComunicationDriver.o
                0x08000d38                esp32_i2cComunicationDriver::while_I2C_STATE_READY()
 *fill*         0x08000d52        0x2 
 .text._ZN27esp32_i2cComunicationDriver33seteDynamicmMemeoryAlocationErrorEv
                0x08000d54       0x20 ./Core/Src/SileliS_code/esp32i2cComunicationDriver.o
                0x08000d54                esp32_i2cComunicationDriver::seteDynamicmMemeoryAlocationError()
 .text._ZN27esp32_i2cComunicationDriver17parseReceivedDataE22i2cFrame_transmitQueue
                0x08000d74       0x80 ./Core/Src/SileliS_code/esp32i2cComunicationDriver.o
                0x08000d74                esp32_i2cComunicationDriver::parseReceivedData(i2cFrame_transmitQueue)
 .text._ZN14parserFunction8keyboardEP22i2cFrame_keyboardFrame
                0x08000df4       0x1c ./Core/Src/SileliS_code/esp32i2cComunicationDriver.o
                0x08000df4                parserFunction::keyboard(i2cFrame_keyboardFrame*)
 .text._ZN9i2cMasterC2EP19__I2C_HandleTypeDef
                0x08000e10       0xd4 ./Core/Src/SileliS_code/i2cEngine.o
                0x08000e10                i2cMaster::i2cMaster(__I2C_HandleTypeDef*)
                0x08000e10                i2cMaster::i2cMaster(__I2C_HandleTypeDef*)
 .text._ZN9i2cMaster22i2cMasterSemaphoreTakeEv
                0x08000ee4       0x20 ./Core/Src/SileliS_code/i2cEngine.o
                0x08000ee4                i2cMaster::i2cMasterSemaphoreTake()
 .text._ZN9i2cMaster22i2cMasterSemaphoreGiveEv
                0x08000f04       0x20 ./Core/Src/SileliS_code/i2cEngine.o
                0x08000f04                i2cMaster::i2cMasterSemaphoreGive()
 .text._ZN9i2cMaster4pingEt
                0x08000f24       0x74 ./Core/Src/SileliS_code/i2cEngine.o
                0x08000f24                i2cMaster::ping(unsigned short)
 .text._ZN9i2cMasterD2Ev
                0x08000f98       0x54 ./Core/Src/SileliS_code/i2cEngine.o
                0x08000f98                i2cMaster::~i2cMaster()
                0x08000f98                i2cMaster::~i2cMaster()
 .text._ZN9i2cMasterD0Ev
                0x08000fec       0x20 ./Core/Src/SileliS_code/i2cEngine.o
                0x08000fec                i2cMaster::~i2cMaster()
 .text._ZN9i2cMaster21while_I2C_STATE_READYEv
                0x0800100c       0x2e ./Core/Src/SileliS_code/i2cEngine.o
                0x0800100c                i2cMaster::while_I2C_STATE_READY()
 .text._ZN9i2cMaster22I2C_Master_Receive_DMAEtPht
                0x0800103a       0x36 ./Core/Src/SileliS_code/i2cEngine.o
                0x0800103a                i2cMaster::I2C_Master_Receive_DMA(unsigned short, unsigned char*, unsigned short)
 .text._ZN20i2cQueue4DynamicDataC2Em
                0x08001070       0x54 ./Core/Src/SileliS_code/i2c_slave_master_queueClass.o
                0x08001070                i2cQueue4DynamicData::i2cQueue4DynamicData(unsigned long)
                0x08001070                i2cQueue4DynamicData::i2cQueue4DynamicData(unsigned long)
 .text._ZN20i2cQueue4DynamicDataD2Ev
                0x080010c4       0x46 ./Core/Src/SileliS_code/i2c_slave_master_queueClass.o
                0x080010c4                i2cQueue4DynamicData::~i2cQueue4DynamicData()
                0x080010c4                i2cQueue4DynamicData::~i2cQueue4DynamicData()
 .text._ZN20i2cQueue4DynamicData26QueueDeleteDataFromPointerE22i2cFrame_transmitQueue
                0x0800110a       0x24 ./Core/Src/SileliS_code/i2c_slave_master_queueClass.o
                0x0800110a                i2cQueue4DynamicData::QueueDeleteDataFromPointer(i2cFrame_transmitQueue)
 .text._ZN20i2cQueue4DynamicData12QueueReceiveEP22i2cFrame_transmitQueuem
                0x0800112e       0x24 ./Core/Src/SileliS_code/i2c_slave_master_queueClass.o
                0x0800112e                i2cQueue4DynamicData::QueueReceive(i2cFrame_transmitQueue*, unsigned long)
 .text._ZN20i2cQueue4DynamicData9QueueSendEP22i2cFrame_transmitQueue
                0x08001152       0x42 ./Core/Src/SileliS_code/i2c_slave_master_queueClass.o
                0x08001152                i2cQueue4DynamicData::QueueSend(i2cFrame_transmitQueue*)
 .text._ZN8menuItemC2EPKch
                0x08001194       0x50 ./Core/Src/SileliS_code/menuItem.o
                0x08001194                menuItem::menuItem(char const*, unsigned char)
                0x08001194                menuItem::menuItem(char const*, unsigned char)
 .text._ZN8menuItem30delete_pExecutableButtonsArrayEv
                0x080011e4       0x2a ./Core/Src/SileliS_code/menuItem.o
                0x080011e4                menuItem::delete_pExecutableButtonsArray()
 *fill*         0x0800120e        0x2 
 .text._ZN8menuItem30create_pExecutableButtonsArrayEh
                0x08001210       0x7c ./Core/Src/SileliS_code/menuItem.o
                0x08001210                menuItem::create_pExecutableButtonsArray(unsigned char)
 .text._ZN8menuItem21appendFunctionPointerEPPFvvES1_
                0x0800128c       0x1e ./Core/Src/SileliS_code/menuItem.o
                0x0800128c                menuItem::appendFunctionPointer(void (**)(), void (*)())
 *fill*         0x080012aa        0x2 
 .text._ZN8menuItem22executeFunctionPointerEPFvvE
                0x080012ac       0x30 ./Core/Src/SileliS_code/menuItem.o
                0x080012ac                menuItem::executeFunctionPointer(void (*)())
 .text._ZN8menuItemD2Ev
                0x080012dc       0x18 ./Core/Src/SileliS_code/menuItem.o
                0x080012dc                menuItem::~menuItem()
                0x080012dc                menuItem::~menuItem()
 .text._ZN8menuItem35searchExecFunctionForButtonSequenceE13keyboardUnion
                0x080012f4       0x58 ./Core/Src/SileliS_code/menuItem.o
                0x080012f4                menuItem::searchExecFunctionForButtonSequence(keyboardUnion)
 .text._ZN8menuItem30isExecFunctionInButtonSequenceE13keyboardUnion
                0x0800134c       0x36 ./Core/Src/SileliS_code/menuItem.o
                0x0800134c                menuItem::isExecFunctionInButtonSequence(keyboardUnion)
 *fill*         0x08001382        0x2 
 .text._ZN8menuItem24executeExecutableButtonsE13keyboardUnion
                0x08001384       0x58 ./Core/Src/SileliS_code/menuItem.o
                0x08001384                menuItem::executeExecutableButtons(keyboardUnion)
 .text._ZN8menuItem22appendExecFunctionArryE13keyboardUnionPFvvE
                0x080013dc       0xa4 ./Core/Src/SileliS_code/menuItem.o
                0x080013dc                menuItem::appendExecFunctionArry(keyboardUnion, void (*)())
 .text.__io_putchar
                0x08001480       0x24 ./Core/Src/SileliS_code/printfRedirect.o
                0x08001480                __io_putchar
 .text._ZL35i2cMaster_pReceiveQueueObjectParserPv
                0x080014a4       0x90 ./Core/Src/SileliS_code/tasksFunctions.o
 .text._ZL29esp32IntrrruptRequestCallbackPv
                0x08001534       0xb8 ./Core/Src/SileliS_code/tasksFunctions.o
 .text._Z13testowyAppendv
                0x080015ec       0x3c ./Core/Src/SileliS_code/tasksFunctions.o
                0x080015ec                testowyAppend()
 .text._Z14testowyAppend1v
                0x08001628       0x40 ./Core/Src/SileliS_code/tasksFunctions.o
                0x08001628                testowyAppend1()
 .text._Z17initTaskFunctionsv
                0x08001668      0x240 ./Core/Src/SileliS_code/tasksFunctions.o
                0x08001668                initTaskFunctions()
 .text.HAL_GPIO_EXTI_Callback
                0x080018a8       0x20 ./Core/Src/SileliS_code/tasksFunctions.o
                0x080018a8                HAL_GPIO_EXTI_Callback
 .text.MX_DMA_Init
                0x080018c8       0x50 ./Core/Src/dma.o
                0x080018c8                MX_DMA_Init
 .text.PreSleepProcessing
                0x08001918       0x14 ./Core/Src/freertos.o
                0x08001918                PreSleepProcessing
 .text.PostSleepProcessing
                0x0800192c       0x14 ./Core/Src/freertos.o
                0x0800192c                PostSleepProcessing
 .text.MX_FREERTOS_Init
                0x08001940       0x24 ./Core/Src/freertos.o
                0x08001940                MX_FREERTOS_Init
 .text.StartDefaultTask
                0x08001964       0x10 ./Core/Src/freertos.o
                0x08001964                StartDefaultTask
 .text.MX_GPIO_Init
                0x08001974       0x8c ./Core/Src/gpio.o
                0x08001974                MX_GPIO_Init
 .text.MX_I2C1_Init
                0x08001a00       0x80 ./Core/Src/i2c.o
                0x08001a00                MX_I2C1_Init
 .text.HAL_I2C_MspInit
                0x08001a80      0x1b8 ./Core/Src/i2c.o
                0x08001a80                HAL_I2C_MspInit
 .text.HAL_I2C_MspDeInit
                0x08001c38       0x6c ./Core/Src/i2c.o
                0x08001c38                HAL_I2C_MspDeInit
 .text.main     0x08001ca4       0x30 ./Core/Src/main.o
                0x08001ca4                main
 .text.SystemClock_Config
                0x08001cd4      0x108 ./Core/Src/main.o
                0x08001cd4                SystemClock_Config
 .text.HAL_TIM_PeriodElapsedCallback
                0x08001ddc       0x24 ./Core/Src/main.o
                0x08001ddc                HAL_TIM_PeriodElapsedCallback
 .text.Error_Handler
                0x08001e00        0xc ./Core/Src/main.o
                0x08001e00                Error_Handler
 .text.HAL_MspInit
                0x08001e0c       0x3c ./Core/Src/stm32h7xx_hal_msp.o
                0x08001e0c                HAL_MspInit
 .text.HAL_InitTick
                0x08001e48       0xc4 ./Core/Src/stm32h7xx_hal_timebase_tim.o
                0x08001e48                HAL_InitTick
 .text.NMI_Handler
                0x08001f0c        0x8 ./Core/Src/stm32h7xx_it.o
                0x08001f0c                NMI_Handler
 .text.HardFault_Handler
                0x08001f14        0x8 ./Core/Src/stm32h7xx_it.o
                0x08001f14                HardFault_Handler
 .text.MemManage_Handler
                0x08001f1c        0x8 ./Core/Src/stm32h7xx_it.o
                0x08001f1c                MemManage_Handler
 .text.BusFault_Handler
                0x08001f24        0x8 ./Core/Src/stm32h7xx_it.o
                0x08001f24                BusFault_Handler
 .text.UsageFault_Handler
                0x08001f2c        0x8 ./Core/Src/stm32h7xx_it.o
                0x08001f2c                UsageFault_Handler
 .text.DebugMon_Handler
                0x08001f34        0xe ./Core/Src/stm32h7xx_it.o
                0x08001f34                DebugMon_Handler
 *fill*         0x08001f42        0x2 
 .text.DMA1_Stream0_IRQHandler
                0x08001f44       0x14 ./Core/Src/stm32h7xx_it.o
                0x08001f44                DMA1_Stream0_IRQHandler
 .text.DMA1_Stream1_IRQHandler
                0x08001f58       0x14 ./Core/Src/stm32h7xx_it.o
                0x08001f58                DMA1_Stream1_IRQHandler
 .text.EXTI9_5_IRQHandler
                0x08001f6c        0xe ./Core/Src/stm32h7xx_it.o
                0x08001f6c                EXTI9_5_IRQHandler
 *fill*         0x08001f7a        0x2 
 .text.TIM1_UP_IRQHandler
                0x08001f7c       0x14 ./Core/Src/stm32h7xx_it.o
                0x08001f7c                TIM1_UP_IRQHandler
 .text.I2C1_EV_IRQHandler
                0x08001f90       0x14 ./Core/Src/stm32h7xx_it.o
                0x08001f90                I2C1_EV_IRQHandler
 .text.I2C1_ER_IRQHandler
                0x08001fa4       0x14 ./Core/Src/stm32h7xx_it.o
                0x08001fa4                I2C1_ER_IRQHandler
 .text._getpid  0x08001fb8       0x10 ./Core/Src/syscalls.o
                0x08001fb8                _getpid
 .text._kill    0x08001fc8       0x20 ./Core/Src/syscalls.o
                0x08001fc8                _kill
 .text._exit    0x08001fe8       0x16 ./Core/Src/syscalls.o
                0x08001fe8                _exit
 .text._read    0x08001ffe       0x3a ./Core/Src/syscalls.o
                0x08001ffe                _read
 .text._write   0x08002038       0x38 ./Core/Src/syscalls.o
                0x08002038                _write
 .text._close   0x08002070       0x18 ./Core/Src/syscalls.o
                0x08002070                _close
 .text._fstat   0x08002088       0x20 ./Core/Src/syscalls.o
                0x08002088                _fstat
 .text._isatty  0x080020a8       0x16 ./Core/Src/syscalls.o
                0x080020a8                _isatty
 .text._lseek   0x080020be       0x1a ./Core/Src/syscalls.o
                0x080020be                _lseek
 .text._sbrk    0x080020d8       0x6c ./Core/Src/sysmem.o
                0x080020d8                _sbrk
 .text.SystemInit
                0x08002144       0xf0 ./Core/Src/system_stm32h7xx.o
                0x08002144                SystemInit
 .text.MX_USART1_UART_Init
                0x08002234       0x98 ./Core/Src/usart.o
                0x08002234                MX_USART1_UART_Init
 .text.HAL_UART_MspInit
                0x080022cc       0xd4 ./Core/Src/usart.o
                0x080022cc                HAL_UART_MspInit
 .text.Reset_Handler
                0x080023a0       0x50 ./Core/Startup/startup_stm32h7a3ritx.o
                0x080023a0                Reset_Handler
 .text.Default_Handler
                0x080023f0        0x2 ./Core/Startup/startup_stm32h7a3ritx.o
                0x080023f0                RTC_Alarm_IRQHandler
                0x080023f0                EXTI2_IRQHandler
                0x080023f0                TIM8_CC_IRQHandler
                0x080023f0                UART8_IRQHandler
                0x080023f0                BDMA2_Channel1_IRQHandler
                0x080023f0                SPI4_IRQHandler
                0x080023f0                BDMA2_Channel0_IRQHandler
                0x080023f0                TIM1_CC_IRQHandler
                0x080023f0                DMA2_Stream5_IRQHandler
                0x080023f0                JPEG_IRQHandler
                0x080023f0                DMA1_Stream5_IRQHandler
                0x080023f0                EXTI3_IRQHandler
                0x080023f0                LPTIM4_IRQHandler
                0x080023f0                TIM8_TRG_COM_TIM14_IRQHandler
                0x080023f0                LPTIM2_IRQHandler
                0x080023f0                DFSDM1_FLT1_IRQHandler
                0x080023f0                DMAMUX2_OVR_IRQHandler
                0x080023f0                GFXMMU_IRQHandler
                0x080023f0                TIM8_UP_TIM13_IRQHandler
                0x080023f0                I2C3_ER_IRQHandler
                0x080023f0                DFSDM1_FLT2_IRQHandler
                0x080023f0                USART10_IRQHandler
                0x080023f0                MDMA_IRQHandler
                0x080023f0                LPTIM3_IRQHandler
                0x080023f0                BDMA2_Channel3_IRQHandler
                0x080023f0                HSEM1_IRQHandler
                0x080023f0                EXTI0_IRQHandler
                0x080023f0                I2C2_EV_IRQHandler
                0x080023f0                DAC2_IRQHandler
                0x080023f0                DMA1_Stream2_IRQHandler
                0x080023f0                FPU_IRQHandler
                0x080023f0                OTG_HS_WKUP_IRQHandler
                0x080023f0                FDCAN1_IT1_IRQHandler
                0x080023f0                LTDC_ER_IRQHandler
                0x080023f0                DMA2_Stream2_IRQHandler
                0x080023f0                SPI1_IRQHandler
                0x080023f0                OCTOSPI1_IRQHandler
                0x080023f0                TIM6_DAC_IRQHandler
                0x080023f0                BDMA2_Channel6_IRQHandler
                0x080023f0                DMA2_Stream3_IRQHandler
                0x080023f0                OCTOSPI2_IRQHandler
                0x080023f0                SAI2_IRQHandler
                0x080023f0                BDMA1_IRQHandler
                0x080023f0                DFSDM1_FLT3_IRQHandler
                0x080023f0                USART6_IRQHandler
                0x080023f0                TIM17_IRQHandler
                0x080023f0                USART3_IRQHandler
                0x080023f0                LPTIM5_IRQHandler
                0x080023f0                UART5_IRQHandler
                0x080023f0                DMA2_Stream0_IRQHandler
                0x080023f0                TIM4_IRQHandler
                0x080023f0                DMA1_Stream6_IRQHandler
                0x080023f0                DMAMUX1_OVR_IRQHandler
                0x080023f0                TIM16_IRQHandler
                0x080023f0                UART4_IRQHandler
                0x080023f0                TIM3_IRQHandler
                0x080023f0                RCC_IRQHandler
                0x080023f0                UART9_IRQHandler
                0x080023f0                TIM8_BRK_TIM12_IRQHandler
                0x080023f0                TIM1_TRG_COM_IRQHandler
                0x080023f0                Default_Handler
                0x080023f0                ECC_IRQHandler
                0x080023f0                BDMA2_Channel2_IRQHandler
                0x080023f0                CEC_IRQHandler
                0x080023f0                EXTI15_10_IRQHandler
                0x080023f0                DFSDM1_FLT4_IRQHandler
                0x080023f0                ADC_IRQHandler
                0x080023f0                DMA1_Stream7_IRQHandler
                0x080023f0                SPI5_IRQHandler
                0x080023f0                TIM7_IRQHandler
                0x080023f0                SDMMC1_IRQHandler
                0x080023f0                TIM5_IRQHandler
                0x080023f0                DMA2_Stream7_IRQHandler
                0x080023f0                TIM15_IRQHandler
                0x080023f0                I2C3_EV_IRQHandler
                0x080023f0                DFSDM2_IRQHandler
                0x080023f0                RTC_WKUP_IRQHandler
                0x080023f0                LTDC_IRQHandler
                0x080023f0                SPDIF_RX_IRQHandler
                0x080023f0                PVD_PVM_IRQHandler
                0x080023f0                SPI2_IRQHandler
                0x080023f0                OTG_HS_EP1_IN_IRQHandler
                0x080023f0                DFSDM1_FLT5_IRQHandler
                0x080023f0                CRS_IRQHandler
                0x080023f0                EXTI4_IRQHandler
                0x080023f0                DFSDM1_FLT6_IRQHandler
                0x080023f0                RNG_IRQHandler
                0x080023f0                FDCAN2_IT1_IRQHandler
                0x080023f0                COMP_IRQHandler
                0x080023f0                OTG_HS_EP1_OUT_IRQHandler
                0x080023f0                WWDG_IRQHandler
                0x080023f0                SPI6_IRQHandler
                0x080023f0                MDIOS_IRQHandler
                0x080023f0                I2C4_EV_IRQHandler
                0x080023f0                FDCAN2_IT0_IRQHandler
                0x080023f0                LPUART1_IRQHandler
                0x080023f0                FDCAN1_IT0_IRQHandler
                0x080023f0                TIM2_IRQHandler
                0x080023f0                BDMA2_Channel5_IRQHandler
                0x080023f0                OTG_HS_IRQHandler
                0x080023f0                DMA2D_IRQHandler
                0x080023f0                TIM1_BRK_IRQHandler
                0x080023f0                EXTI1_IRQHandler
                0x080023f0                SDMMC2_IRQHandler
                0x080023f0                DTS_IRQHandler
                0x080023f0                UART7_IRQHandler
                0x080023f0                MDIOS_WKUP_IRQHandler
                0x080023f0                USART2_IRQHandler
                0x080023f0                DFSDM1_FLT0_IRQHandler
                0x080023f0                I2C2_ER_IRQHandler
                0x080023f0                DMA2_Stream1_IRQHandler
                0x080023f0                DFSDM1_FLT7_IRQHandler
                0x080023f0                FLASH_IRQHandler
                0x080023f0                DMA2_Stream4_IRQHandler
                0x080023f0                USART1_IRQHandler
                0x080023f0                SPI3_IRQHandler
                0x080023f0                WAKEUP_PIN_IRQHandler
                0x080023f0                DMA1_Stream4_IRQHandler
                0x080023f0                FMC_IRQHandler
                0x080023f0                BDMA2_Channel7_IRQHandler
                0x080023f0                FDCAN_CAL_IRQHandler
                0x080023f0                SWPMI1_IRQHandler
                0x080023f0                LPTIM1_IRQHandler
                0x080023f0                DCMI_PSSI_IRQHandler
                0x080023f0                I2C4_ER_IRQHandler
                0x080023f0                DMA2_Stream6_IRQHandler
                0x080023f0                SAI1_IRQHandler
                0x080023f0                DMA1_Stream3_IRQHandler
                0x080023f0                RTC_TAMP_STAMP_CSS_LSE_IRQHandler
                0x080023f0                BDMA2_Channel4_IRQHandler
 *fill*         0x080023f2        0x2 
 .text.HAL_Init
                0x080023f4       0x78 ./Drivers/STM32H7xx_HAL_Driver/Src/stm32h7xx_hal.o
                0x080023f4                HAL_Init
 .text.HAL_IncTick
                0x0800246c       0x28 ./Drivers/STM32H7xx_HAL_Driver/Src/stm32h7xx_hal.o
                0x0800246c                HAL_IncTick
 .text.HAL_GetTick
                0x08002494       0x18 ./Drivers/STM32H7xx_HAL_Driver/Src/stm32h7xx_hal.o
                0x08002494                HAL_GetTick
 .text.__NVIC_SetPriorityGrouping
                0x080024ac       0x48 ./Drivers/STM32H7xx_HAL_Driver/Src/stm32h7xx_hal_cortex.o
 .text.__NVIC_GetPriorityGrouping
                0x080024f4       0x1c ./Drivers/STM32H7xx_HAL_Driver/Src/stm32h7xx_hal_cortex.o
 .text.__NVIC_EnableIRQ
                0x08002510       0x3c ./Drivers/STM32H7xx_HAL_Driver/Src/stm32h7xx_hal_cortex.o
 .text.__NVIC_DisableIRQ
                0x0800254c       0x48 ./Drivers/STM32H7xx_HAL_Driver/Src/stm32h7xx_hal_cortex.o
 .text.__NVIC_SetPriority
                0x08002594       0x54 ./Drivers/STM32H7xx_HAL_Driver/Src/stm32h7xx_hal_cortex.o
 .text.NVIC_EncodePriority
                0x080025e8       0x66 ./Drivers/STM32H7xx_HAL_Driver/Src/stm32h7xx_hal_cortex.o
 .text.HAL_NVIC_SetPriorityGrouping
                0x0800264e       0x16 ./Drivers/STM32H7xx_HAL_Driver/Src/stm32h7xx_hal_cortex.o
                0x0800264e                HAL_NVIC_SetPriorityGrouping
 .text.HAL_NVIC_SetPriority
                0x08002664       0x34 ./Drivers/STM32H7xx_HAL_Driver/Src/stm32h7xx_hal_cortex.o
                0x08002664                HAL_NVIC_SetPriority
 .text.HAL_NVIC_EnableIRQ
                0x08002698       0x1c ./Drivers/STM32H7xx_HAL_Driver/Src/stm32h7xx_hal_cortex.o
                0x08002698                HAL_NVIC_EnableIRQ
 .text.HAL_NVIC_DisableIRQ
                0x080026b4       0x1c ./Drivers/STM32H7xx_HAL_Driver/Src/stm32h7xx_hal_cortex.o
                0x080026b4                HAL_NVIC_DisableIRQ
 .text.HAL_DMA_Init
                0x080026d0      0x71c ./Drivers/STM32H7xx_HAL_Driver/Src/stm32h7xx_hal_dma.o
                0x080026d0                HAL_DMA_Init
 .text.HAL_DMA_DeInit
                0x08002dec      0x518 ./Drivers/STM32H7xx_HAL_Driver/Src/stm32h7xx_hal_dma.o
                0x08002dec                HAL_DMA_DeInit
 .text.HAL_DMA_Start_IT
                0x08003304      0x4d4 ./Drivers/STM32H7xx_HAL_Driver/Src/stm32h7xx_hal_dma.o
                0x08003304                HAL_DMA_Start_IT
 .text.HAL_DMA_Abort_IT
                0x080037d8      0x48c ./Drivers/STM32H7xx_HAL_Driver/Src/stm32h7xx_hal_dma.o
                0x080037d8                HAL_DMA_Abort_IT
 .text.HAL_DMA_IRQHandler
                0x08003c64      0xec4 ./Drivers/STM32H7xx_HAL_Driver/Src/stm32h7xx_hal_dma.o
                0x08003c64                HAL_DMA_IRQHandler
 .text.HAL_DMA_GetState
                0x08004b28       0x1c ./Drivers/STM32H7xx_HAL_Driver/Src/stm32h7xx_hal_dma.o
                0x08004b28                HAL_DMA_GetState
 .text.HAL_DMA_GetError
                0x08004b44       0x18 ./Drivers/STM32H7xx_HAL_Driver/Src/stm32h7xx_hal_dma.o
                0x08004b44                HAL_DMA_GetError
 .text.DMA_SetConfig
                0x08004b5c      0x3c8 ./Drivers/STM32H7xx_HAL_Driver/Src/stm32h7xx_hal_dma.o
 .text.DMA_CalcBaseAndBitshift
                0x08004f24      0x164 ./Drivers/STM32H7xx_HAL_Driver/Src/stm32h7xx_hal_dma.o
 .text.DMA_CheckFifoParam
                0x08005088       0xf8 ./Drivers/STM32H7xx_HAL_Driver/Src/stm32h7xx_hal_dma.o
 .text.DMA_CalcDMAMUXChannelBaseAndMask
                0x08005180      0x134 ./Drivers/STM32H7xx_HAL_Driver/Src/stm32h7xx_hal_dma.o
 .text.DMA_CalcDMAMUXRequestGenBaseAndMask
                0x080052b4       0xe8 ./Drivers/STM32H7xx_HAL_Driver/Src/stm32h7xx_hal_dma.o
 .text.HAL_GPIO_Init
                0x0800539c      0x360 ./Drivers/STM32H7xx_HAL_Driver/Src/stm32h7xx_hal_gpio.o
                0x0800539c                HAL_GPIO_Init
 .text.HAL_GPIO_DeInit
                0x080056fc      0x214 ./Drivers/STM32H7xx_HAL_Driver/Src/stm32h7xx_hal_gpio.o
                0x080056fc                HAL_GPIO_DeInit
 .text.HAL_GPIO_EXTI_IRQHandler
                0x08005910       0x34 ./Drivers/STM32H7xx_HAL_Driver/Src/stm32h7xx_hal_gpio.o
                0x08005910                HAL_GPIO_EXTI_IRQHandler
 .text.HAL_I2C_Init
                0x08005944      0x138 ./Drivers/STM32H7xx_HAL_Driver/Src/stm32h7xx_hal_i2c.o
                0x08005944                HAL_I2C_Init
 .text.HAL_I2C_DeInit
                0x08005a7c       0x5e ./Drivers/STM32H7xx_HAL_Driver/Src/stm32h7xx_hal_i2c.o
                0x08005a7c                HAL_I2C_DeInit
 *fill*         0x08005ada        0x2 
 .text.HAL_I2C_Master_Receive_DMA
                0x08005adc      0x1e0 ./Drivers/STM32H7xx_HAL_Driver/Src/stm32h7xx_hal_i2c.o
                0x08005adc                HAL_I2C_Master_Receive_DMA
 .text.HAL_I2C_IsDeviceReady
                0x08005cbc      0x1d8 ./Drivers/STM32H7xx_HAL_Driver/Src/stm32h7xx_hal_i2c.o
                0x08005cbc                HAL_I2C_IsDeviceReady
 .text.HAL_I2C_EV_IRQHandler
                0x08005e94       0x34 ./Drivers/STM32H7xx_HAL_Driver/Src/stm32h7xx_hal_i2c.o
                0x08005e94                HAL_I2C_EV_IRQHandler
 .text.HAL_I2C_ER_IRQHandler
                0x08005ec8       0xb6 ./Drivers/STM32H7xx_HAL_Driver/Src/stm32h7xx_hal_i2c.o
                0x08005ec8                HAL_I2C_ER_IRQHandler
 .text.HAL_I2C_MasterTxCpltCallback
                0x08005f7e       0x14 ./Drivers/STM32H7xx_HAL_Driver/Src/stm32h7xx_hal_i2c.o
                0x08005f7e                HAL_I2C_MasterTxCpltCallback
 .text.HAL_I2C_MasterRxCpltCallback
                0x08005f92       0x14 ./Drivers/STM32H7xx_HAL_Driver/Src/stm32h7xx_hal_i2c.o
                0x08005f92                HAL_I2C_MasterRxCpltCallback
 .text.HAL_I2C_SlaveTxCpltCallback
                0x08005fa6       0x14 ./Drivers/STM32H7xx_HAL_Driver/Src/stm32h7xx_hal_i2c.o
                0x08005fa6                HAL_I2C_SlaveTxCpltCallback
 .text.HAL_I2C_SlaveRxCpltCallback
                0x08005fba       0x14 ./Drivers/STM32H7xx_HAL_Driver/Src/stm32h7xx_hal_i2c.o
                0x08005fba                HAL_I2C_SlaveRxCpltCallback
 .text.HAL_I2C_AddrCallback
                0x08005fce       0x1c ./Drivers/STM32H7xx_HAL_Driver/Src/stm32h7xx_hal_i2c.o
                0x08005fce                HAL_I2C_AddrCallback
 .text.HAL_I2C_ListenCpltCallback
                0x08005fea       0x14 ./Drivers/STM32H7xx_HAL_Driver/Src/stm32h7xx_hal_i2c.o
                0x08005fea                HAL_I2C_ListenCpltCallback
 .text.HAL_I2C_MemTxCpltCallback
                0x08005ffe       0x14 ./Drivers/STM32H7xx_HAL_Driver/Src/stm32h7xx_hal_i2c.o
                0x08005ffe                HAL_I2C_MemTxCpltCallback
 .text.HAL_I2C_MemRxCpltCallback
                0x08006012       0x14 ./Drivers/STM32H7xx_HAL_Driver/Src/stm32h7xx_hal_i2c.o
                0x08006012                HAL_I2C_MemRxCpltCallback
 .text.HAL_I2C_ErrorCallback
                0x08006026       0x14 ./Drivers/STM32H7xx_HAL_Driver/Src/stm32h7xx_hal_i2c.o
                0x08006026                HAL_I2C_ErrorCallback
 .text.HAL_I2C_AbortCpltCallback
                0x0800603a       0x14 ./Drivers/STM32H7xx_HAL_Driver/Src/stm32h7xx_hal_i2c.o
                0x0800603a                HAL_I2C_AbortCpltCallback
 .text.HAL_I2C_GetState
                0x0800604e       0x1c ./Drivers/STM32H7xx_HAL_Driver/Src/stm32h7xx_hal_i2c.o
                0x0800604e                HAL_I2C_GetState
 .text.I2C_Master_ISR_IT
                0x0800606a      0x24e ./Drivers/STM32H7xx_HAL_Driver/Src/stm32h7xx_hal_i2c.o
 .text.I2C_Slave_ISR_IT
                0x080062b8      0x1f2 ./Drivers/STM32H7xx_HAL_Driver/Src/stm32h7xx_hal_i2c.o
 .text.I2C_Master_ISR_DMA
                0x080064aa      0x1d6 ./Drivers/STM32H7xx_HAL_Driver/Src/stm32h7xx_hal_i2c.o
 .text.I2C_Mem_ISR_DMA
                0x08006680      0x24c ./Drivers/STM32H7xx_HAL_Driver/Src/stm32h7xx_hal_i2c.o
 .text.I2C_Slave_ISR_DMA
                0x080068cc      0x3b4 ./Drivers/STM32H7xx_HAL_Driver/Src/stm32h7xx_hal_i2c.o
 .text.I2C_ITAddrCplt
                0x08006c80      0x108 ./Drivers/STM32H7xx_HAL_Driver/Src/stm32h7xx_hal_i2c.o
 .text.I2C_ITMasterSeqCplt
                0x08006d88       0x7a ./Drivers/STM32H7xx_HAL_Driver/Src/stm32h7xx_hal_i2c.o
 .text.I2C_ITSlaveSeqCplt
                0x08006e02       0xb8 ./Drivers/STM32H7xx_HAL_Driver/Src/stm32h7xx_hal_i2c.o
 *fill*         0x08006eba        0x2 
 .text.I2C_ITMasterCplt
                0x08006ebc      0x190 ./Drivers/STM32H7xx_HAL_Driver/Src/stm32h7xx_hal_i2c.o
 .text.I2C_ITSlaveCplt
                0x0800704c      0x4a8 ./Drivers/STM32H7xx_HAL_Driver/Src/stm32h7xx_hal_i2c.o
 .text.I2C_ITListenCplt
                0x080074f4       0xa8 ./Drivers/STM32H7xx_HAL_Driver/Src/stm32h7xx_hal_i2c.o
 .text.I2C_ITError
                0x0800759c      0x1e0 ./Drivers/STM32H7xx_HAL_Driver/Src/stm32h7xx_hal_i2c.o
 .text.I2C_TreatErrorCallback
                0x0800777c       0x4e ./Drivers/STM32H7xx_HAL_Driver/Src/stm32h7xx_hal_i2c.o
 .text.I2C_Flush_TXDR
                0x080077ca       0x48 ./Drivers/STM32H7xx_HAL_Driver/Src/stm32h7xx_hal_i2c.o
 .text.I2C_DMAMasterReceiveCplt
                0x08007812       0x96 ./Drivers/STM32H7xx_HAL_Driver/Src/stm32h7xx_hal_i2c.o
 .text.I2C_DMAError
                0x080078a8      0x274 ./Drivers/STM32H7xx_HAL_Driver/Src/stm32h7xx_hal_i2c.o
 .text.I2C_DMAAbort
                0x08007b1c       0x3c ./Drivers/STM32H7xx_HAL_Driver/Src/stm32h7xx_hal_i2c.o
 .text.I2C_WaitOnFlagUntilTimeout
                0x08007b58       0xb2 ./Drivers/STM32H7xx_HAL_Driver/Src/stm32h7xx_hal_i2c.o
 *fill*         0x08007c0a        0x2 
 .text.I2C_IsErrorOccurred
                0x08007c0c      0x1c0 ./Drivers/STM32H7xx_HAL_Driver/Src/stm32h7xx_hal_i2c.o
 .text.I2C_TransferConfig
                0x08007dcc       0x64 ./Drivers/STM32H7xx_HAL_Driver/Src/stm32h7xx_hal_i2c.o
 .text.I2C_Enable_IRQ
                0x08007e30      0x108 ./Drivers/STM32H7xx_HAL_Driver/Src/stm32h7xx_hal_i2c.o
 .text.I2C_Disable_IRQ
                0x08007f38       0xbc ./Drivers/STM32H7xx_HAL_Driver/Src/stm32h7xx_hal_i2c.o
 .text.HAL_I2CEx_ConfigAnalogFilter
                0x08007ff4       0x96 ./Drivers/STM32H7xx_HAL_Driver/Src/stm32h7xx_hal_i2c_ex.o
                0x08007ff4                HAL_I2CEx_ConfigAnalogFilter
 .text.HAL_I2CEx_ConfigDigitalFilter
                0x0800808a       0x98 ./Drivers/STM32H7xx_HAL_Driver/Src/stm32h7xx_hal_i2c_ex.o
                0x0800808a                HAL_I2CEx_ConfigDigitalFilter
 *fill*         0x08008122        0x2 
 .text.HAL_PWREx_ConfigSupply
                0x08008124       0x74 ./Drivers/STM32H7xx_HAL_Driver/Src/stm32h7xx_hal_pwr_ex.o
                0x08008124                HAL_PWREx_ConfigSupply
 .text.HAL_RCC_OscConfig
                0x08008198      0x864 ./Drivers/STM32H7xx_HAL_Driver/Src/stm32h7xx_hal_rcc.o
                0x08008198                HAL_RCC_OscConfig
 .text.HAL_RCC_ClockConfig
                0x080089fc      0x36c ./Drivers/STM32H7xx_HAL_Driver/Src/stm32h7xx_hal_rcc.o
                0x080089fc                HAL_RCC_ClockConfig
 .text.HAL_RCC_GetSysClockFreq
                0x08008d68      0x2f4 ./Drivers/STM32H7xx_HAL_Driver/Src/stm32h7xx_hal_rcc.o
                0x08008d68                HAL_RCC_GetSysClockFreq
 .text.HAL_RCC_GetHCLKFreq
                0x0800905c       0x60 ./Drivers/STM32H7xx_HAL_Driver/Src/stm32h7xx_hal_rcc.o
                0x0800905c                HAL_RCC_GetHCLKFreq
 .text.HAL_RCC_GetPCLK1Freq
                0x080090bc       0x2c ./Drivers/STM32H7xx_HAL_Driver/Src/stm32h7xx_hal_rcc.o
                0x080090bc                HAL_RCC_GetPCLK1Freq
 .text.HAL_RCC_GetPCLK2Freq
                0x080090e8       0x2c ./Drivers/STM32H7xx_HAL_Driver/Src/stm32h7xx_hal_rcc.o
                0x080090e8                HAL_RCC_GetPCLK2Freq
 .text.HAL_RCC_GetClockConfig
                0x08009114       0x84 ./Drivers/STM32H7xx_HAL_Driver/Src/stm32h7xx_hal_rcc.o
                0x08009114                HAL_RCC_GetClockConfig
 .text.HAL_RCCEx_PeriphCLKConfig
                0x08009198     0x137c ./Drivers/STM32H7xx_HAL_Driver/Src/stm32h7xx_hal_rcc_ex.o
                0x08009198                HAL_RCCEx_PeriphCLKConfig
 .text.HAL_RCCEx_GetD3PCLK1Freq
                0x0800a514       0x2c ./Drivers/STM32H7xx_HAL_Driver/Src/stm32h7xx_hal_rcc_ex.o
                0x0800a514                HAL_RCCEx_GetD3PCLK1Freq
 .text.HAL_RCCEx_GetPLL2ClockFreq
                0x0800a540      0x2a8 ./Drivers/STM32H7xx_HAL_Driver/Src/stm32h7xx_hal_rcc_ex.o
                0x0800a540                HAL_RCCEx_GetPLL2ClockFreq
 .text.HAL_RCCEx_GetPLL3ClockFreq
                0x0800a7e8      0x2a8 ./Drivers/STM32H7xx_HAL_Driver/Src/stm32h7xx_hal_rcc_ex.o
                0x0800a7e8                HAL_RCCEx_GetPLL3ClockFreq
 .text.RCCEx_PLL2_Config
                0x0800aa90      0x164 ./Drivers/STM32H7xx_HAL_Driver/Src/stm32h7xx_hal_rcc_ex.o
 .text.RCCEx_PLL3_Config
                0x0800abf4      0x164 ./Drivers/STM32H7xx_HAL_Driver/Src/stm32h7xx_hal_rcc_ex.o
 .text.HAL_TIM_Base_Init
                0x0800ad58       0xae ./Drivers/STM32H7xx_HAL_Driver/Src/stm32h7xx_hal_tim.o
                0x0800ad58                HAL_TIM_Base_Init
 .text.HAL_TIM_Base_MspInit
                0x0800ae06       0x14 ./Drivers/STM32H7xx_HAL_Driver/Src/stm32h7xx_hal_tim.o
                0x0800ae06                HAL_TIM_Base_MspInit
 *fill*         0x0800ae1a        0x2 
 .text.HAL_TIM_Base_Start_IT
                0x0800ae1c       0xf0 ./Drivers/STM32H7xx_HAL_Driver/Src/stm32h7xx_hal_tim.o
                0x0800ae1c                HAL_TIM_Base_Start_IT
 .text.HAL_TIM_IRQHandler
                0x0800af0c      0x20e ./Drivers/STM32H7xx_HAL_Driver/Src/stm32h7xx_hal_tim.o
                0x0800af0c                HAL_TIM_IRQHandler
 .text.HAL_TIM_OC_DelayElapsedCallback
                0x0800b11a       0x14 ./Drivers/STM32H7xx_HAL_Driver/Src/stm32h7xx_hal_tim.o
                0x0800b11a                HAL_TIM_OC_DelayElapsedCallback
 .text.HAL_TIM_IC_CaptureCallback
                0x0800b12e       0x14 ./Drivers/STM32H7xx_HAL_Driver/Src/stm32h7xx_hal_tim.o
                0x0800b12e                HAL_TIM_IC_CaptureCallback
 .text.HAL_TIM_PWM_PulseFinishedCallback
                0x0800b142       0x14 ./Drivers/STM32H7xx_HAL_Driver/Src/stm32h7xx_hal_tim.o
                0x0800b142                HAL_TIM_PWM_PulseFinishedCallback
 .text.HAL_TIM_TriggerCallback
                0x0800b156       0x14 ./Drivers/STM32H7xx_HAL_Driver/Src/stm32h7xx_hal_tim.o
                0x0800b156                HAL_TIM_TriggerCallback
 *fill*         0x0800b16a        0x2 
 .text.TIM_Base_SetConfig
                0x0800b16c      0x14c ./Drivers/STM32H7xx_HAL_Driver/Src/stm32h7xx_hal_tim.o
                0x0800b16c                TIM_Base_SetConfig
 .text.HAL_TIMEx_CommutCallback
                0x0800b2b8       0x14 ./Drivers/STM32H7xx_HAL_Driver/Src/stm32h7xx_hal_tim_ex.o
                0x0800b2b8                HAL_TIMEx_CommutCallback
 .text.HAL_TIMEx_BreakCallback
                0x0800b2cc       0x14 ./Drivers/STM32H7xx_HAL_Driver/Src/stm32h7xx_hal_tim_ex.o
                0x0800b2cc                HAL_TIMEx_BreakCallback
 .text.HAL_TIMEx_Break2Callback
                0x0800b2e0       0x14 ./Drivers/STM32H7xx_HAL_Driver/Src/stm32h7xx_hal_tim_ex.o
                0x0800b2e0                HAL_TIMEx_Break2Callback
 .text.HAL_UART_Init
                0x0800b2f4       0xa0 ./Drivers/STM32H7xx_HAL_Driver/Src/stm32h7xx_hal_uart.o
                0x0800b2f4                HAL_UART_Init
 .text.HAL_UART_Transmit
                0x0800b394      0x11c ./Drivers/STM32H7xx_HAL_Driver/Src/stm32h7xx_hal_uart.o
                0x0800b394                HAL_UART_Transmit
 .text.UART_SetConfig
                0x0800b4b0      0xcd8 ./Drivers/STM32H7xx_HAL_Driver/Src/stm32h7xx_hal_uart.o
                0x0800b4b0                UART_SetConfig
 .text.UART_AdvFeatureConfig
                0x0800c188      0x144 ./Drivers/STM32H7xx_HAL_Driver/Src/stm32h7xx_hal_uart.o
                0x0800c188                UART_AdvFeatureConfig
 .text.UART_CheckIdleState
                0x0800c2cc      0x154 ./Drivers/STM32H7xx_HAL_Driver/Src/stm32h7xx_hal_uart.o
                0x0800c2cc                UART_CheckIdleState
 .text.UART_WaitOnFlagUntilTimeout
                0x0800c420       0xda ./Drivers/STM32H7xx_HAL_Driver/Src/stm32h7xx_hal_uart.o
                0x0800c420                UART_WaitOnFlagUntilTimeout
 *fill*         0x0800c4fa        0x2 
 .text.UART_EndRxTransfer
                0x0800c4fc       0xcc ./Drivers/STM32H7xx_HAL_Driver/Src/stm32h7xx_hal_uart.o
 .text.HAL_UARTEx_DisableFifoMode
                0x0800c5c8       0x72 ./Drivers/STM32H7xx_HAL_Driver/Src/stm32h7xx_hal_uart_ex.o
                0x0800c5c8                HAL_UARTEx_DisableFifoMode
 .text.HAL_UARTEx_SetTxFifoThreshold
                0x0800c63a       0x7c ./Drivers/STM32H7xx_HAL_Driver/Src/stm32h7xx_hal_uart_ex.o
                0x0800c63a                HAL_UARTEx_SetTxFifoThreshold
 .text.HAL_UARTEx_SetRxFifoThreshold
                0x0800c6b6       0x7c ./Drivers/STM32H7xx_HAL_Driver/Src/stm32h7xx_hal_uart_ex.o
                0x0800c6b6                HAL_UARTEx_SetRxFifoThreshold
 *fill*         0x0800c732        0x2 
 .text.UARTEx_SetNbDataToProcess
                0x0800c734       0x9c ./Drivers/STM32H7xx_HAL_Driver/Src/stm32h7xx_hal_uart_ex.o
 .text.__NVIC_SetPriority
                0x0800c7d0       0x54 ./Middlewares/Third_Party/FreeRTOS/Source/CMSIS_RTOS_V2/cmsis_os2.o
 .text.SysTick_Handler
                0x0800c824       0x20 ./Middlewares/Third_Party/FreeRTOS/Source/CMSIS_RTOS_V2/cmsis_os2.o
                0x0800c824                SysTick_Handler
 .text.SVC_Setup
                0x0800c844       0x12 ./Middlewares/Third_Party/FreeRTOS/Source/CMSIS_RTOS_V2/cmsis_os2.o
 *fill*         0x0800c856        0x2 
 .text.osKernelInitialize
                0x0800c858       0x48 ./Middlewares/Third_Party/FreeRTOS/Source/CMSIS_RTOS_V2/cmsis_os2.o
                0x0800c858                osKernelInitialize
 .text.osKernelStart
                0x0800c8a0       0x4c ./Middlewares/Third_Party/FreeRTOS/Source/CMSIS_RTOS_V2/cmsis_os2.o
                0x0800c8a0                osKernelStart
 .text.osThreadNew
                0x0800c8ec      0x124 ./Middlewares/Third_Party/FreeRTOS/Source/CMSIS_RTOS_V2/cmsis_os2.o
                0x0800c8ec                osThreadNew
 .text.osDelay  0x0800ca10       0x36 ./Middlewares/Third_Party/FreeRTOS/Source/CMSIS_RTOS_V2/cmsis_os2.o
                0x0800ca10                osDelay
 *fill*         0x0800ca46        0x2 
 .text.vApplicationGetIdleTaskMemory
                0x0800ca48       0x34 ./Middlewares/Third_Party/FreeRTOS/Source/CMSIS_RTOS_V2/cmsis_os2.o
                0x0800ca48                vApplicationGetIdleTaskMemory
 .text.vApplicationGetTimerTaskMemory
                0x0800ca7c       0x34 ./Middlewares/Third_Party/FreeRTOS/Source/CMSIS_RTOS_V2/cmsis_os2.o
                0x0800ca7c                vApplicationGetTimerTaskMemory
 .text.vListInitialise
                0x0800cab0       0x40 ./Middlewares/Third_Party/FreeRTOS/Source/list.o
                0x0800cab0                vListInitialise
 .text.vListInitialiseItem
                0x0800caf0       0x1a ./Middlewares/Third_Party/FreeRTOS/Source/list.o
                0x0800caf0                vListInitialiseItem
 .text.vListInsertEnd
                0x0800cb0a       0x48 ./Middlewares/Third_Party/FreeRTOS/Source/list.o
                0x0800cb0a                vListInsertEnd
 .text.vListInsert
                0x0800cb52       0x72 ./Middlewares/Third_Party/FreeRTOS/Source/list.o
                0x0800cb52                vListInsert
 .text.uxListRemove
                0x0800cbc4       0x54 ./Middlewares/Third_Party/FreeRTOS/Source/list.o
                0x0800cbc4                uxListRemove
 .text.xQueueGenericReset
                0x0800cc18       0xd4 ./Middlewares/Third_Party/FreeRTOS/Source/queue.o
                0x0800cc18                xQueueGenericReset
 .text.xQueueGenericCreateStatic
                0x0800ccec       0xfa ./Middlewares/Third_Party/FreeRTOS/Source/queue.o
                0x0800ccec                xQueueGenericCreateStatic
 .text.xQueueGenericCreate
                0x0800cde6       0x76 ./Middlewares/Third_Party/FreeRTOS/Source/queue.o
                0x0800cde6                xQueueGenericCreate
 .text.prvInitialiseNewQueue
                0x0800ce5c       0x46 ./Middlewares/Third_Party/FreeRTOS/Source/queue.o
 .text.xQueueCreateCountingSemaphore
                0x0800cea2       0x6a ./Middlewares/Third_Party/FreeRTOS/Source/queue.o
                0x0800cea2                xQueueCreateCountingSemaphore
 .text.xQueueGenericSend
                0x0800cf0c      0x204 ./Middlewares/Third_Party/FreeRTOS/Source/queue.o
                0x0800cf0c                xQueueGenericSend
 .text.xQueueGenericSendFromISR
                0x0800d110      0x13c ./Middlewares/Third_Party/FreeRTOS/Source/queue.o
                0x0800d110                xQueueGenericSendFromISR
 .text.xQueueGiveFromISR
                0x0800d24c      0x120 ./Middlewares/Third_Party/FreeRTOS/Source/queue.o
                0x0800d24c                xQueueGiveFromISR
 .text.xQueueReceive
                0x0800d36c      0x1c4 ./Middlewares/Third_Party/FreeRTOS/Source/queue.o
                0x0800d36c                xQueueReceive
 .text.xQueueSemaphoreTake
                0x0800d530      0x220 ./Middlewares/Third_Party/FreeRTOS/Source/queue.o
                0x0800d530                xQueueSemaphoreTake
 .text.uxQueueMessagesWaiting
                0x0800d750       0x3e ./Middlewares/Third_Party/FreeRTOS/Source/queue.o
                0x0800d750                uxQueueMessagesWaiting
 .text.vQueueDelete
                0x0800d78e       0x48 ./Middlewares/Third_Party/FreeRTOS/Source/queue.o
                0x0800d78e                vQueueDelete
 .text.prvGetDisinheritPriorityAfterTimeout
                0x0800d7d6       0x30 ./Middlewares/Third_Party/FreeRTOS/Source/queue.o
 .text.prvCopyDataToQueue
                0x0800d806       0xd4 ./Middlewares/Third_Party/FreeRTOS/Source/queue.o
 .text.prvCopyDataFromQueue
                0x0800d8da       0x4c ./Middlewares/Third_Party/FreeRTOS/Source/queue.o
 .text.prvUnlockQueue
                0x0800d926       0xa4 ./Middlewares/Third_Party/FreeRTOS/Source/queue.o
 .text.prvIsQueueEmpty
                0x0800d9ca       0x2c ./Middlewares/Third_Party/FreeRTOS/Source/queue.o
 .text.prvIsQueueFull
                0x0800d9f6       0x30 ./Middlewares/Third_Party/FreeRTOS/Source/queue.o
 *fill*         0x0800da26        0x2 
 .text.vQueueAddToRegistry
                0x0800da28       0x54 ./Middlewares/Third_Party/FreeRTOS/Source/queue.o
                0x0800da28                vQueueAddToRegistry
 .text.vQueueUnregisterQueue
                0x0800da7c       0x54 ./Middlewares/Third_Party/FreeRTOS/Source/queue.o
                0x0800da7c                vQueueUnregisterQueue
 .text.vQueueWaitForMessageRestricted
                0x0800dad0       0x68 ./Middlewares/Third_Party/FreeRTOS/Source/queue.o
                0x0800dad0                vQueueWaitForMessageRestricted
 .text.xTaskCreateStatic
                0x0800db38       0xc0 ./Middlewares/Third_Party/FreeRTOS/Source/tasks.o
                0x0800db38                xTaskCreateStatic
 .text.xTaskCreate
                0x0800dbf8       0x8a ./Middlewares/Third_Party/FreeRTOS/Source/tasks.o
                0x0800dbf8                xTaskCreate
 *fill*         0x0800dc82        0x2 
 .text.prvInitialiseNewTask
                0x0800dc84      0x150 ./Middlewares/Third_Party/FreeRTOS/Source/tasks.o
 .text.prvAddNewTaskToReadyList
                0x0800ddd4       0xe0 ./Middlewares/Third_Party/FreeRTOS/Source/tasks.o
 .text.vTaskDelay
                0x0800deb4       0x6c ./Middlewares/Third_Party/FreeRTOS/Source/tasks.o
                0x0800deb4                vTaskDelay
 .text.vTaskStartScheduler
                0x0800df20       0xe0 ./Middlewares/Third_Party/FreeRTOS/Source/tasks.o
                0x0800df20                vTaskStartScheduler
 .text.vTaskSuspendAll
                0x0800e000       0x1c ./Middlewares/Third_Party/FreeRTOS/Source/tasks.o
                0x0800e000                vTaskSuspendAll
 .text.prvGetExpectedIdleTime
                0x0800e01c       0x70 ./Middlewares/Third_Party/FreeRTOS/Source/tasks.o
 .text.xTaskResumeAll
                0x0800e08c      0x13c ./Middlewares/Third_Party/FreeRTOS/Source/tasks.o
                0x0800e08c                xTaskResumeAll
 .text.xTaskGetTickCount
                0x0800e1c8       0x20 ./Middlewares/Third_Party/FreeRTOS/Source/tasks.o
                0x0800e1c8                xTaskGetTickCount
 .text.vTaskStepTick
                0x0800e1e8       0x50 ./Middlewares/Third_Party/FreeRTOS/Source/tasks.o
                0x0800e1e8                vTaskStepTick
 .text.xTaskIncrementTick
                0x0800e238      0x174 ./Middlewares/Third_Party/FreeRTOS/Source/tasks.o
                0x0800e238                xTaskIncrementTick
 .text.vTaskSwitchContext
                0x0800e3ac       0xcc ./Middlewares/Third_Party/FreeRTOS/Source/tasks.o
                0x0800e3ac                vTaskSwitchContext
 .text.vTaskPlaceOnEventList
                0x0800e478       0x4c ./Middlewares/Third_Party/FreeRTOS/Source/tasks.o
                0x0800e478                vTaskPlaceOnEventList
 .text.vTaskPlaceOnEventListRestricted
                0x0800e4c4       0x58 ./Middlewares/Third_Party/FreeRTOS/Source/tasks.o
                0x0800e4c4                vTaskPlaceOnEventListRestricted
 .text.xTaskRemoveFromEventList
                0x0800e51c       0xcc ./Middlewares/Third_Party/FreeRTOS/Source/tasks.o
                0x0800e51c                xTaskRemoveFromEventList
 .text.vTaskInternalSetTimeOutState
                0x0800e5e8       0x2c ./Middlewares/Third_Party/FreeRTOS/Source/tasks.o
                0x0800e5e8                vTaskInternalSetTimeOutState
 .text.xTaskCheckForTimeOut
                0x0800e614       0xc8 ./Middlewares/Third_Party/FreeRTOS/Source/tasks.o
                0x0800e614                xTaskCheckForTimeOut
 .text.vTaskMissedYield
                0x0800e6dc       0x18 ./Middlewares/Third_Party/FreeRTOS/Source/tasks.o
                0x0800e6dc                vTaskMissedYield
 .text.prvIdleTask
                0x0800e6f4       0x80 ./Middlewares/Third_Party/FreeRTOS/Source/tasks.o
 .text.eTaskConfirmSleepModeStatus
                0x0800e774       0x5c ./Middlewares/Third_Party/FreeRTOS/Source/tasks.o
                0x0800e774                eTaskConfirmSleepModeStatus
 .text.prvInitialiseTaskLists
                0x0800e7d0       0x80 ./Middlewares/Third_Party/FreeRTOS/Source/tasks.o
 .text.prvCheckTasksWaitingTermination
                0x0800e850       0x5c ./Middlewares/Third_Party/FreeRTOS/Source/tasks.o
 .text.prvDeleteTCB
                0x0800e8ac       0x6a ./Middlewares/Third_Party/FreeRTOS/Source/tasks.o
 *fill*         0x0800e916        0x2 
 .text.prvResetNextTaskUnblockTime
                0x0800e918       0x40 ./Middlewares/Third_Party/FreeRTOS/Source/tasks.o
 .text.xTaskGetSchedulerState
                0x0800e958       0x3c ./Middlewares/Third_Party/FreeRTOS/Source/tasks.o
                0x0800e958                xTaskGetSchedulerState
 .text.xTaskPriorityInherit
                0x0800e994       0xd0 ./Middlewares/Third_Party/FreeRTOS/Source/tasks.o
                0x0800e994                xTaskPriorityInherit
 .text.xTaskPriorityDisinherit
                0x0800ea64       0xe0 ./Middlewares/Third_Party/FreeRTOS/Source/tasks.o
                0x0800ea64                xTaskPriorityDisinherit
 .text.vTaskPriorityDisinheritAfterTimeout
                0x0800eb44      0x108 ./Middlewares/Third_Party/FreeRTOS/Source/tasks.o
                0x0800eb44                vTaskPriorityDisinheritAfterTimeout
 .text.pvTaskIncrementMutexHeldCount
                0x0800ec4c       0x28 ./Middlewares/Third_Party/FreeRTOS/Source/tasks.o
                0x0800ec4c                pvTaskIncrementMutexHeldCount
 .text.prvAddCurrentTaskToDelayedList
                0x0800ec74       0xa8 ./Middlewares/Third_Party/FreeRTOS/Source/tasks.o
 .text.xTimerCreateTimerTask
                0x0800ed1c       0x94 ./Middlewares/Third_Party/FreeRTOS/Source/timers.o
                0x0800ed1c                xTimerCreateTimerTask
 .text.xTimerGenericCommand
                0x0800edb0       0x9c ./Middlewares/Third_Party/FreeRTOS/Source/timers.o
                0x0800edb0                xTimerGenericCommand
 .text.prvProcessExpiredTimer
                0x0800ee4c       0x9c ./Middlewares/Third_Party/FreeRTOS/Source/timers.o
 .text.prvTimerTask
                0x0800eee8       0x26 ./Middlewares/Third_Party/FreeRTOS/Source/timers.o
 *fill*         0x0800ef0e        0x2 
 .text.prvProcessTimerOrBlockTask
                0x0800ef10       0x9c ./Middlewares/Third_Party/FreeRTOS/Source/timers.o
 .text.prvGetNextExpireTime
                0x0800efac       0x48 ./Middlewares/Third_Party/FreeRTOS/Source/timers.o
 .text.prvSampleTimeNow
                0x0800eff4       0x40 ./Middlewares/Third_Party/FreeRTOS/Source/timers.o
 .text.prvInsertTimerInActiveList
                0x0800f034       0x84 ./Middlewares/Third_Party/FreeRTOS/Source/timers.o
 .text.prvProcessReceivedCommands
                0x0800f0b8      0x1cc ./Middlewares/Third_Party/FreeRTOS/Source/timers.o
 .text.prvSwitchTimerLists
                0x0800f284       0xcc ./Middlewares/Third_Party/FreeRTOS/Source/timers.o
 .text.prvCheckForValidListAndQueue
                0x0800f350       0x80 ./Middlewares/Third_Party/FreeRTOS/Source/timers.o
 .text.pxPortInitialiseStack
                0x0800f3d0       0x68 ./Middlewares/Third_Party/FreeRTOS/Source/portable/GCC/ARM_CM4F/port.o
                0x0800f3d0                pxPortInitialiseStack
 .text.prvTaskExitError
                0x0800f438       0x5c ./Middlewares/Third_Party/FreeRTOS/Source/portable/GCC/ARM_CM4F/port.o
 *fill*         0x0800f494        0xc 
 .text.SVC_Handler
                0x0800f4a0       0x28 ./Middlewares/Third_Party/FreeRTOS/Source/portable/GCC/ARM_CM4F/port.o
                0x0800f4a0                SVC_Handler
 .text.prvPortStartFirstTask
                0x0800f4c8       0x28 ./Middlewares/Third_Party/FreeRTOS/Source/portable/GCC/ARM_CM4F/port.o
 .text.xPortStartScheduler
                0x0800f4f0      0x148 ./Middlewares/Third_Party/FreeRTOS/Source/portable/GCC/ARM_CM4F/port.o
                0x0800f4f0                xPortStartScheduler
 .text.vPortEnterCritical
                0x0800f638       0x64 ./Middlewares/Third_Party/FreeRTOS/Source/portable/GCC/ARM_CM4F/port.o
                0x0800f638                vPortEnterCritical
 .text.vPortExitCritical
                0x0800f69c       0x54 ./Middlewares/Third_Party/FreeRTOS/Source/portable/GCC/ARM_CM4F/port.o
                0x0800f69c                vPortExitCritical
 .text.PendSV_Handler
                0x0800f6f0       0x68 ./Middlewares/Third_Party/FreeRTOS/Source/portable/GCC/ARM_CM4F/port.o
                0x0800f6f0                PendSV_Handler
 .text.xPortSysTickHandler
                0x0800f758       0x44 ./Middlewares/Third_Party/FreeRTOS/Source/portable/GCC/ARM_CM4F/port.o
                0x0800f758                xPortSysTickHandler
 .text.vPortSuppressTicksAndSleep
                0x0800f79c      0x198 ./Middlewares/Third_Party/FreeRTOS/Source/portable/GCC/ARM_CM4F/port.o
                0x0800f79c                vPortSuppressTicksAndSleep
 .text.vPortSetupTimerInterrupt
                0x0800f934       0x78 ./Middlewares/Third_Party/FreeRTOS/Source/portable/GCC/ARM_CM4F/port.o
                0x0800f934                vPortSetupTimerInterrupt
 .text.vPortEnableVFP
                0x0800f9ac       0x14 ./Middlewares/Third_Party/FreeRTOS/Source/portable/GCC/ARM_CM4F/port.o
 .text.vPortValidateInterruptPriority
                0x0800f9c0       0x84 ./Middlewares/Third_Party/FreeRTOS/Source/portable/GCC/ARM_CM4F/port.o
                0x0800f9c0                vPortValidateInterruptPriority
 .text.pvPortMalloc
                0x0800fa44      0x19c ./Middlewares/Third_Party/FreeRTOS/Source/portable/MemMang/heap_4.o
                0x0800fa44                pvPortMalloc
 .text.vPortFree
                0x0800fbe0       0xc8 ./Middlewares/Third_Party/FreeRTOS/Source/portable/MemMang/heap_4.o
                0x0800fbe0                vPortFree
 .text.prvHeapInit
                0x0800fca8       0xc4 ./Middlewares/Third_Party/FreeRTOS/Source/portable/MemMang/heap_4.o
 .text.prvInsertBlockIntoFreeList
                0x0800fd6c       0xb4 ./Middlewares/Third_Party/FreeRTOS/Source/portable/MemMang/heap_4.o
 .text._ZdlPvj  0x0800fe20        0x4 C:/ST/STM32CubeIDE_1.15.1/STM32CubeIDE/plugins/com.st.stm32cube.ide.mcu.externaltools.gnu-tools-for-stm32.12.3.rel1.win32_1.0.100.202403111256/tools/bin/../lib/gcc/arm-none-eabi/12.3.1/../../../../arm-none-eabi/lib/thumb/v7e-m+dp/hard\libstdc++_nano.a(del_ops.o)
                0x0800fe20                operator delete(void*, unsigned int)
 .text._ZdaPv   0x0800fe24        0x4 C:/ST/STM32CubeIDE_1.15.1/STM32CubeIDE/plugins/com.st.stm32cube.ide.mcu.externaltools.gnu-tools-for-stm32.12.3.rel1.win32_1.0.100.202403111256/tools/bin/../lib/gcc/arm-none-eabi/12.3.1/../../../../arm-none-eabi/lib/thumb/v7e-m+dp/hard\libstdc++_nano.a(del_opv.o)
                0x0800fe24                operator delete[](void*)
 .text._Znwj    0x0800fe28       0x22 C:/ST/STM32CubeIDE_1.15.1/STM32CubeIDE/plugins/com.st.stm32cube.ide.mcu.externaltools.gnu-tools-for-stm32.12.3.rel1.win32_1.0.100.202403111256/tools/bin/../lib/gcc/arm-none-eabi/12.3.1/../../../../arm-none-eabi/lib/thumb/v7e-m+dp/hard\libstdc++_nano.a(new_op.o)
                0x0800fe28                operator new(unsigned int)
 .text._Znaj    0x0800fe4a        0x4 C:/ST/STM32CubeIDE_1.15.1/STM32CubeIDE/plugins/com.st.stm32cube.ide.mcu.externaltools.gnu-tools-for-stm32.12.3.rel1.win32_1.0.100.202403111256/tools/bin/../lib/gcc/arm-none-eabi/12.3.1/../../../../arm-none-eabi/lib/thumb/v7e-m+dp/hard\libstdc++_nano.a(new_opv.o)
                0x0800fe4a                operator new[](unsigned int)
 .text._ZdlPv   0x0800fe4e        0x4 C:/ST/STM32CubeIDE_1.15.1/STM32CubeIDE/plugins/com.st.stm32cube.ide.mcu.externaltools.gnu-tools-for-stm32.12.3.rel1.win32_1.0.100.202403111256/tools/bin/../lib/gcc/arm-none-eabi/12.3.1/../../../../arm-none-eabi/lib/thumb/v7e-m+dp/hard\libstdc++_nano.a(del_op.o)
                0x0800fe4e                operator delete(void*)
 *fill*         0x0800fe52        0x2 
 .text._ZSt15get_new_handlerv
                0x0800fe54       0x10 C:/ST/STM32CubeIDE_1.15.1/STM32CubeIDE/plugins/com.st.stm32cube.ide.mcu.externaltools.gnu-tools-for-stm32.12.3.rel1.win32_1.0.100.202403111256/tools/bin/../lib/gcc/arm-none-eabi/12.3.1/../../../../arm-none-eabi/lib/thumb/v7e-m+dp/hard\libstdc++_nano.a(new_handler.o)
                0x0800fe54                std::get_new_handler()
 .text.abort    0x0800fe64        0xe C:/ST/STM32CubeIDE_1.15.1/STM32CubeIDE/plugins/com.st.stm32cube.ide.mcu.externaltools.gnu-tools-for-stm32.12.3.rel1.win32_1.0.100.202403111256/tools/bin/../lib/gcc/arm-none-eabi/12.3.1/../../../../arm-none-eabi/lib/thumb/v7e-m+dp/hard\libc_nano.a(libc_a-abort.o)
                0x0800fe64                abort
 *fill*         0x0800fe72        0x2 
 .text.__assert_func
                0x0800fe74       0x3c C:/ST/STM32CubeIDE_1.15.1/STM32CubeIDE/plugins/com.st.stm32cube.ide.mcu.externaltools.gnu-tools-for-stm32.12.3.rel1.win32_1.0.100.202403111256/tools/bin/../lib/gcc/arm-none-eabi/12.3.1/../../../../arm-none-eabi/lib/thumb/v7e-m+dp/hard\libc_nano.a(libc_a-assert.o)
                0x0800fe74                __assert_func
 .text.malloc   0x0800feb0       0x10 C:/ST/STM32CubeIDE_1.15.1/STM32CubeIDE/plugins/com.st.stm32cube.ide.mcu.externaltools.gnu-tools-for-stm32.12.3.rel1.win32_1.0.100.202403111256/tools/bin/../lib/gcc/arm-none-eabi/12.3.1/../../../../arm-none-eabi/lib/thumb/v7e-m+dp/hard\libc_nano.a(libc_a-malloc.o)
                0x0800feb0                malloc
 .text.free     0x0800fec0       0x10 C:/ST/STM32CubeIDE_1.15.1/STM32CubeIDE/plugins/com.st.stm32cube.ide.mcu.externaltools.gnu-tools-for-stm32.12.3.rel1.win32_1.0.100.202403111256/tools/bin/../lib/gcc/arm-none-eabi/12.3.1/../../../../arm-none-eabi/lib/thumb/v7e-m+dp/hard\libc_nano.a(libc_a-malloc.o)
                0x0800fec0                free
 .text.sbrk_aligned
                0x0800fed0       0x44 C:/ST/STM32CubeIDE_1.15.1/STM32CubeIDE/plugins/com.st.stm32cube.ide.mcu.externaltools.gnu-tools-for-stm32.12.3.rel1.win32_1.0.100.202403111256/tools/bin/../lib/gcc/arm-none-eabi/12.3.1/../../../../arm-none-eabi/lib/thumb/v7e-m+dp/hard\libc_nano.a(libc_a-mallocr.o)
 .text._malloc_r
                0x0800ff14      0x100 C:/ST/STM32CubeIDE_1.15.1/STM32CubeIDE/plugins/com.st.stm32cube.ide.mcu.externaltools.gnu-tools-for-stm32.12.3.rel1.win32_1.0.100.202403111256/tools/bin/../lib/gcc/arm-none-eabi/12.3.1/../../../../arm-none-eabi/lib/thumb/v7e-m+dp/hard\libc_nano.a(libc_a-mallocr.o)
                0x0800ff14                _malloc_r
 .text.__malloc_lock
                0x08010014        0xc C:/ST/STM32CubeIDE_1.15.1/STM32CubeIDE/plugins/com.st.stm32cube.ide.mcu.externaltools.gnu-tools-for-stm32.12.3.rel1.win32_1.0.100.202403111256/tools/bin/../lib/gcc/arm-none-eabi/12.3.1/../../../../arm-none-eabi/lib/thumb/v7e-m+dp/hard\libc_nano.a(libc_a-mlock.o)
                0x08010014                __malloc_lock
 .text.__malloc_unlock
                0x08010020        0xc C:/ST/STM32CubeIDE_1.15.1/STM32CubeIDE/plugins/com.st.stm32cube.ide.mcu.externaltools.gnu-tools-for-stm32.12.3.rel1.win32_1.0.100.202403111256/tools/bin/../lib/gcc/arm-none-eabi/12.3.1/../../../../arm-none-eabi/lib/thumb/v7e-m+dp/hard\libc_nano.a(libc_a-mlock.o)
                0x08010020                __malloc_unlock
 .text.__cvt    0x0801002c       0xa8 C:/ST/STM32CubeIDE_1.15.1/STM32CubeIDE/plugins/com.st.stm32cube.ide.mcu.externaltools.gnu-tools-for-stm32.12.3.rel1.win32_1.0.100.202403111256/tools/bin/../lib/gcc/arm-none-eabi/12.3.1/../../../../arm-none-eabi/lib/thumb/v7e-m+dp/hard\libc_nano.a(libc_a-nano-vfprintf_float.o)
                0x0801002c                __cvt
 .text.__exponent
                0x080100d4       0x74 C:/ST/STM32CubeIDE_1.15.1/STM32CubeIDE/plugins/com.st.stm32cube.ide.mcu.externaltools.gnu-tools-for-stm32.12.3.rel1.win32_1.0.100.202403111256/tools/bin/../lib/gcc/arm-none-eabi/12.3.1/../../../../arm-none-eabi/lib/thumb/v7e-m+dp/hard\libc_nano.a(libc_a-nano-vfprintf_float.o)
                0x080100d4                __exponent
 .text._printf_float
                0x08010148      0x434 C:/ST/STM32CubeIDE_1.15.1/STM32CubeIDE/plugins/com.st.stm32cube.ide.mcu.externaltools.gnu-tools-for-stm32.12.3.rel1.win32_1.0.100.202403111256/tools/bin/../lib/gcc/arm-none-eabi/12.3.1/../../../../arm-none-eabi/lib/thumb/v7e-m+dp/hard\libc_nano.a(libc_a-nano-vfprintf_float.o)
                0x08010148                _printf_float
 .text._printf_common
                0x0801057c       0xda C:/ST/STM32CubeIDE_1.15.1/STM32CubeIDE/plugins/com.st.stm32cube.ide.mcu.externaltools.gnu-tools-for-stm32.12.3.rel1.win32_1.0.100.202403111256/tools/bin/../lib/gcc/arm-none-eabi/12.3.1/../../../../arm-none-eabi/lib/thumb/v7e-m+dp/hard\libc_nano.a(libc_a-nano-vfprintf_i.o)
                0x0801057c                _printf_common
 *fill*         0x08010656        0x2 
 .text._printf_i
                0x08010658      0x240 C:/ST/STM32CubeIDE_1.15.1/STM32CubeIDE/plugins/com.st.stm32cube.ide.mcu.externaltools.gnu-tools-for-stm32.12.3.rel1.win32_1.0.100.202403111256/tools/bin/../lib/gcc/arm-none-eabi/12.3.1/../../../../arm-none-eabi/lib/thumb/v7e-m+dp/hard\libc_nano.a(libc_a-nano-vfprintf_i.o)
                0x08010658                _printf_i
 .text._scanf_float
                0x08010898      0x418 C:/ST/STM32CubeIDE_1.15.1/STM32CubeIDE/plugins/com.st.stm32cube.ide.mcu.externaltools.gnu-tools-for-stm32.12.3.rel1.win32_1.0.100.202403111256/tools/bin/../lib/gcc/arm-none-eabi/12.3.1/../../../../arm-none-eabi/lib/thumb/v7e-m+dp/hard\libc_nano.a(libc_a-nano-vfscanf_float.o)
                0x08010898                _scanf_float
 .text.std      0x08010cb0       0x6c C:/ST/STM32CubeIDE_1.15.1/STM32CubeIDE/plugins/com.st.stm32cube.ide.mcu.externaltools.gnu-tools-for-stm32.12.3.rel1.win32_1.0.100.202403111256/tools/bin/../lib/gcc/arm-none-eabi/12.3.1/../../../../arm-none-eabi/lib/thumb/v7e-m+dp/hard\libc_nano.a(libc_a-findfp.o)
 .text.stdio_exit_handler
                0x08010d1c       0x18 C:/ST/STM32CubeIDE_1.15.1/STM32CubeIDE/plugins/com.st.stm32cube.ide.mcu.externaltools.gnu-tools-for-stm32.12.3.rel1.win32_1.0.100.202403111256/tools/bin/../lib/gcc/arm-none-eabi/12.3.1/../../../../arm-none-eabi/lib/thumb/v7e-m+dp/hard\libc_nano.a(libc_a-findfp.o)
 .text.cleanup_stdio
                0x08010d34       0x40 C:/ST/STM32CubeIDE_1.15.1/STM32CubeIDE/plugins/com.st.stm32cube.ide.mcu.externaltools.gnu-tools-for-stm32.12.3.rel1.win32_1.0.100.202403111256/tools/bin/../lib/gcc/arm-none-eabi/12.3.1/../../../../arm-none-eabi/lib/thumb/v7e-m+dp/hard\libc_nano.a(libc_a-findfp.o)
 .text.global_stdio_init.part.0
                0x08010d74       0x3c C:/ST/STM32CubeIDE_1.15.1/STM32CubeIDE/plugins/com.st.stm32cube.ide.mcu.externaltools.gnu-tools-for-stm32.12.3.rel1.win32_1.0.100.202403111256/tools/bin/../lib/gcc/arm-none-eabi/12.3.1/../../../../arm-none-eabi/lib/thumb/v7e-m+dp/hard\libc_nano.a(libc_a-findfp.o)
 .text.__sfp_lock_acquire
                0x08010db0        0xc C:/ST/STM32CubeIDE_1.15.1/STM32CubeIDE/plugins/com.st.stm32cube.ide.mcu.externaltools.gnu-tools-for-stm32.12.3.rel1.win32_1.0.100.202403111256/tools/bin/../lib/gcc/arm-none-eabi/12.3.1/../../../../arm-none-eabi/lib/thumb/v7e-m+dp/hard\libc_nano.a(libc_a-findfp.o)
                0x08010db0                __sfp_lock_acquire
 .text.__sfp_lock_release
                0x08010dbc        0xc C:/ST/STM32CubeIDE_1.15.1/STM32CubeIDE/plugins/com.st.stm32cube.ide.mcu.externaltools.gnu-tools-for-stm32.12.3.rel1.win32_1.0.100.202403111256/tools/bin/../lib/gcc/arm-none-eabi/12.3.1/../../../../arm-none-eabi/lib/thumb/v7e-m+dp/hard\libc_nano.a(libc_a-findfp.o)
                0x08010dbc                __sfp_lock_release
 .text.__sinit  0x08010dc8       0x30 C:/ST/STM32CubeIDE_1.15.1/STM32CubeIDE/plugins/com.st.stm32cube.ide.mcu.externaltools.gnu-tools-for-stm32.12.3.rel1.win32_1.0.100.202403111256/tools/bin/../lib/gcc/arm-none-eabi/12.3.1/../../../../arm-none-eabi/lib/thumb/v7e-m+dp/hard\libc_nano.a(libc_a-findfp.o)
                0x08010dc8                __sinit
 .text.fprintf  0x08010df8       0x24 C:/ST/STM32CubeIDE_1.15.1/STM32CubeIDE/plugins/com.st.stm32cube.ide.mcu.externaltools.gnu-tools-for-stm32.12.3.rel1.win32_1.0.100.202403111256/tools/bin/../lib/gcc/arm-none-eabi/12.3.1/../../../../arm-none-eabi/lib/thumb/v7e-m+dp/hard\libc_nano.a(libc_a-fprintf.o)
                0x08010df8                fiprintf
                0x08010df8                fprintf
 .text._fwalk_sglue
                0x08010e1c       0x3c C:/ST/STM32CubeIDE_1.15.1/STM32CubeIDE/plugins/com.st.stm32cube.ide.mcu.externaltools.gnu-tools-for-stm32.12.3.rel1.win32_1.0.100.202403111256/tools/bin/../lib/gcc/arm-none-eabi/12.3.1/../../../../arm-none-eabi/lib/thumb/v7e-m+dp/hard\libc_nano.a(libc_a-fwalk.o)
                0x08010e1c                _fwalk_sglue
 .text.printf   0x08010e58       0x24 C:/ST/STM32CubeIDE_1.15.1/STM32CubeIDE/plugins/com.st.stm32cube.ide.mcu.externaltools.gnu-tools-for-stm32.12.3.rel1.win32_1.0.100.202403111256/tools/bin/../lib/gcc/arm-none-eabi/12.3.1/../../../../arm-none-eabi/lib/thumb/v7e-m+dp/hard\libc_nano.a(libc_a-printf.o)
                0x08010e58                iprintf
                0x08010e58                printf
 .text._puts_r  0x08010e7c       0xaa C:/ST/STM32CubeIDE_1.15.1/STM32CubeIDE/plugins/com.st.stm32cube.ide.mcu.externaltools.gnu-tools-for-stm32.12.3.rel1.win32_1.0.100.202403111256/tools/bin/../lib/gcc/arm-none-eabi/12.3.1/../../../../arm-none-eabi/lib/thumb/v7e-m+dp/hard\libc_nano.a(libc_a-puts.o)
                0x08010e7c                _puts_r
 *fill*         0x08010f26        0x2 
 .text.puts     0x08010f28       0x10 C:/ST/STM32CubeIDE_1.15.1/STM32CubeIDE/plugins/com.st.stm32cube.ide.mcu.externaltools.gnu-tools-for-stm32.12.3.rel1.win32_1.0.100.202403111256/tools/bin/../lib/gcc/arm-none-eabi/12.3.1/../../../../arm-none-eabi/lib/thumb/v7e-m+dp/hard\libc_nano.a(libc_a-puts.o)
                0x08010f28                puts
 .text.sprintf  0x08010f38       0x40 C:/ST/STM32CubeIDE_1.15.1/STM32CubeIDE/plugins/com.st.stm32cube.ide.mcu.externaltools.gnu-tools-for-stm32.12.3.rel1.win32_1.0.100.202403111256/tools/bin/../lib/gcc/arm-none-eabi/12.3.1/../../../../arm-none-eabi/lib/thumb/v7e-m+dp/hard\libc_nano.a(libc_a-sprintf.o)
                0x08010f38                siprintf
                0x08010f38                sprintf
 .text.__sread  0x08010f78       0x22 C:/ST/STM32CubeIDE_1.15.1/STM32CubeIDE/plugins/com.st.stm32cube.ide.mcu.externaltools.gnu-tools-for-stm32.12.3.rel1.win32_1.0.100.202403111256/tools/bin/../lib/gcc/arm-none-eabi/12.3.1/../../../../arm-none-eabi/lib/thumb/v7e-m+dp/hard\libc_nano.a(libc_a-stdio.o)
                0x08010f78                __sread
 .text.__swrite
                0x08010f9a       0x38 C:/ST/STM32CubeIDE_1.15.1/STM32CubeIDE/plugins/com.st.stm32cube.ide.mcu.externaltools.gnu-tools-for-stm32.12.3.rel1.win32_1.0.100.202403111256/tools/bin/../lib/gcc/arm-none-eabi/12.3.1/../../../../arm-none-eabi/lib/thumb/v7e-m+dp/hard\libc_nano.a(libc_a-stdio.o)
                0x08010f9a                __swrite
 .text.__sseek  0x08010fd2       0x24 C:/ST/STM32CubeIDE_1.15.1/STM32CubeIDE/plugins/com.st.stm32cube.ide.mcu.externaltools.gnu-tools-for-stm32.12.3.rel1.win32_1.0.100.202403111256/tools/bin/../lib/gcc/arm-none-eabi/12.3.1/../../../../arm-none-eabi/lib/thumb/v7e-m+dp/hard\libc_nano.a(libc_a-stdio.o)
                0x08010fd2                __sseek
 .text.__sclose
                0x08010ff6        0x8 C:/ST/STM32CubeIDE_1.15.1/STM32CubeIDE/plugins/com.st.stm32cube.ide.mcu.externaltools.gnu-tools-for-stm32.12.3.rel1.win32_1.0.100.202403111256/tools/bin/../lib/gcc/arm-none-eabi/12.3.1/../../../../arm-none-eabi/lib/thumb/v7e-m+dp/hard\libc_nano.a(libc_a-stdio.o)
                0x08010ff6                __sclose
 .text.__swbuf_r
                0x08010ffe       0x7c C:/ST/STM32CubeIDE_1.15.1/STM32CubeIDE/plugins/com.st.stm32cube.ide.mcu.externaltools.gnu-tools-for-stm32.12.3.rel1.win32_1.0.100.202403111256/tools/bin/../lib/gcc/arm-none-eabi/12.3.1/../../../../arm-none-eabi/lib/thumb/v7e-m+dp/hard\libc_nano.a(libc_a-wbuf.o)
                0x08010ffe                __swbuf_r
 *fill*         0x0801107a        0x2 
 .text.__swsetup_r
                0x0801107c       0xac C:/ST/STM32CubeIDE_1.15.1/STM32CubeIDE/plugins/com.st.stm32cube.ide.mcu.externaltools.gnu-tools-for-stm32.12.3.rel1.win32_1.0.100.202403111256/tools/bin/../lib/gcc/arm-none-eabi/12.3.1/../../../../arm-none-eabi/lib/thumb/v7e-m+dp/hard\libc_nano.a(libc_a-wsetup.o)
                0x0801107c                __swsetup_r
 .text.memset   0x08011128       0x10 C:/ST/STM32CubeIDE_1.15.1/STM32CubeIDE/plugins/com.st.stm32cube.ide.mcu.externaltools.gnu-tools-for-stm32.12.3.rel1.win32_1.0.100.202403111256/tools/bin/../lib/gcc/arm-none-eabi/12.3.1/../../../../arm-none-eabi/lib/thumb/v7e-m+dp/hard\libc_nano.a(libc_a-memset.o)
                0x08011128                memset
 .text._raise_r
                0x08011138       0x50 C:/ST/STM32CubeIDE_1.15.1/STM32CubeIDE/plugins/com.st.stm32cube.ide.mcu.externaltools.gnu-tools-for-stm32.12.3.rel1.win32_1.0.100.202403111256/tools/bin/../lib/gcc/arm-none-eabi/12.3.1/../../../../arm-none-eabi/lib/thumb/v7e-m+dp/hard\libc_nano.a(libc_a-signal.o)
                0x08011138                _raise_r
 .text.raise    0x08011188       0x10 C:/ST/STM32CubeIDE_1.15.1/STM32CubeIDE/plugins/com.st.stm32cube.ide.mcu.externaltools.gnu-tools-for-stm32.12.3.rel1.win32_1.0.100.202403111256/tools/bin/../lib/gcc/arm-none-eabi/12.3.1/../../../../arm-none-eabi/lib/thumb/v7e-m+dp/hard\libc_nano.a(libc_a-signal.o)
                0x08011188                raise
 .text._localeconv_r
                0x08011198        0x8 C:/ST/STM32CubeIDE_1.15.1/STM32CubeIDE/plugins/com.st.stm32cube.ide.mcu.externaltools.gnu-tools-for-stm32.12.3.rel1.win32_1.0.100.202403111256/tools/bin/../lib/gcc/arm-none-eabi/12.3.1/../../../../arm-none-eabi/lib/thumb/v7e-m+dp/hard\libc_nano.a(libc_a-localeconv.o)
                0x08011198                _localeconv_r
 .text._close_r
                0x080111a0       0x20 C:/ST/STM32CubeIDE_1.15.1/STM32CubeIDE/plugins/com.st.stm32cube.ide.mcu.externaltools.gnu-tools-for-stm32.12.3.rel1.win32_1.0.100.202403111256/tools/bin/../lib/gcc/arm-none-eabi/12.3.1/../../../../arm-none-eabi/lib/thumb/v7e-m+dp/hard\libc_nano.a(libc_a-closer.o)
                0x080111a0                _close_r
 .text._reclaim_reent
                0x080111c0       0xac C:/ST/STM32CubeIDE_1.15.1/STM32CubeIDE/plugins/com.st.stm32cube.ide.mcu.externaltools.gnu-tools-for-stm32.12.3.rel1.win32_1.0.100.202403111256/tools/bin/../lib/gcc/arm-none-eabi/12.3.1/../../../../arm-none-eabi/lib/thumb/v7e-m+dp/hard\libc_nano.a(libc_a-reent.o)
                0x080111c0                _reclaim_reent
 .text._lseek_r
                0x0801126c       0x24 C:/ST/STM32CubeIDE_1.15.1/STM32CubeIDE/plugins/com.st.stm32cube.ide.mcu.externaltools.gnu-tools-for-stm32.12.3.rel1.win32_1.0.100.202403111256/tools/bin/../lib/gcc/arm-none-eabi/12.3.1/../../../../arm-none-eabi/lib/thumb/v7e-m+dp/hard\libc_nano.a(libc_a-lseekr.o)
                0x0801126c                _lseek_r
 .text._read_r  0x08011290       0x24 C:/ST/STM32CubeIDE_1.15.1/STM32CubeIDE/plugins/com.st.stm32cube.ide.mcu.externaltools.gnu-tools-for-stm32.12.3.rel1.win32_1.0.100.202403111256/tools/bin/../lib/gcc/arm-none-eabi/12.3.1/../../../../arm-none-eabi/lib/thumb/v7e-m+dp/hard\libc_nano.a(libc_a-readr.o)
                0x08011290                _read_r
 .text._kill_r  0x080112b4       0x24 C:/ST/STM32CubeIDE_1.15.1/STM32CubeIDE/plugins/com.st.stm32cube.ide.mcu.externaltools.gnu-tools-for-stm32.12.3.rel1.win32_1.0.100.202403111256/tools/bin/../lib/gcc/arm-none-eabi/12.3.1/../../../../arm-none-eabi/lib/thumb/v7e-m+dp/hard\libc_nano.a(libc_a-signalr.o)
                0x080112b4                _kill_r
 .text._getpid_r
                0x080112d8        0x4 C:/ST/STM32CubeIDE_1.15.1/STM32CubeIDE/plugins/com.st.stm32cube.ide.mcu.externaltools.gnu-tools-for-stm32.12.3.rel1.win32_1.0.100.202403111256/tools/bin/../lib/gcc/arm-none-eabi/12.3.1/../../../../arm-none-eabi/lib/thumb/v7e-m+dp/hard\libc_nano.a(libc_a-signalr.o)
                0x080112d8                _getpid_r
 .text._sbrk_r  0x080112dc       0x20 C:/ST/STM32CubeIDE_1.15.1/STM32CubeIDE/plugins/com.st.stm32cube.ide.mcu.externaltools.gnu-tools-for-stm32.12.3.rel1.win32_1.0.100.202403111256/tools/bin/../lib/gcc/arm-none-eabi/12.3.1/../../../../arm-none-eabi/lib/thumb/v7e-m+dp/hard\libc_nano.a(libc_a-sbrkr.o)
                0x080112dc                _sbrk_r
 .text._write_r
                0x080112fc       0x24 C:/ST/STM32CubeIDE_1.15.1/STM32CubeIDE/plugins/com.st.stm32cube.ide.mcu.externaltools.gnu-tools-for-stm32.12.3.rel1.win32_1.0.100.202403111256/tools/bin/../lib/gcc/arm-none-eabi/12.3.1/../../../../arm-none-eabi/lib/thumb/v7e-m+dp/hard\libc_nano.a(libc_a-writer.o)
                0x080112fc                _write_r
 .text.__errno  0x08011320        0xc C:/ST/STM32CubeIDE_1.15.1/STM32CubeIDE/plugins/com.st.stm32cube.ide.mcu.externaltools.gnu-tools-for-stm32.12.3.rel1.win32_1.0.100.202403111256/tools/bin/../lib/gcc/arm-none-eabi/12.3.1/../../../../arm-none-eabi/lib/thumb/v7e-m+dp/hard\libc_nano.a(libc_a-errno.o)
                0x08011320                __errno
 .text.__libc_init_array
                0x0801132c       0x48 C:/ST/STM32CubeIDE_1.15.1/STM32CubeIDE/plugins/com.st.stm32cube.ide.mcu.externaltools.gnu-tools-for-stm32.12.3.rel1.win32_1.0.100.202403111256/tools/bin/../lib/gcc/arm-none-eabi/12.3.1/../../../../arm-none-eabi/lib/thumb/v7e-m+dp/hard\libc_nano.a(libc_a-init.o)
                0x0801132c                __libc_init_array
 .text.__retarget_lock_init_recursive
                0x08011374        0x2 C:/ST/STM32CubeIDE_1.15.1/STM32CubeIDE/plugins/com.st.stm32cube.ide.mcu.externaltools.gnu-tools-for-stm32.12.3.rel1.win32_1.0.100.202403111256/tools/bin/../lib/gcc/arm-none-eabi/12.3.1/../../../../arm-none-eabi/lib/thumb/v7e-m+dp/hard\libc_nano.a(libc_a-lock.o)
                0x08011374                __retarget_lock_init_recursive
 .text.__retarget_lock_acquire_recursive
                0x08011376        0x2 C:/ST/STM32CubeIDE_1.15.1/STM32CubeIDE/plugins/com.st.stm32cube.ide.mcu.externaltools.gnu-tools-for-stm32.12.3.rel1.win32_1.0.100.202403111256/tools/bin/../lib/gcc/arm-none-eabi/12.3.1/../../../../arm-none-eabi/lib/thumb/v7e-m+dp/hard\libc_nano.a(libc_a-lock.o)
                0x08011376                __retarget_lock_acquire_recursive
 .text.__retarget_lock_release_recursive
                0x08011378        0x2 C:/ST/STM32CubeIDE_1.15.1/STM32CubeIDE/plugins/com.st.stm32cube.ide.mcu.externaltools.gnu-tools-for-stm32.12.3.rel1.win32_1.0.100.202403111256/tools/bin/../lib/gcc/arm-none-eabi/12.3.1/../../../../arm-none-eabi/lib/thumb/v7e-m+dp/hard\libc_nano.a(libc_a-lock.o)
                0x08011378                __retarget_lock_release_recursive
 .text.memcpy   0x0801137a       0x1c C:/ST/STM32CubeIDE_1.15.1/STM32CubeIDE/plugins/com.st.stm32cube.ide.mcu.externaltools.gnu-tools-for-stm32.12.3.rel1.win32_1.0.100.202403111256/tools/bin/../lib/gcc/arm-none-eabi/12.3.1/../../../../arm-none-eabi/lib/thumb/v7e-m+dp/hard\libc_nano.a(libc_a-memcpy-stub.o)
                0x0801137a                memcpy
 *fill*         0x08011396        0x2 
 .text.nanf     0x08011398        0xc C:/ST/STM32CubeIDE_1.15.1/STM32CubeIDE/plugins/com.st.stm32cube.ide.mcu.externaltools.gnu-tools-for-stm32.12.3.rel1.win32_1.0.100.202403111256/tools/bin/../lib/gcc/arm-none-eabi/12.3.1/../../../../arm-none-eabi/lib/thumb/v7e-m+dp/hard\libc_nano.a(libm_a-sf_nan.o)
                0x08011398                nanf
 .text.quorem   0x080113a4      0x110 C:/ST/STM32CubeIDE_1.15.1/STM32CubeIDE/plugins/com.st.stm32cube.ide.mcu.externaltools.gnu-tools-for-stm32.12.3.rel1.win32_1.0.100.202403111256/tools/bin/../lib/gcc/arm-none-eabi/12.3.1/../../../../arm-none-eabi/lib/thumb/v7e-m+dp/hard\libc_nano.a(libc_a-dtoa.o)
 *fill*         0x080114b4        0x4 
 .text._dtoa_r  0x080114b8      0xaac C:/ST/STM32CubeIDE_1.15.1/STM32CubeIDE/plugins/com.st.stm32cube.ide.mcu.externaltools.gnu-tools-for-stm32.12.3.rel1.win32_1.0.100.202403111256/tools/bin/../lib/gcc/arm-none-eabi/12.3.1/../../../../arm-none-eabi/lib/thumb/v7e-m+dp/hard\libc_nano.a(libc_a-dtoa.o)
                0x080114b8                _dtoa_r
 .text._free_r  0x08011f64       0x94 C:/ST/STM32CubeIDE_1.15.1/STM32CubeIDE/plugins/com.st.stm32cube.ide.mcu.externaltools.gnu-tools-for-stm32.12.3.rel1.win32_1.0.100.202403111256/tools/bin/../lib/gcc/arm-none-eabi/12.3.1/../../../../arm-none-eabi/lib/thumb/v7e-m+dp/hard\libc_nano.a(libc_a-freer.o)
                0x08011f64                _free_r
 .text._Balloc  0x08011ff8       0x80 C:/ST/STM32CubeIDE_1.15.1/STM32CubeIDE/plugins/com.st.stm32cube.ide.mcu.externaltools.gnu-tools-for-stm32.12.3.rel1.win32_1.0.100.202403111256/tools/bin/../lib/gcc/arm-none-eabi/12.3.1/../../../../arm-none-eabi/lib/thumb/v7e-m+dp/hard\libc_nano.a(libc_a-mprec.o)
                0x08011ff8                _Balloc
 .text._Bfree   0x08012078       0x44 C:/ST/STM32CubeIDE_1.15.1/STM32CubeIDE/plugins/com.st.stm32cube.ide.mcu.externaltools.gnu-tools-for-stm32.12.3.rel1.win32_1.0.100.202403111256/tools/bin/../lib/gcc/arm-none-eabi/12.3.1/../../../../arm-none-eabi/lib/thumb/v7e-m+dp/hard\libc_nano.a(libc_a-mprec.o)
                0x08012078                _Bfree
 .text.__multadd
                0x080120bc       0x8c C:/ST/STM32CubeIDE_1.15.1/STM32CubeIDE/plugins/com.st.stm32cube.ide.mcu.externaltools.gnu-tools-for-stm32.12.3.rel1.win32_1.0.100.202403111256/tools/bin/../lib/gcc/arm-none-eabi/12.3.1/../../../../arm-none-eabi/lib/thumb/v7e-m+dp/hard\libc_nano.a(libc_a-mprec.o)
                0x080120bc                __multadd
 .text.__s2b    0x08012148       0x94 C:/ST/STM32CubeIDE_1.15.1/STM32CubeIDE/plugins/com.st.stm32cube.ide.mcu.externaltools.gnu-tools-for-stm32.12.3.rel1.win32_1.0.100.202403111256/tools/bin/../lib/gcc/arm-none-eabi/12.3.1/../../../../arm-none-eabi/lib/thumb/v7e-m+dp/hard\libc_nano.a(libc_a-mprec.o)
                0x08012148                __s2b
 .text.__hi0bits
                0x080121dc       0x3e C:/ST/STM32CubeIDE_1.15.1/STM32CubeIDE/plugins/com.st.stm32cube.ide.mcu.externaltools.gnu-tools-for-stm32.12.3.rel1.win32_1.0.100.202403111256/tools/bin/../lib/gcc/arm-none-eabi/12.3.1/../../../../arm-none-eabi/lib/thumb/v7e-m+dp/hard\libc_nano.a(libc_a-mprec.o)
                0x080121dc                __hi0bits
 .text.__lo0bits
                0x0801221a       0x5a C:/ST/STM32CubeIDE_1.15.1/STM32CubeIDE/plugins/com.st.stm32cube.ide.mcu.externaltools.gnu-tools-for-stm32.12.3.rel1.win32_1.0.100.202403111256/tools/bin/../lib/gcc/arm-none-eabi/12.3.1/../../../../arm-none-eabi/lib/thumb/v7e-m+dp/hard\libc_nano.a(libc_a-mprec.o)
                0x0801221a                __lo0bits
 .text.__i2b    0x08012274       0x2c C:/ST/STM32CubeIDE_1.15.1/STM32CubeIDE/plugins/com.st.stm32cube.ide.mcu.externaltools.gnu-tools-for-stm32.12.3.rel1.win32_1.0.100.202403111256/tools/bin/../lib/gcc/arm-none-eabi/12.3.1/../../../../arm-none-eabi/lib/thumb/v7e-m+dp/hard\libc_nano.a(libc_a-mprec.o)
                0x08012274                __i2b
 .text.__multiply
                0x080122a0      0x154 C:/ST/STM32CubeIDE_1.15.1/STM32CubeIDE/plugins/com.st.stm32cube.ide.mcu.externaltools.gnu-tools-for-stm32.12.3.rel1.win32_1.0.100.202403111256/tools/bin/../lib/gcc/arm-none-eabi/12.3.1/../../../../arm-none-eabi/lib/thumb/v7e-m+dp/hard\libc_nano.a(libc_a-mprec.o)
                0x080122a0                __multiply
 .text.__pow5mult