Archive member included to satisfy reference by file (symbol)

C:/ST/STM32CubeIDE_1.15.1/STM32CubeIDE/plugins/com.st.stm32cube.ide.mcu.externaltools.gnu-tools-for-stm32.12.3.rel1.win32_1.0.100.202403111256/tools/bin/../lib/gcc/arm-none-eabi/12.3.1/../../../../arm-none-eabi/lib/thumb/v7e-m+dp/hard\libstdc++_nano.a(del_ops.o)
                              ./Core/Src/SileliS_code/esp32i2cComunicationDriver.o (operator delete(void*, unsigned int))
C:/ST/STM32CubeIDE_1.15.1/STM32CubeIDE/plugins/com.st.stm32cube.ide.mcu.externaltools.gnu-tools-for-stm32.12.3.rel1.win32_1.0.100.202403111256/tools/bin/../lib/gcc/arm-none-eabi/12.3.1/../../../../arm-none-eabi/lib/thumb/v7e-m+dp/hard\libstdc++_nano.a(del_opv.o)
                              ./Core/Src/SileliS_code/i2c_slave_master_queueClass.o (operator delete[](void*))
C:/ST/STM32CubeIDE_1.15.1/STM32CubeIDE/plugins/com.st.stm32cube.ide.mcu.externaltools.gnu-tools-for-stm32.12.3.rel1.win32_1.0.100.202403111256/tools/bin/../lib/gcc/arm-none-eabi/12.3.1/../../../../arm-none-eabi/lib/thumb/v7e-m+dp/hard\libstdc++_nano.a(new_op.o)
                              ./Core/Src/SileliS_code/i2cEngine.o (operator new(unsigned int))
C:/ST/STM32CubeIDE_1.15.1/STM32CubeIDE/plugins/com.st.stm32cube.ide.mcu.externaltools.gnu-tools-for-stm32.12.3.rel1.win32_1.0.100.202403111256/tools/bin/../lib/gcc/arm-none-eabi/12.3.1/../../../../arm-none-eabi/lib/thumb/v7e-m+dp/hard\libstdc++_nano.a(new_opv.o)
                              ./Core/Src/SileliS_code/menuItem.o (operator new[](unsigned int))
C:/ST/STM32CubeIDE_1.15.1/STM32CubeIDE/plugins/com.st.stm32cube.ide.mcu.externaltools.gnu-tools-for-stm32.12.3.rel1.win32_1.0.100.202403111256/tools/bin/../lib/gcc/arm-none-eabi/12.3.1/../../../../arm-none-eabi/lib/thumb/v7e-m+dp/hard\libstdc++_nano.a(del_op.o)
                              C:/ST/STM32CubeIDE_1.15.1/STM32CubeIDE/plugins/com.st.stm32cube.ide.mcu.externaltools.gnu-tools-for-stm32.12.3.rel1.win32_1.0.100.202403111256/tools/bin/../lib/gcc/arm-none-eabi/12.3.1/../../../../arm-none-eabi/lib/thumb/v7e-m+dp/hard\libstdc++_nano.a(del_ops.o) (operator delete(void*))
C:/ST/STM32CubeIDE_1.15.1/STM32CubeIDE/plugins/com.st.stm32cube.ide.mcu.externaltools.gnu-tools-for-stm32.12.3.rel1.win32_1.0.100.202403111256/tools/bin/../lib/gcc/arm-none-eabi/12.3.1/../../../../arm-none-eabi/lib/thumb/v7e-m+dp/hard\libstdc++_nano.a(new_handler.o)
                              C:/ST/STM32CubeIDE_1.15.1/STM32CubeIDE/plugins/com.st.stm32cube.ide.mcu.externaltools.gnu-tools-for-stm32.12.3.rel1.win32_1.0.100.202403111256/tools/bin/../lib/gcc/arm-none-eabi/12.3.1/../../../../arm-none-eabi/lib/thumb/v7e-m+dp/hard\libstdc++_nano.a(new_op.o) (std::get_new_handler())
C:/ST/STM32CubeIDE_1.15.1/STM32CubeIDE/plugins/com.st.stm32cube.ide.mcu.externaltools.gnu-tools-for-stm32.12.3.rel1.win32_1.0.100.202403111256/tools/bin/../lib/gcc/arm-none-eabi/12.3.1/../../../../arm-none-eabi/lib/thumb/v7e-m+dp/hard\libc_nano.a(libc_a-abort.o)
                              C:/ST/STM32CubeIDE_1.15.1/STM32CubeIDE/plugins/com.st.stm32cube.ide.mcu.externaltools.gnu-tools-for-stm32.12.3.rel1.win32_1.0.100.202403111256/tools/bin/../lib/gcc/arm-none-eabi/12.3.1/../../../../arm-none-eabi/lib/thumb/v7e-m+dp/hard\libstdc++_nano.a(new_op.o) (abort)
C:/ST/STM32CubeIDE_1.15.1/STM32CubeIDE/plugins/com.st.stm32cube.ide.mcu.externaltools.gnu-tools-for-stm32.12.3.rel1.win32_1.0.100.202403111256/tools/bin/../lib/gcc/arm-none-eabi/12.3.1/../../../../arm-none-eabi/lib/thumb/v7e-m+dp/hard\libc_nano.a(libc_a-assert.o)
                              ./Core/Src/SileliS_code/esp32i2cComunicationDriver.o (__assert_func)
C:/ST/STM32CubeIDE_1.15.1/STM32CubeIDE/plugins/com.st.stm32cube.ide.mcu.externaltools.gnu-tools-for-stm32.12.3.rel1.win32_1.0.100.202403111256/tools/bin/../lib/gcc/arm-none-eabi/12.3.1/../../../../arm-none-eabi/lib/thumb/v7e-m+dp/hard\libc_nano.a(libc_a-exit.o)
                              C:/ST/STM32CubeIDE_1.15.1/STM32CubeIDE/plugins/com.st.stm32cube.ide.mcu.externaltools.gnu-tools-for-stm32.12.3.rel1.win32_1.0.100.202403111256/tools/bin/../lib/gcc/arm-none-eabi/12.3.1/../../../../arm-none-eabi/lib/thumb/v7e-m+dp/hard/crt0.o (exit)
C:/ST/STM32CubeIDE_1.15.1/STM32CubeIDE/plugins/com.st.stm32cube.ide.mcu.externaltools.gnu-tools-for-stm32.12.3.rel1.win32_1.0.100.202403111256/tools/bin/../lib/gcc/arm-none-eabi/12.3.1/../../../../arm-none-eabi/lib/thumb/v7e-m+dp/hard\libc_nano.a(libc_a-malloc.o)
                              C:/ST/STM32CubeIDE_1.15.1/STM32CubeIDE/plugins/com.st.stm32cube.ide.mcu.externaltools.gnu-tools-for-stm32.12.3.rel1.win32_1.0.100.202403111256/tools/bin/../lib/gcc/arm-none-eabi/12.3.1/../../../../arm-none-eabi/lib/thumb/v7e-m+dp/hard\libstdc++_nano.a(new_op.o) (malloc)
C:/ST/STM32CubeIDE_1.15.1/STM32CubeIDE/plugins/com.st.stm32cube.ide.mcu.externaltools.gnu-tools-for-stm32.12.3.rel1.win32_1.0.100.202403111256/tools/bin/../lib/gcc/arm-none-eabi/12.3.1/../../../../arm-none-eabi/lib/thumb/v7e-m+dp/hard\libc_nano.a(libc_a-mallocr.o)
[...]
Memory Configuration

Name             Origin             Length             Attributes
ITCMRAM          0x00000000         0x00010000         xrw
FLASH            0x08000000         0x00200000         xr
DTCMRAM1         0x20000000         0x00010000         xrw
DTCMRAM2         0x20010000         0x00010000         xrw
RAM              0x24000000         0x00100000         xrw
RAM_CD           0x30000000         0x00020000         xrw
RAM_SRD          0x38000000         0x00008000         xrw
*default*        0x00000000         0xffffffff

Linker script and memory map

LOAD C:/ST/STM32CubeIDE_1.15.1/STM32CubeIDE/plugins/com.st.stm32cube.ide.mcu.externaltools.gnu-tools-for-stm32.12.3.rel1.win32_1.0.100.202403111256/tools/bin/../lib/gcc/arm-none-eabi/12.3.1/thumb/v7e-m+dp/hard/crti.o
LOAD C:/ST/STM32CubeIDE_1.15.1/STM32CubeIDE/plugins/com.st.stm32cube.ide.mcu.externaltools.gnu-tools-for-stm32.12.3.rel1.win32_1.0.100.202403111256/tools/bin/../lib/gcc/arm-none-eabi/12.3.1/thumb/v7e-m+dp/hard/crtbegin.o
LOAD C:/ST/STM32CubeIDE_1.15.1/STM32CubeIDE/plugins/com.st.stm32cube.ide.mcu.externaltools.gnu-tools-for-stm32.12.3.rel1.win32_1.0.100.202403111256/tools/bin/../lib/gcc/arm-none-eabi/12.3.1/../../../../arm-none-eabi/lib/thumb/v7e-m+dp/hard/crt0.o
LOAD ./Core/Src/SileliS_code/comunication_calculate_checksum.o
LOAD ./Core/Src/SileliS_code/esp32i2cComunicationDriver.o
LOAD ./Core/Src/SileliS_code/i2cEngine.o
LOAD ./Core/Src/SileliS_code/i2c_slave_master_queueClass.o
LOAD ./Core/Src/SileliS_code/menuItem.o
LOAD ./Core/Src/SileliS_code/myList.o
LOAD ./Core/Src/SileliS_code/printfRedirect.o
LOAD ./Core/Src/SileliS_code/tasksFunctions.o
LOAD ./Core/Src/dma.o
LOAD ./Core/Src/freertos.o
LOAD ./Core/Src/gpio.o
LOAD ./Core/Src/i2c.o
LOAD ./Core/Src/main.o
LOAD ./Core/Src/stm32h7xx_hal_msp.o
LOAD ./Core/Src/stm32h7xx_hal_timebase_tim.o
LOAD ./Core/Src/stm32h7xx_it.o
LOAD ./Core/Src/syscalls.o
LOAD ./Core/Src/sysmem.o
LOAD ./Core/Src/system_stm32h7xx.o
LOAD ./Core/Src/usart.o
LOAD ./Core/Startup/startup_stm32h7a3ritx.o
LOAD ./Drivers/STM32H7xx_HAL_Driver/Src/stm32h7xx_hal.o
LOAD ./Drivers/STM32H7xx_HAL_Driver/Src/stm32h7xx_hal_cortex.o
LOAD ./Drivers/STM32H7xx_HAL_Driver/Src/stm32h7xx_hal_dma.o
LOAD ./Drivers/STM32H7xx_HAL_Driver/Src/stm32h7xx_hal_dma_ex.o
LOAD ./Drivers/STM32H7xx_HAL_Driver/Src/stm32h7xx_hal_exti.o
LOAD ./Drivers/STM32H7xx_HAL_Driver/Src/stm32h7xx_hal_flash.o
LOAD ./Drivers/STM32H7xx_HAL_Driver/Src/stm32h7xx_hal_flash_ex.o
LOAD ./Drivers/STM32H7xx_HAL_Driver/Src/stm32h7xx_hal_gpio.o
LOAD ./Drivers/STM32H7xx_HAL_Driver/Src/stm32h7xx_hal_hsem.o
LOAD ./Drivers/STM32H7xx_HAL_Driver/Src/stm32h7xx_hal_i2c.o
LOAD ./Drivers/STM32H7xx_HAL_Driver/Src/stm32h7xx_hal_i2c_ex.o
LOAD ./Drivers/STM32H7xx_HAL_Driver/Src/stm32h7xx_hal_mdma.o
LOAD ./Drivers/STM32H7xx_HAL_Driver/Src/stm32h7xx_hal_pwr.o
LOAD ./Drivers/STM32H7xx_HAL_Driver/Src/stm32h7xx_hal_pwr_ex.o
LOAD ./Drivers/STM32H7xx_HAL_Driver/Src/stm32h7xx_hal_rcc.o
LOAD ./Drivers/STM32H7xx_HAL_Driver/Src/stm32h7xx_hal_rcc_ex.o
LOAD ./Drivers/STM32H7xx_HAL_Driver/Src/stm32h7xx_hal_tim.o
LOAD ./Drivers/STM32H7xx_HAL_Driver/Src/stm32h7xx_hal_tim_ex.o
LOAD ./Drivers/STM32H7xx_HAL_Driver/Src/stm32h7xx_hal_uart.o
LOAD ./Drivers/STM32H7xx_HAL_Driver/Src/stm32h7xx_hal_uart_ex.o
LOAD ./Middlewares/Third_Party/FreeRTOS/Source/CMSIS_RTOS_V2/cmsis_os2.o
LOAD ./Middlewares/Third_Party/FreeRTOS/Source/croutine.o
LOAD ./Middlewares/Third_Party/FreeRTOS/Source/event_groups.o
LOAD ./Middlewares/Third_Party/FreeRTOS/Source/list.o
LOAD ./Middlewares/Third_Party/FreeRTOS/Source/queue.o
LOAD ./Middlewares/Third_Party/FreeRTOS/Source/stream_buffer.o
LOAD ./Middlewares/Third_Party/FreeRTOS/Source/tasks.o
LOAD ./Middlewares/Third_Party/FreeRTOS/Source/timers.o
LOAD ./Middlewares/Third_Party/FreeRTOS/Source/portable/GCC/ARM_CM4F/port.o
LOAD ./Middlewares/Third_Party/FreeRTOS/Source/portable/MemMang/heap_4.o
START GROUP
LOAD C:/ST/STM32CubeIDE_1.15.1/STM32CubeIDE/plugins/com.st.stm32cube.ide.mcu.externaltools.gnu-tools-for-stm32.12.3.rel1.win32_1.0.100.202403111256/tools/bin/../lib/gcc/arm-none-eabi/12.3.1/../../../../arm-none-eabi/lib/thumb/v7e-m+dp/hard\libstdc++_nano.a
LOAD C:/ST/STM32CubeIDE_1.15.1/STM32CubeIDE/plugins/com.st.stm32cube.ide.mcu.externaltools.gnu-tools-for-stm32.12.3.rel1.win32_1.0.100.202403111256/tools/bin/../lib/gcc/arm-none-eabi/12.3.1/../../../../arm-none-eabi/lib/thumb/v7e-m+dp/hard\libsupc++_nano.a
END GROUP
LOAD C:/ST/STM32CubeIDE_1.15.1/STM32CubeIDE/plugins/com.st.stm32cube.ide.mcu.externaltools.gnu-tools-for-stm32.12.3.rel1.win32_1.0.100.202403111256/tools/bin/../lib/gcc/arm-none-eabi/12.3.1/../../../../arm-none-eabi/lib/thumb/v7e-m+dp/hard\libstdc++_nano.a
LOAD C:/ST/STM32CubeIDE_1.15.1/STM32CubeIDE/plugins/com.st.stm32cube.ide.mcu.externaltools.gnu-tools-for-stm32.12.3.rel1.win32_1.0.100.202403111256/tools/bin/../lib/gcc/arm-none-eabi/12.3.1/../../../../arm-none-eabi/lib/thumb/v7e-m+dp/hard\libm.a
LOAD C:/ST/STM32CubeIDE_1.15.1/STM32CubeIDE/plugins/com.st.stm32cube.ide.mcu.externaltools.gnu-tools-for-stm32.12.3.rel1.win32_1.0.100.202403111256/tools/bin/../lib/gcc/arm-none-eabi/12.3.1/../../../../arm-none-eabi/lib/thumb/v7e-m+dp/hard\libc_nano.a
START GROUP
LOAD C:/ST/STM32CubeIDE_1.15.1/STM32CubeIDE/plugins/com.st.stm32cube.ide.mcu.externaltools.gnu-tools-for-stm32.12.3.rel1.win32_1.0.100.202403111256/tools/bin/../lib/gcc/arm-none-eabi/12.3.1/thumb/v7e-m+dp/hard\libgcc.a
LOAD C:/ST/STM32CubeIDE_1.15.1/STM32CubeIDE/plugins/com.st.stm32cube.ide.mcu.externaltools.gnu-tools-for-stm32.12.3.rel1.win32_1.0.100.202403111256/tools/bin/../lib/gcc/arm-none-eabi/12.3.1/../../../../arm-none-eabi/lib/thumb/v7e-m+dp/hard\libc_nano.a
END GROUP
START GROUP
LOAD C:/ST/STM32CubeIDE_1.15.1/STM32CubeIDE/plugins/com.st.stm32cube.ide.mcu.externaltools.gnu-tools-for-stm32.12.3.rel1.win32_1.0.100.202403111256/tools/bin/../lib/gcc/arm-none-eabi/12.3.1/thumb/v7e-m+dp/hard\libgcc.a
LOAD C:/ST/STM32CubeIDE_1.15.1/STM32CubeIDE/plugins/com.st.stm32cube.ide.mcu.externaltools.gnu-tools-for-stm32.12.3.rel1.win32_1.0.100.202403111256/tools/bin/../lib/gcc/arm-none-eabi/12.3.1/../../../../arm-none-eabi/lib/thumb/v7e-m+dp/hard\libc_nano.a
END GROUP
LOAD C:/ST/STM32CubeIDE_1.15.1/STM32CubeIDE/plugins/com.st.stm32cube.ide.mcu.externaltools.gnu-tools-for-stm32.12.3.rel1.win32_1.0.100.202403111256/tools/bin/../lib/gcc/arm-none-eabi/12.3.1/thumb/v7e-m+dp/hard/crtend.o
LOAD C:/ST/STM32CubeIDE_1.15.1/STM32CubeIDE/plugins/com.st.stm32cube.ide.mcu.externaltools.gnu-tools-for-stm32.12.3.rel1.win32_1.0.100.202403111256/tools/bin/../lib/gcc/arm-none-eabi/12.3.1/thumb/v7e-m+dp/hard/crtn.o
                0x24100000                        _estack = (ORIGIN (RAM) + LENGTH (RAM))
                0x00000200                        _Min_Heap_Size = 0x200
                0x00000400                        _Min_Stack_Size = 0x400

.isr_vector     0x08000000      0x2ac
                0x08000000                        . = ALIGN (0x4)
 *(.isr_vector)
 .isr_vector    0x08000000      0x2ac ./Core/Startup/startup_stm32h7a3ritx.o
                0x08000000                g_pfnVectors
                0x080002ac                        . = ALIGN (0x4)

.text           0x080002b0    0x141cc
                0x080002b0                        . = ALIGN (0x4)
 *(.text)
 .text          0x080002b0       0x40 C:/ST/STM32CubeIDE_1.15.1/STM32CubeIDE/plugins/com.st.stm32cube.ide.mcu.externaltools.gnu-tools-for-stm32.12.3.rel1.win32_1.0.100.202403111256/tools/bin/../lib/gcc/arm-none-eabi/12.3.1/thumb/v7e-m+dp/hard/crtbegin.o
 .text          0x080002f0       0xa0 C:/ST/STM32CubeIDE_1.15.1/STM32CubeIDE/plugins/com.st.stm32cube.ide.mcu.externaltools.gnu-tools-for-stm32.12.3.rel1.win32_1.0.100.202403111256/tools/bin/../lib/gcc/arm-none-eabi/12.3.1/../../../../arm-none-eabi/lib/thumb/v7e-m+dp/hard\libc_nano.a(libc_a-memchr.o)
                0x080002f0                memchr
 .text          0x08000390       0x10 C:/ST/STM32CubeIDE_1.15.1/STM32CubeIDE/plugins/com.st.stm32cube.ide.mcu.externaltools.gnu-tools-for-stm32.12.3.rel1.win32_1.0.100.202403111256/tools/bin/../lib/gcc/arm-none-eabi/12.3.1/../../../../arm-none-eabi/lib/thumb/v7e-m+dp/hard\libc_nano.a(libc_a-strlen.o)
                0x08000390                strlen
 .text          0x080003a0      0x378 C:/ST/STM32CubeIDE_1.15.1/STM32CubeIDE/plugins/com.st.stm32cube.ide.mcu.externaltools.gnu-tools-for-stm32.12.3.rel1.win32_1.0.100.202403111256/tools/bin/../lib/gcc/arm-none-eabi/12.3.1/thumb/v7e-m+dp/hard\libgcc.a(_arm_addsubdf3.o)
                0x080003a0                __aeabi_drsub
                0x080003a8                __aeabi_dsub
                0x080003a8                __subdf3
                0x080003ac                __aeabi_dadd
                0x080003ac                __adddf3
                0x08000624                __floatunsidf
                0x08000624                __aeabi_ui2d
                0x08000644                __floatsidf
                0x08000644                __aeabi_i2d
                0x08000668                __aeabi_f2d
                0x08000668                __extendsfdf2
                0x080006ac                __floatundidf
                0x080006ac                __aeabi_ul2d
                0x080006bc                __floatdidf
                0x080006bc                __aeabi_l2d
 .text          0x08000718       0x30 C:/ST/STM32CubeIDE_1.15.1/STM32CubeIDE/plugins/com.st.stm32cube.ide.mcu.externaltools.gnu-tools-for-stm32.12.3.rel1.win32_1.0.100.202403111256/tools/bin/../lib/gcc/arm-none-eabi/12.3.1/thumb/v7e-m+dp/hard\libgcc.a(_aeabi_uldivmod.o)
                0x08000718                __aeabi_uldivmod
 .text          0x08000748       0x30 C:/ST/STM32CubeIDE_1.15.1/STM32CubeIDE/plugins/com.st.stm32cube.ide.mcu.externaltools.gnu-tools-for-stm32.12.3.rel1.win32_1.0.100.202403111256/tools/bin/../lib/gcc/arm-none-eabi/12.3.1/thumb/v7e-m+dp/hard\libgcc.a(_fixdfdi.o)
                0x08000748                __fixdfdi
                0x08000748                __aeabi_d2lz
 .text          0x08000778       0x40 C:/ST/STM32CubeIDE_1.15.1/STM32CubeIDE/plugins/com.st.stm32cube.ide.mcu.externaltools.gnu-tools-for-stm32.12.3.rel1.win32_1.0.100.202403111256/tools/bin/../lib/gcc/arm-none-eabi/12.3.1/thumb/v7e-m+dp/hard\libgcc.a(_fixunsdfdi.o)
                0x08000778                __fixunsdfdi
                0x08000778                __aeabi_d2ulz
 .text          0x080007b8      0x2bc C:/ST/STM32CubeIDE_1.15.1/STM32CubeIDE/plugins/com.st.stm32cube.ide.mcu.externaltools.gnu-tools-for-stm32.12.3.rel1.win32_1.0.100.202403111256/tools/bin/../lib/gcc/arm-none-eabi/12.3.1/thumb/v7e-m+dp/hard\libgcc.a(_udivmoddi4.o)
                0x080007b8                __udivmoddi4
 .text          0x08000a74        0x4 C:/ST/STM32CubeIDE_1.15.1/STM32CubeIDE/plugins/com.st.stm32cube.ide.mcu.externaltools.gnu-tools-for-stm32.12.3.rel1.win32_1.0.100.202403111256/tools/bin/../lib/gcc/arm-none-eabi/12.3.1/thumb/v7e-m+dp/hard\libgcc.a(_dvmd_tls.o)
                0x08000a74                __aeabi_idiv0
                0x08000a74                __aeabi_ldiv0
 *(.text*)
 .text._Z18calculate_checksumPKvj
                0x08000a78       0x46 ./Core/Src/SileliS_code/comunication_calculate_checksum.o
                0x08000a78                calculate_checksum(void const*, unsigned int)
 *fill*         0x08000abe        0x2 
 .text._ZN27esp32_i2cComunicationDriverC2EP9i2cMaster
                0x08000ac0       0x90 ./Core/Src/SileliS_code/esp32i2cComunicationDriver.o
                0x08000ac0                esp32_i2cComunicationDriver::esp32_i2cComunicationDriver(i2cMaster*)
                0x08000ac0                esp32_i2cComunicationDriver::esp32_i2cComunicationDriver(i2cMaster*)
 .text._ZN27esp32_i2cComunicationDriver16isCrcSumCorreectE22i2cFrame_transmitQueueh
                0x08000b50       0x60 ./Core/Src/SileliS_code/esp32i2cComunicationDriver.o
                0x08000b50                esp32_i2cComunicationDriver::isCrcSumCorreect(i2cFrame_transmitQueue, unsigned char)
 .text._ZN27esp32_i2cComunicationDriver4pingEv
                0x08000bb0       0x3c ./Core/Src/SileliS_code/esp32i2cComunicationDriver.o
                0x08000bb0                esp32_i2cComunicationDriver::ping()
 .text._ZN27esp32_i2cComunicationDriver42incrementInterruptRequestCountingSemaphoreEv
                0x08000bec       0x40 ./Core/Src/SileliS_code/esp32i2cComunicationDriver.o
                0x08000bec                esp32_i2cComunicationDriver::incrementInterruptRequestCountingSemaphore()
 .text._ZN27esp32_i2cComunicationDriverD2Ev
                0x08000c2c       0x20 ./Core/Src/SileliS_code/esp32i2cComunicationDriver.o
                0x08000c2c                esp32_i2cComunicationDriver::~esp32_i2cComunicationDriver()
                0x08000c2c                esp32_i2cComunicationDriver::~esp32_i2cComunicationDriver()
 .text._ZN27esp32_i2cComunicationDriverD0Ev
                0x08000c4c       0x20 ./Core/Src/SileliS_code/esp32i2cComunicationDriver.o
                0x08000c4c                esp32_i2cComunicationDriver::~esp32_i2cComunicationDriver()
 .text._ZN27esp32_i2cComunicationDriver29isCountingSemaphoreOverflowedEv
                0x08000c6c       0x40 ./Core/Src/SileliS_code/esp32i2cComunicationDriver.o
                0x08000c6c                esp32_i2cComunicationDriver::isCountingSemaphoreOverflowed()
 .text._ZN27esp32_i2cComunicationDriver32semaphoreTake__CountingSemaphoreEv
                0x08000cac       0x2a ./Core/Src/SileliS_code/esp32i2cComunicationDriver.o
                0x08000cac                esp32_i2cComunicationDriver::semaphoreTake__CountingSemaphore()
 .text._ZN27esp32_i2cComunicationDriver26masterReceiveFromESP32_DMAEPht
                0x08000cd6       0x2a ./Core/Src/SileliS_code/esp32i2cComunicationDriver.o
                0x08000cd6                esp32_i2cComunicationDriver::masterReceiveFromESP32_DMA(unsigned char*, unsigned short)
 .text._ZN27esp32_i2cComunicationDriver22i2cMasterSemaphoreTakeEv
                0x08000d00       0x1c ./Core/Src/SileliS_code/esp32i2cComunicationDriver.o
                0x08000d00                esp32_i2cComunicationDriver::i2cMasterSemaphoreTake()
 .text._ZN27esp32_i2cComunicationDriver22i2cMasterSemaphoreGiveEv
                0x08000d1c       0x1c ./Core/Src/SileliS_code/esp32i2cComunicationDriver.o
                0x08000d1c                esp32_i2cComunicationDriver::i2cMasterSemaphoreGive()
 .text._ZN27esp32_i2cComunicationDriver21while_I2C_STATE_READYEv
                0x08000d38       0x1a ./Core/Src/SileliS_code/esp32i2cComunicationDriver.o
                0x08000d38                esp32_i2cComunicationDriver::while_I2C_STATE_READY()
 *fill*         0x08000d52        0x2 
 .text._ZN27esp32_i2cComunicationDriver33seteDynamicmMemeoryAlocationErrorEv
                0x08000d54       0x20 ./Core/Src/SileliS_code/esp32i2cComunicationDriver.o
                0x08000d54                esp32_i2cComunicationDriver::seteDynamicmMemeoryAlocationError()
 .text._ZN27esp32_i2cComunicationDriver17parseReceivedDataE22i2cFrame_transmitQueue
                0x08000d74       0x80 ./Core/Src/SileliS_code/esp32i2cComunicationDriver.o
                0x08000d74                esp32_i2cComunicationDriver::parseReceivedData(i2cFrame_transmitQueue)
 .text._ZN14parserFunction8keyboardEP22i2cFrame_keyboardFrame
                0x08000df4       0x1c ./Core/Src/SileliS_code/esp32i2cComunicationDriver.o
                0x08000df4                parserFunction::keyboard(i2cFrame_keyboardFrame*)
 .text._ZN9i2cMasterC2EP19__I2C_HandleTypeDef
                0x08000e10       0xd4 ./Core/Src/SileliS_code/i2cEngine.o
                0x08000e10                i2cMaster::i2cMaster(__I2C_HandleTypeDef*)
                0x08000e10                i2cMaster::i2cMaster(__I2C_HandleTypeDef*)
 .text._ZN9i2cMaster22i2cMasterSemaphoreTakeEv
                0x08000ee4       0x20 ./Core/Src/SileliS_code/i2cEngine.o
                0x08000ee4                i2cMaster::i2cMasterSemaphoreTake()
 .text._ZN9i2cMaster22i2cMasterSemaphoreGiveEv
                0x08000f04       0x20 ./Core/Src/SileliS_code/i2cEngine.o
                0x08000f04                i2cMaster::i2cMasterSemaphoreGive()
 .text._ZN9i2cMaster4pingEt
                0x08000f24       0x74 ./Core/Src/SileliS_code/i2cEngine.o
                0x08000f24                i2cMaster::ping(unsigned short)
 .text._ZN9i2cMasterD2Ev
                0x08000f98       0x54 ./Core/Src/SileliS_code/i2cEngine.o
                0x08000f98                i2cMaster::~i2cMaster()
                0x08000f98                i2cMaster::~i2cMaster()
 .text._ZN9i2cMasterD0Ev
                0x08000fec       0x20 ./Core/Src/SileliS_code/i2cEngine.o
                0x08000fec                i2cMaster::~i2cMaster()
 .text._ZN9i2cMaster21while_I2C_STATE_READYEv
                0x0800100c       0x2e ./Core/Src/SileliS_code/i2cEngine.o
                0x0800100c                i2cMaster::while_I2C_STATE_READY()
 .text._ZN9i2cMaster22I2C_Master_Receive_DMAEtPht
                0x0800103a       0x36 ./Core/Src/SileliS_code/i2cEngine.o
                0x0800103a                i2cMaster::I2C_Master_Receive_DMA(unsigned short, unsigned char*, unsigned short)
 .text._ZN20i2cQueue4DynamicDataC2Em
                0x08001070       0x54 ./Core/Src/SileliS_code/i2c_slave_master_queueClass.o
                0x08001070                i2cQueue4DynamicData::i2cQueue4DynamicData(unsigned long)
                0x08001070                i2cQueue4DynamicData::i2cQueue4DynamicData(unsigned long)
 .text._ZN20i2cQueue4DynamicDataD2Ev
                0x080010c4       0x46 ./Core/Src/SileliS_code/i2c_slave_master_queueClass.o
                0x080010c4                i2cQueue4DynamicData::~i2cQueue4DynamicData()
                0x080010c4                i2cQueue4DynamicData::~i2cQueue4DynamicData()
 .text._ZN20i2cQueue4DynamicData26QueueDeleteDataFromPointerE22i2cFrame_transmitQueue
                0x0800110a       0x24 ./Core/Src/SileliS_code/i2c_slave_master_queueClass.o
                0x0800110a                i2cQueue4DynamicData::QueueDeleteDataFromPointer(i2cFrame_transmitQueue)
 .text._ZN20i2cQueue4DynamicData12QueueReceiveEP22i2cFrame_transmitQueuem
                0x0800112e       0x24 ./Core/Src/SileliS_code/i2c_slave_master_queueClass.o
                0x0800112e                i2cQueue4DynamicData::QueueReceive(i2cFrame_transmitQueue*, unsigned long)
 .text._ZN20i2cQueue4DynamicData9QueueSendEP22i2cFrame_transmitQueue
                0x08001152       0x42 ./Core/Src/SileliS_code/i2c_slave_master_queueClass.o
                0x08001152                i2cQueue4DynamicData::QueueSend(i2cFrame_transmitQueue*)
 .text._ZN8menuItemC2EPKch
                0x08001194       0x50 ./Core/Src/SileliS_code/menuItem.o
                0x08001194                menuItem::menuItem(char const*, unsigned char)
                0x08001194                menuItem::menuItem(char const*, unsigned char)
 .text._ZN8menuItem30delete_pExecutableButtonsArrayEv
                0x080011e4       0x2a ./Core/Src/SileliS_code/menuItem.o
                0x080011e4                menuItem::delete_pExecutableButtonsArray()
 *fill*         0x0800120e        0x2 
 .text._ZN8menuItem30create_pExecutableButtonsArrayEh
                0x08001210       0x7c ./Core/Src/SileliS_code/menuItem.o
                0x08001210                menuItem::create_pExecutableButtonsArray(unsigned char)
 .text._ZN8menuItemD2Ev
                0x0800128c       0x18 ./Core/Src/SileliS_code/menuItem.o
                0x0800128c                menuItem::~menuItem()
                0x0800128c                menuItem::~menuItem()
 .text._ZN6myListC2EPKch
                0x080012a4       0x60 ./Core/Src/SileliS_code/myList.o
                0x080012a4                myList::myList(char const*, unsigned char)
                0x080012a4                myList::myList(char const*, unsigned char)
 .text._ZN6myListD2Ev
                0x08001304       0x1a ./Core/Src/SileliS_code/myList.o
                0x08001304                myList::~myList()
                0x08001304                myList::~myList()
 *fill*         0x0800131e        0x2 
 .text._ZN6myList14addAtBeginningEPKch
                0x08001320       0x64 ./Core/Src/SileliS_code/myList.o
                0x08001320                myList::addAtBeginning(char const*, unsigned char)
 .text._ZN6myList12resetToFirstEv
                0x08001384       0x24 ./Core/Src/SileliS_code/myList.o
                0x08001384                myList::resetToFirst()
 .text._ZNK6myList9printListEv
                0x080013a8       0x40 ./Core/Src/SileliS_code/myList.o
                0x080013a8                myList::printList() const
 .text._ZN6myList13renumberNodesEv
                0x080013e8       0x40 ./Core/Src/SileliS_code/myList.o
                0x080013e8                myList::renumberNodes()
 .text._ZNK6myList10canAddItemEv
                0x08001428       0x28 ./Core/Src/SileliS_code/myList.o
                0x08001428                myList::canAddItem() const
 .text._ZN6myList10deleteListEv
                0x08001450       0x5c ./Core/Src/SileliS_code/myList.o
                0x08001450                myList::deleteList()
 .text.__io_putchar
                0x080014ac       0x24 ./Core/Src/SileliS_code/printfRedirect.o
                0x080014ac                __io_putchar
 .text._ZL35i2cMaster_pReceiveQueueObjectParserPv
                0x080014d0       0x90 ./Core/Src/SileliS_code/tasksFunctions.o
 .text._ZL29esp32IntrrruptRequestCallbackPv
                0x08001560       0xb8 ./Core/Src/SileliS_code/tasksFunctions.o
 .text._Z17initTaskFunctionsv
                0x08001618      0x1fc ./Core/Src/SileliS_code/tasksFunctions.o
                0x08001618                initTaskFunctions()
 .text.HAL_GPIO_EXTI_Callback
                0x08001814       0x20 ./Core/Src/SileliS_code/tasksFunctions.o
                0x08001814                HAL_GPIO_EXTI_Callback
 .text.MX_DMA_Init
                0x08001834       0x50 ./Core/Src/dma.o
                0x08001834                MX_DMA_Init
 .text.PreSleepProcessing
                0x08001884       0x14 ./Core/Src/freertos.o
                0x08001884                PreSleepProcessing
 .text.PostSleepProcessing
                0x08001898       0x14 ./Core/Src/freertos.o
                0x08001898                PostSleepProcessing
 .text.MX_FREERTOS_Init
                0x080018ac       0x24 ./Core/Src/freertos.o
                0x080018ac                MX_FREERTOS_Init
 .text.StartDefaultTask
                0x080018d0       0x10 ./Core/Src/freertos.o
                0x080018d0                StartDefaultTask
 .text.MX_GPIO_Init
                0x080018e0       0x8c ./Core/Src/gpio.o
                0x080018e0                MX_GPIO_Init
 .text.MX_I2C1_Init
                0x0800196c       0x80 ./Core/Src/i2c.o
                0x0800196c                MX_I2C1_Init
 .text.HAL_I2C_MspInit
                0x080019ec      0x1b8 ./Core/Src/i2c.o
                0x080019ec                HAL_I2C_MspInit
 .text.HAL_I2C_MspDeInit
                0x08001ba4       0x6c ./Core/Src/i2c.o
                0x08001ba4                HAL_I2C_MspDeInit
 .text.main     0x08001c10       0x30 ./Core/Src/main.o
                0x08001c10                main
 .text.SystemClock_Config
                0x08001c40      0x108 ./Core/Src/main.o
                0x08001c40                SystemClock_Config
 .text.HAL_TIM_PeriodElapsedCallback
                0x08001d48       0x24 ./Core/Src/main.o
                0x08001d48                HAL_TIM_PeriodElapsedCallback
 .text.Error_Handler
                0x08001d6c        0xc ./Core/Src/main.o
                0x08001d6c                Error_Handler
 .text.HAL_MspInit
                0x08001d78       0x3c ./Core/Src/stm32h7xx_hal_msp.o
                0x08001d78                HAL_MspInit
 .text.HAL_InitTick
                0x08001db4       0xc4 ./Core/Src/stm32h7xx_hal_timebase_tim.o
                0x08001db4                HAL_InitTick
 .text.NMI_Handler
                0x08001e78        0x8 ./Core/Src/stm32h7xx_it.o
                0x08001e78                NMI_Handler
 .text.HardFault_Handler
                0x08001e80        0x8 ./Core/Src/stm32h7xx_it.o
                0x08001e80                HardFault_Handler
 .text.MemManage_Handler
                0x08001e88        0x8 ./Core/Src/stm32h7xx_it.o
                0x08001e88                MemManage_Handler
 .text.BusFault_Handler
                0x08001e90        0x8 ./Core/Src/stm32h7xx_it.o
                0x08001e90                BusFault_Handler
 .text.UsageFault_Handler
                0x08001e98        0x8 ./Core/Src/stm32h7xx_it.o
                0x08001e98                UsageFault_Handler
 .text.DebugMon_Handler
                0x08001ea0        0xe ./Core/Src/stm32h7xx_it.o
                0x08001ea0                DebugMon_Handler
 *fill*         0x08001eae        0x2 
 .text.DMA1_Stream0_IRQHandler
                0x08001eb0       0x14 ./Core/Src/stm32h7xx_it.o
                0x08001eb0                DMA1_Stream0_IRQHandler
 .text.DMA1_Stream1_IRQHandler
                0x08001ec4       0x14 ./Core/Src/stm32h7xx_it.o
                0x08001ec4                DMA1_Stream1_IRQHandler
 .text.EXTI9_5_IRQHandler
                0x08001ed8        0xe ./Core/Src/stm32h7xx_it.o
                0x08001ed8                EXTI9_5_IRQHandler
 *fill*         0x08001ee6        0x2 
 .text.TIM1_UP_IRQHandler
                0x08001ee8       0x14 ./Core/Src/stm32h7xx_it.o
                0x08001ee8                TIM1_UP_IRQHandler
 .text.I2C1_EV_IRQHandler
                0x08001efc       0x14 ./Core/Src/stm32h7xx_it.o
                0x08001efc                I2C1_EV_IRQHandler
 .text.I2C1_ER_IRQHandler
                0x08001f10       0x14 ./Core/Src/stm32h7xx_it.o
                0x08001f10                I2C1_ER_IRQHandler
 .text._getpid  0x08001f24       0x10 ./Core/Src/syscalls.o
                0x08001f24                _getpid
 .text._kill    0x08001f34       0x20 ./Core/Src/syscalls.o
                0x08001f34                _kill
 .text._exit    0x08001f54       0x16 ./Core/Src/syscalls.o
                0x08001f54                _exit
 .text._read    0x08001f6a       0x3a ./Core/Src/syscalls.o
                0x08001f6a                _read
 .text._write   0x08001fa4       0x38 ./Core/Src/syscalls.o
                0x08001fa4                _write
 .text._close   0x08001fdc       0x18 ./Core/Src/syscalls.o
                0x08001fdc                _close
 .text._fstat   0x08001ff4       0x20 ./Core/Src/syscalls.o
                0x08001ff4                _fstat
 .text._isatty  0x08002014       0x16 ./Core/Src/syscalls.o
                0x08002014                _isatty
 .text._lseek   0x0800202a       0x1a ./Core/Src/syscalls.o
                0x0800202a                _lseek
 .text._sbrk    0x08002044       0x6c ./Core/Src/sysmem.o
                0x08002044                _sbrk
 .text.SystemInit
                0x080020b0       0xf0 ./Core/Src/system_stm32h7xx.o
                0x080020b0                SystemInit
 .text.MX_USART1_UART_Init
                0x080021a0       0x98 ./Core/Src/usart.o
                0x080021a0                MX_USART1_UART_Init
 .text.HAL_UART_MspInit
                0x08002238       0xd4 ./Core/Src/usart.o
                0x08002238                HAL_UART_MspInit
 .text.Reset_Handler
                0x0800230c       0x50 ./Core/Startup/startup_stm32h7a3ritx.o
                0x0800230c                Reset_Handler
 .text.Default_Handler
                0x0800235c        0x2 ./Core/Startup/startup_stm32h7a3ritx.o
                0x0800235c                RTC_Alarm_IRQHandler
                0x0800235c                EXTI2_IRQHandler
                0x0800235c                TIM8_CC_IRQHandler
                0x0800235c                UART8_IRQHandler
                0x0800235c                BDMA2_Channel1_IRQHandler
                0x0800235c                SPI4_IRQHandler
                0x0800235c                BDMA2_Channel0_IRQHandler
                0x0800235c                TIM1_CC_IRQHandler
                0x0800235c                DMA2_Stream5_IRQHandler
                0x0800235c                JPEG_IRQHandler
                0x0800235c                DMA1_Stream5_IRQHandler
                0x0800235c                EXTI3_IRQHandler
                0x0800235c                LPTIM4_IRQHandler
                0x0800235c                TIM8_TRG_COM_TIM14_IRQHandler
                0x0800235c                LPTIM2_IRQHandler
                0x0800235c                DFSDM1_FLT1_IRQHandler
                0x0800235c                DMAMUX2_OVR_IRQHandler
                0x0800235c                GFXMMU_IRQHandler
                0x0800235c                TIM8_UP_TIM13_IRQHandler
                0x0800235c                I2C3_ER_IRQHandler
                0x0800235c                DFSDM1_FLT2_IRQHandler
                0x0800235c                USART10_IRQHandler
                0x0800235c                MDMA_IRQHandler
                0x0800235c                LPTIM3_IRQHandler
                0x0800235c                BDMA2_Channel3_IRQHandler
                0x0800235c                HSEM1_IRQHandler
                0x0800235c                EXTI0_IRQHandler
                0x0800235c                I2C2_EV_IRQHandler
                0x0800235c                DAC2_IRQHandler
                0x0800235c                DMA1_Stream2_IRQHandler
                0x0800235c                FPU_IRQHandler
                0x0800235c                OTG_HS_WKUP_IRQHandler
                0x0800235c                FDCAN1_IT1_IRQHandler
                0x0800235c                LTDC_ER_IRQHandler
                0x0800235c                DMA2_Stream2_IRQHandler
                0x0800235c                SPI1_IRQHandler
                0x0800235c                OCTOSPI1_IRQHandler
                0x0800235c                TIM6_DAC_IRQHandler
                0x0800235c                BDMA2_Channel6_IRQHandler
                0x0800235c                DMA2_Stream3_IRQHandler
                0x0800235c                OCTOSPI2_IRQHandler
                0x0800235c                SAI2_IRQHandler
                0x0800235c                BDMA1_IRQHandler
                0x0800235c                DFSDM1_FLT3_IRQHandler
                0x0800235c                USART6_IRQHandler
                0x0800235c                TIM17_IRQHandler
                0x0800235c                USART3_IRQHandler
                0x0800235c                LPTIM5_IRQHandler
                0x0800235c                UART5_IRQHandler
                0x0800235c                DMA2_Stream0_IRQHandler
                0x0800235c                TIM4_IRQHandler
                0x0800235c                DMA1_Stream6_IRQHandler
                0x0800235c                DMAMUX1_OVR_IRQHandler
                0x0800235c                TIM16_IRQHandler
                0x0800235c                UART4_IRQHandler
                0x0800235c                TIM3_IRQHandler
                0x0800235c                RCC_IRQHandler
                0x0800235c                UART9_IRQHandler
                0x0800235c                TIM8_BRK_TIM12_IRQHandler
                0x0800235c                TIM1_TRG_COM_IRQHandler
                0x0800235c                Default_Handler
                0x0800235c                ECC_IRQHandler
                0x0800235c                BDMA2_Channel2_IRQHandler
                0x0800235c                CEC_IRQHandler
                0x0800235c                EXTI15_10_IRQHandler
                0x0800235c                DFSDM1_FLT4_IRQHandler
                0x0800235c                ADC_IRQHandler
                0x0800235c                DMA1_Stream7_IRQHandler
                0x0800235c                SPI5_IRQHandler
                0x0800235c                TIM7_IRQHandler
                0x0800235c                SDMMC1_IRQHandler
                0x0800235c                TIM5_IRQHandler
                0x0800235c                DMA2_Stream7_IRQHandler
                0x0800235c                TIM15_IRQHandler
                0x0800235c                I2C3_EV_IRQHandler
                0x0800235c                DFSDM2_IRQHandler
                0x0800235c                RTC_WKUP_IRQHandler
                0x0800235c                LTDC_IRQHandler
                0x0800235c                SPDIF_RX_IRQHandler
                0x0800235c                PVD_PVM_IRQHandler
                0x0800235c                SPI2_IRQHandler
                0x0800235c                OTG_HS_EP1_IN_IRQHandler
                0x0800235c                DFSDM1_FLT5_IRQHandler
                0x0800235c                CRS_IRQHandler
                0x0800235c                EXTI4_IRQHandler
                0x0800235c                DFSDM1_FLT6_IRQHandler
                0x0800235c                RNG_IRQHandler
                0x0800235c                FDCAN2_IT1_IRQHandler
                0x0800235c                COMP_IRQHandler
                0x0800235c                OTG_HS_EP1_OUT_IRQHandler
                0x0800235c                WWDG_IRQHandler
                0x0800235c                SPI6_IRQHandler
                0x0800235c                MDIOS_IRQHandler
                0x0800235c                I2C4_EV_IRQHandler
                0x0800235c                FDCAN2_IT0_IRQHandler
                0x0800235c                LPUART1_IRQHandler
                0x0800235c                FDCAN1_IT0_IRQHandler
                0x0800235c                TIM2_IRQHandler
                0x0800235c                BDMA2_Channel5_IRQHandler
                0x0800235c                OTG_HS_IRQHandler
                0x0800235c                DMA2D_IRQHandler
                0x0800235c                TIM1_BRK_IRQHandler
                0x0800235c                EXTI1_IRQHandler
                0x0800235c                SDMMC2_IRQHandler
                0x0800235c                DTS_IRQHandler
                0x0800235c                UART7_IRQHandler
                0x0800235c                MDIOS_WKUP_IRQHandler
                0x0800235c                USART2_IRQHandler
                0x0800235c                DFSDM1_FLT0_IRQHandler
                0x0800235c                I2C2_ER_IRQHandler
                0x0800235c                DMA2_Stream1_IRQHandler
                0x0800235c                DFSDM1_FLT7_IRQHandler
                0x0800235c                FLASH_IRQHandler
                0x0800235c                DMA2_Stream4_IRQHandler
                0x0800235c                USART1_IRQHandler
                0x0800235c                SPI3_IRQHandler
                0x0800235c                WAKEUP_PIN_IRQHandler
                0x0800235c                DMA1_Stream4_IRQHandler
                0x0800235c                FMC_IRQHandler
                0x0800235c                BDMA2_Channel7_IRQHandler
                0x0800235c                FDCAN_CAL_IRQHandler
                0x0800235c                SWPMI1_IRQHandler
                0x0800235c                LPTIM1_IRQHandler
                0x0800235c                DCMI_PSSI_IRQHandler
                0x0800235c                I2C4_ER_IRQHandler
                0x0800235c                DMA2_Stream6_IRQHandler
                0x0800235c                SAI1_IRQHandler
                0x0800235c                DMA1_Stream3_IRQHandler
                0x0800235c                RTC_TAMP_STAMP_CSS_LSE_IRQHandler
                0x0800235c                BDMA2_Channel4_IRQHandler
 *fill*         0x0800235e        0x2 
 .text.HAL_Init
                0x08002360       0x78 ./Drivers/STM32H7xx_HAL_Driver/Src/stm32h7xx_hal.o
                0x08002360                HAL_Init
 .text.HAL_IncTick
                0x080023d8       0x28 ./Drivers/STM32H7xx_HAL_Driver/Src/stm32h7xx_hal.o
                0x080023d8                HAL_IncTick
 .text.HAL_GetTick
                0x08002400       0x18 ./Drivers/STM32H7xx_HAL_Driver/Src/stm32h7xx_hal.o
                0x08002400                HAL_GetTick
 .text.__NVIC_SetPriorityGrouping
                0x08002418       0x48 ./Drivers/STM32H7xx_HAL_Driver/Src/stm32h7xx_hal_cortex.o
 .text.__NVIC_GetPriorityGrouping
                0x08002460       0x1c ./Drivers/STM32H7xx_HAL_Driver/Src/stm32h7xx_hal_cortex.o
 .text.__NVIC_EnableIRQ
                0x0800247c       0x3c ./Drivers/STM32H7xx_HAL_Driver/Src/stm32h7xx_hal_cortex.o
 .text.__NVIC_DisableIRQ
                0x080024b8       0x48 ./Drivers/STM32H7xx_HAL_Driver/Src/stm32h7xx_hal_cortex.o
 .text.__NVIC_SetPriority
                0x08002500       0x54 ./Drivers/STM32H7xx_HAL_Driver/Src/stm32h7xx_hal_cortex.o
 .text.NVIC_EncodePriority
                0x08002554       0x66 ./Drivers/STM32H7xx_HAL_Driver/Src/stm32h7xx_hal_cortex.o
 .text.HAL_NVIC_SetPriorityGrouping
                0x080025ba       0x16 ./Drivers/STM32H7xx_HAL_Driver/Src/stm32h7xx_hal_cortex.o
                0x080025ba                HAL_NVIC_SetPriorityGrouping
 .text.HAL_NVIC_SetPriority
                0x080025d0       0x34 ./Drivers/STM32H7xx_HAL_Driver/Src/stm32h7xx_hal_cortex.o
                0x080025d0                HAL_NVIC_SetPriority
 .text.HAL_NVIC_EnableIRQ
                0x08002604       0x1c ./Drivers/STM32H7xx_HAL_Driver/Src/stm32h7xx_hal_cortex.o
                0x08002604                HAL_NVIC_EnableIRQ
 .text.HAL_NVIC_DisableIRQ
                0x08002620       0x1c ./Drivers/STM32H7xx_HAL_Driver/Src/stm32h7xx_hal_cortex.o
                0x08002620                HAL_NVIC_DisableIRQ
 .text.HAL_DMA_Init
                0x0800263c      0x71c ./Drivers/STM32H7xx_HAL_Driver/Src/stm32h7xx_hal_dma.o
                0x0800263c                HAL_DMA_Init
 .text.HAL_DMA_DeInit
                0x08002d58      0x518 ./Drivers/STM32H7xx_HAL_Driver/Src/stm32h7xx_hal_dma.o
                0x08002d58                HAL_DMA_DeInit
 .text.HAL_DMA_Start_IT
                0x08003270      0x4d4 ./Drivers/STM32H7xx_HAL_Driver/Src/stm32h7xx_hal_dma.o
                0x08003270                HAL_DMA_Start_IT
 .text.HAL_DMA_Abort_IT
                0x08003744      0x48c ./Drivers/STM32H7xx_HAL_Driver/Src/stm32h7xx_hal_dma.o
                0x08003744                HAL_DMA_Abort_IT
 .text.HAL_DMA_IRQHandler
                0x08003bd0      0xec4 ./Drivers/STM32H7xx_HAL_Driver/Src/stm32h7xx_hal_dma.o
                0x08003bd0                HAL_DMA_IRQHandler
 .text.HAL_DMA_GetState
                0x08004a94       0x1c ./Drivers/STM32H7xx_HAL_Driver/Src/stm32h7xx_hal_dma.o
                0x08004a94                HAL_DMA_GetState
 .text.HAL_DMA_GetError
                0x08004ab0       0x18 ./Drivers/STM32H7xx_HAL_Driver/Src/stm32h7xx_hal_dma.o
                0x08004ab0                HAL_DMA_GetError
 .text.DMA_SetConfig
                0x08004ac8      0x3c8 ./Drivers/STM32H7xx_HAL_Driver/Src/stm32h7xx_hal_dma.o
 .text.DMA_CalcBaseAndBitshift
                0x08004e90      0x164 ./Drivers/STM32H7xx_HAL_Driver/Src/stm32h7xx_hal_dma.o
 .text.DMA_CheckFifoParam
                0x08004ff4       0xf8 ./Drivers/STM32H7xx_HAL_Driver/Src/stm32h7xx_hal_dma.o
 .text.DMA_CalcDMAMUXChannelBaseAndMask
                0x080050ec      0x134 ./Drivers/STM32H7xx_HAL_Driver/Src/stm32h7xx_hal_dma.o
 .text.DMA_CalcDMAMUXRequestGenBaseAndMask
                0x08005220       0xe8 ./Drivers/STM32H7xx_HAL_Driver/Src/stm32h7xx_hal_dma.o
 .text.HAL_GPIO_Init
                0x08005308      0x360 ./Drivers/STM32H7xx_HAL_Driver/Src/stm32h7xx_hal_gpio.o
                0x08005308                HAL_GPIO_Init
 .text.HAL_GPIO_DeInit
                0x08005668      0x214 ./Drivers/STM32H7xx_HAL_Driver/Src/stm32h7xx_hal_gpio.o
                0x08005668                HAL_GPIO_DeInit
 .text.HAL_GPIO_EXTI_IRQHandler
                0x0800587c       0x34 ./Drivers/STM32H7xx_HAL_Driver/Src/stm32h7xx_hal_gpio.o
                0x0800587c                HAL_GPIO_EXTI_IRQHandler
 .text.HAL_I2C_Init
                0x080058b0      0x138 ./Drivers/STM32H7xx_HAL_Driver/Src/stm32h7xx_hal_i2c.o
                0x080058b0                HAL_I2C_Init
 .text.HAL_I2C_DeInit
                0x080059e8       0x5e ./Drivers/STM32H7xx_HAL_Driver/Src/stm32h7xx_hal_i2c.o
                0x080059e8                HAL_I2C_DeInit
 *fill*         0x08005a46        0x2 
 .text.HAL_I2C_Master_Receive_DMA
                0x08005a48      0x1e0 ./Drivers/STM32H7xx_HAL_Driver/Src/stm32h7xx_hal_i2c.o
                0x08005a48                HAL_I2C_Master_Receive_DMA
 .text.HAL_I2C_IsDeviceReady
                0x08005c28      0x1d8 ./Drivers/STM32H7xx_HAL_Driver/Src/stm32h7xx_hal_i2c.o
                0x08005c28                HAL_I2C_IsDeviceReady
 .text.HAL_I2C_EV_IRQHandler
                0x08005e00       0x34 ./Drivers/STM32H7xx_HAL_Driver/Src/stm32h7xx_hal_i2c.o
                0x08005e00                HAL_I2C_EV_IRQHandler
 .text.HAL_I2C_ER_IRQHandler
                0x08005e34       0xb6 ./Drivers/STM32H7xx_HAL_Driver/Src/stm32h7xx_hal_i2c.o
                0x08005e34                HAL_I2C_ER_IRQHandler
 .text.HAL_I2C_MasterTxCpltCallback
                0x08005eea       0x14 ./Drivers/STM32H7xx_HAL_Driver/Src/stm32h7xx_hal_i2c.o
                0x08005eea                HAL_I2C_MasterTxCpltCallback
 .text.HAL_I2C_MasterRxCpltCallback
                0x08005efe       0x14 ./Drivers/STM32H7xx_HAL_Driver/Src/stm32h7xx_hal_i2c.o
                0x08005efe                HAL_I2C_MasterRxCpltCallback
 .text.HAL_I2C_SlaveTxCpltCallback
                0x08005f12       0x14 ./Drivers/STM32H7xx_HAL_Driver/Src/stm32h7xx_hal_i2c.o
                0x08005f12                HAL_I2C_SlaveTxCpltCallback
 .text.HAL_I2C_SlaveRxCpltCallback
                0x08005f26       0x14 ./Drivers/STM32H7xx_HAL_Driver/Src/stm32h7xx_hal_i2c.o
                0x08005f26                HAL_I2C_SlaveRxCpltCallback
 .text.HAL_I2C_AddrCallback
                0x08005f3a       0x1c ./Drivers/STM32H7xx_HAL_Driver/Src/stm32h7xx_hal_i2c.o
                0x08005f3a                HAL_I2C_AddrCallback
 .text.HAL_I2C_ListenCpltCallback
                0x08005f56       0x14 ./Drivers/STM32H7xx_HAL_Driver/Src/stm32h7xx_hal_i2c.o
                0x08005f56                HAL_I2C_ListenCpltCallback
 .text.HAL_I2C_MemTxCpltCallback
                0x08005f6a       0x14 ./Drivers/STM32H7xx_HAL_Driver/Src/stm32h7xx_hal_i2c.o
                0x08005f6a                HAL_I2C_MemTxCpltCallback
 .text.HAL_I2C_MemRxCpltCallback
                0x08005f7e       0x14 ./Drivers/STM32H7xx_HAL_Driver/Src/stm32h7xx_hal_i2c.o
                0x08005f7e                HAL_I2C_MemRxCpltCallback
 .text.HAL_I2C_ErrorCallback
                0x08005f92       0x14 ./Drivers/STM32H7xx_HAL_Driver/Src/stm32h7xx_hal_i2c.o
                0x08005f92                HAL_I2C_ErrorCallback
 .text.HAL_I2C_AbortCpltCallback
                0x08005fa6       0x14 ./Drivers/STM32H7xx_HAL_Driver/Src/stm32h7xx_hal_i2c.o
                0x08005fa6                HAL_I2C_AbortCpltCallback
 .text.HAL_I2C_GetState
                0x08005fba       0x1c ./Drivers/STM32H7xx_HAL_Driver/Src/stm32h7xx_hal_i2c.o
                0x08005fba                HAL_I2C_GetState
 .text.I2C_Master_ISR_IT
                0x08005fd6      0x24e ./Drivers/STM32H7xx_HAL_Driver/Src/stm32h7xx_hal_i2c.o
 .text.I2C_Slave_ISR_IT
                0x08006224      0x1f2 ./Drivers/STM32H7xx_HAL_Driver/Src/stm32h7xx_hal_i2c.o
 .text.I2C_Master_ISR_DMA
                0x08006416      0x1d6 ./Drivers/STM32H7xx_HAL_Driver/Src/stm32h7xx_hal_i2c.o
 .text.I2C_Mem_ISR_DMA
                0x080065ec      0x24c ./Drivers/STM32H7xx_HAL_Driver/Src/stm32h7xx_hal_i2c.o
 .text.I2C_Slave_ISR_DMA
                0x08006838      0x3b4 ./Drivers/STM32H7xx_HAL_Driver/Src/stm32h7xx_hal_i2c.o
 .text.I2C_ITAddrCplt
                0x08006bec      0x108 ./Drivers/STM32H7xx_HAL_Driver/Src/stm32h7xx_hal_i2c.o
 .text.I2C_ITMasterSeqCplt
                0x08006cf4       0x7a ./Drivers/STM32H7xx_HAL_Driver/Src/stm32h7xx_hal_i2c.o
 .text.I2C_ITSlaveSeqCplt
                0x08006d6e       0xb8 ./Drivers/STM32H7xx_HAL_Driver/Src/stm32h7xx_hal_i2c.o
 *fill*         0x08006e26        0x2 
 .text.I2C_ITMasterCplt
                0x08006e28      0x190 ./Drivers/STM32H7xx_HAL_Driver/Src/stm32h7xx_hal_i2c.o
 .text.I2C_ITSlaveCplt
                0x08006fb8      0x4a8 ./Drivers/STM32H7xx_HAL_Driver/Src/stm32h7xx_hal_i2c.o
 .text.I2C_ITListenCplt
                0x08007460       0xa8 ./Drivers/STM32H7xx_HAL_Driver/Src/stm32h7xx_hal_i2c.o
 .text.I2C_ITError
                0x08007508      0x1e0 ./Drivers/STM32H7xx_HAL_Driver/Src/stm32h7xx_hal_i2c.o
 .text.I2C_TreatErrorCallback
                0x080076e8       0x4e ./Drivers/STM32H7xx_HAL_Driver/Src/stm32h7xx_hal_i2c.o
 .text.I2C_Flush_TXDR
                0x08007736       0x48 ./Drivers/STM32H7xx_HAL_Driver/Src/stm32h7xx_hal_i2c.o
 .text.I2C_DMAMasterReceiveCplt
                0x0800777e       0x96 ./Drivers/STM32H7xx_HAL_Driver/Src/stm32h7xx_hal_i2c.o
 .text.I2C_DMAError
                0x08007814      0x274 ./Drivers/STM32H7xx_HAL_Driver/Src/stm32h7xx_hal_i2c.o
 .text.I2C_DMAAbort
                0x08007a88       0x3c ./Drivers/STM32H7xx_HAL_Driver/Src/stm32h7xx_hal_i2c.o
 .text.I2C_WaitOnFlagUntilTimeout
                0x08007ac4       0xb2 ./Drivers/STM32H7xx_HAL_Driver/Src/stm32h7xx_hal_i2c.o
 *fill*         0x08007b76        0x2 
 .text.I2C_IsErrorOccurred
                0x08007b78      0x1c0 ./Drivers/STM32H7xx_HAL_Driver/Src/stm32h7xx_hal_i2c.o
 .text.I2C_TransferConfig
                0x08007d38       0x64 ./Drivers/STM32H7xx_HAL_Driver/Src/stm32h7xx_hal_i2c.o
 .text.I2C_Enable_IRQ
                0x08007d9c      0x108 ./Drivers/STM32H7xx_HAL_Driver/Src/stm32h7xx_hal_i2c.o
 .text.I2C_Disable_IRQ
                0x08007ea4       0xbc ./Drivers/STM32H7xx_HAL_Driver/Src/stm32h7xx_hal_i2c.o
 .text.HAL_I2CEx_ConfigAnalogFilter
                0x08007f60       0x96 ./Drivers/STM32H7xx_HAL_Driver/Src/stm32h7xx_hal_i2c_ex.o
                0x08007f60                HAL_I2CEx_ConfigAnalogFilter
 .text.HAL_I2CEx_ConfigDigitalFilter
                0x08007ff6       0x98 ./Drivers/STM32H7xx_HAL_Driver/Src/stm32h7xx_hal_i2c_ex.o
                0x08007ff6                HAL_I2CEx_ConfigDigitalFilter
 *fill*         0x0800808e        0x2 
 .text.HAL_PWREx_ConfigSupply
                0x08008090       0x74 ./Drivers/STM32H7xx_HAL_Driver/Src/stm32h7xx_hal_pwr_ex.o
                0x08008090                HAL_PWREx_ConfigSupply
 .text.HAL_RCC_OscConfig
                0x08008104      0x864 ./Drivers/STM32H7xx_HAL_Driver/Src/stm32h7xx_hal_rcc.o
                0x08008104                HAL_RCC_OscConfig
 .text.HAL_RCC_ClockConfig
                0x08008968      0x36c ./Drivers/STM32H7xx_HAL_Driver/Src/stm32h7xx_hal_rcc.o
                0x08008968                HAL_RCC_ClockConfig
 .text.HAL_RCC_GetSysClockFreq
                0x08008cd4      0x2f4 ./Drivers/STM32H7xx_HAL_Driver/Src/stm32h7xx_hal_rcc.o
                0x08008cd4                HAL_RCC_GetSysClockFreq
 .text.HAL_RCC_GetHCLKFreq
                0x08008fc8       0x60 ./Drivers/STM32H7xx_HAL_Driver/Src/stm32h7xx_hal_rcc.o
                0x08008fc8                HAL_RCC_GetHCLKFreq
 .text.HAL_RCC_GetPCLK1Freq
                0x08009028       0x2c ./Drivers/STM32H7xx_HAL_Driver/Src/stm32h7xx_hal_rcc.o
                0x08009028                HAL_RCC_GetPCLK1Freq
 .text.HAL_RCC_GetPCLK2Freq
                0x08009054       0x2c ./Drivers/STM32H7xx_HAL_Driver/Src/stm32h7xx_hal_rcc.o
                0x08009054                HAL_RCC_GetPCLK2Freq
 .text.HAL_RCC_GetClockConfig
                0x08009080       0x84 ./Drivers/STM32H7xx_HAL_Driver/Src/stm32h7xx_hal_rcc.o
                0x08009080                HAL_RCC_GetClockConfig
 .text.HAL_RCCEx_PeriphCLKConfig
                0x08009104     0x137c ./Drivers/STM32H7xx_HAL_Driver/Src/stm32h7xx_hal_rcc_ex.o
                0x08009104                HAL_RCCEx_PeriphCLKConfig
 .text.HAL_RCCEx_GetD3PCLK1Freq
                0x0800a480       0x2c ./Drivers/STM32H7xx_HAL_Driver/Src/stm32h7xx_hal_rcc_ex.o
                0x0800a480                HAL_RCCEx_GetD3PCLK1Freq
 .text.HAL_RCCEx_GetPLL2ClockFreq
                0x0800a4ac      0x2a8 ./Drivers/STM32H7xx_HAL_Driver/Src/stm32h7xx_hal_rcc_ex.o
                0x0800a4ac                HAL_RCCEx_GetPLL2ClockFreq
 .text.HAL_RCCEx_GetPLL3ClockFreq
                0x0800a754      0x2a8 ./Drivers/STM32H7xx_HAL_Driver/Src/stm32h7xx_hal_rcc_ex.o
                0x0800a754                HAL_RCCEx_GetPLL3ClockFreq
 .text.RCCEx_PLL2_Config
                0x0800a9fc      0x164 ./Drivers/STM32H7xx_HAL_Driver/Src/stm32h7xx_hal_rcc_ex.o
 .text.RCCEx_PLL3_Config
                0x0800ab60      0x164 ./Drivers/STM32H7xx_HAL_Driver/Src/stm32h7xx_hal_rcc_ex.o
 .text.HAL_TIM_Base_Init
                0x0800acc4       0xae ./Drivers/STM32H7xx_HAL_Driver/Src/stm32h7xx_hal_tim.o
                0x0800acc4                HAL_TIM_Base_Init
 .text.HAL_TIM_Base_MspInit
                0x0800ad72       0x14 ./Drivers/STM32H7xx_HAL_Driver/Src/stm32h7xx_hal_tim.o
                0x0800ad72                HAL_TIM_Base_MspInit
 *fill*         0x0800ad86        0x2 
 .text.HAL_TIM_Base_Start_IT
                0x0800ad88       0xf0 ./Drivers/STM32H7xx_HAL_Driver/Src/stm32h7xx_hal_tim.o
                0x0800ad88                HAL_TIM_Base_Start_IT
 .text.HAL_TIM_IRQHandler
                0x0800ae78      0x20e ./Drivers/STM32H7xx_HAL_Driver/Src/stm32h7xx_hal_tim.o
                0x0800ae78                HAL_TIM_IRQHandler
 .text.HAL_TIM_OC_DelayElapsedCallback
                0x0800b086       0x14 ./Drivers/STM32H7xx_HAL_Driver/Src/stm32h7xx_hal_tim.o
                0x0800b086                HAL_TIM_OC_DelayElapsedCallback
 .text.HAL_TIM_IC_CaptureCallback
                0x0800b09a       0x14 ./Drivers/STM32H7xx_HAL_Driver/Src/stm32h7xx_hal_tim.o
                0x0800b09a                HAL_TIM_IC_CaptureCallback
 .text.HAL_TIM_PWM_PulseFinishedCallback
                0x0800b0ae       0x14 ./Drivers/STM32H7xx_HAL_Driver/Src/stm32h7xx_hal_tim.o
                0x0800b0ae                HAL_TIM_PWM_PulseFinishedCallback
 .text.HAL_TIM_TriggerCallback
                0x0800b0c2       0x14 ./Drivers/STM32H7xx_HAL_Driver/Src/stm32h7xx_hal_tim.o
                0x0800b0c2                HAL_TIM_TriggerCallback
 *fill*         0x0800b0d6        0x2 
 .text.TIM_Base_SetConfig
                0x0800b0d8      0x14c ./Drivers/STM32H7xx_HAL_Driver/Src/stm32h7xx_hal_tim.o
                0x0800b0d8                TIM_Base_SetConfig
 .text.HAL_TIMEx_CommutCallback
                0x0800b224       0x14 ./Drivers/STM32H7xx_HAL_Driver/Src/stm32h7xx_hal_tim_ex.o
                0x0800b224                HAL_TIMEx_CommutCallback
 .text.HAL_TIMEx_BreakCallback
                0x0800b238       0x14 ./Drivers/STM32H7xx_HAL_Driver/Src/stm32h7xx_hal_tim_ex.o
                0x0800b238                HAL_TIMEx_BreakCallback
 .text.HAL_TIMEx_Break2Callback
                0x0800b24c       0x14 ./Drivers/STM32H7xx_HAL_Driver/Src/stm32h7xx_hal_tim_ex.o
                0x0800b24c                HAL_TIMEx_Break2Callback
 .text.HAL_UART_Init
                0x0800b260       0xa0 ./Drivers/STM32H7xx_HAL_Driver/Src/stm32h7xx_hal_uart.o
                0x0800b260                HAL_UART_Init
 .text.HAL_UART_Transmit
                0x0800b300      0x11c ./Drivers/STM32H7xx_HAL_Driver/Src/stm32h7xx_hal_uart.o
                0x0800b300                HAL_UART_Transmit
 .text.UART_SetConfig
                0x0800b41c      0xcd8 ./Drivers/STM32H7xx_HAL_Driver/Src/stm32h7xx_hal_uart.o
                0x0800b41c                UART_SetConfig
 .text.UART_AdvFeatureConfig
                0x0800c0f4      0x144 ./Drivers/STM32H7xx_HAL_Driver/Src/stm32h7xx_hal_uart.o
                0x0800c0f4                UART_AdvFeatureConfig
 .text.UART_CheckIdleState
                0x0800c238      0x154 ./Drivers/STM32H7xx_HAL_Driver/Src/stm32h7xx_hal_uart.o
                0x0800c238                UART_CheckIdleState
 .text.UART_WaitOnFlagUntilTimeout
                0x0800c38c       0xda ./Drivers/STM32H7xx_HAL_Driver/Src/stm32h7xx_hal_uart.o
                0x0800c38c                UART_WaitOnFlagUntilTimeout
 *fill*         0x0800c466        0x2 
 .text.UART_EndRxTransfer
                0x0800c468       0xcc ./Drivers/STM32H7xx_HAL_Driver/Src/stm32h7xx_hal_uart.o
 .text.HAL_UARTEx_DisableFifoMode
                0x0800c534       0x72 ./Drivers/STM32H7xx_HAL_Driver/Src/stm32h7xx_hal_uart_ex.o
                0x0800c534                HAL_UARTEx_DisableFifoMode
 .text.HAL_UARTEx_SetTxFifoThreshold
                0x0800c5a6       0x7c ./Drivers/STM32H7xx_HAL_Driver/Src/stm32h7xx_hal_uart_ex.o
                0x0800c5a6                HAL_UARTEx_SetTxFifoThreshold
 .text.HAL_UARTEx_SetRxFifoThreshold
                0x0800c622       0x7c ./Drivers/STM32H7xx_HAL_Driver/Src/stm32h7xx_hal_uart_ex.o
                0x0800c622                HAL_UARTEx_SetRxFifoThreshold
 *fill*         0x0800c69e        0x2 
 .text.UARTEx_SetNbDataToProcess
                0x0800c6a0       0x9c ./Drivers/STM32H7xx_HAL_Driver/Src/stm32h7xx_hal_uart_ex.o
 .text.__NVIC_SetPriority
                0x0800c73c       0x54 ./Middlewares/Third_Party/FreeRTOS/Source/CMSIS_RTOS_V2/cmsis_os2.o
 .text.SysTick_Handler
                0x0800c790       0x20 ./Middlewares/Third_Party/FreeRTOS/Source/CMSIS_RTOS_V2/cmsis_os2.o
                0x0800c790                SysTick_Handler
 .text.SVC_Setup
                0x0800c7b0       0x12 ./Middlewares/Third_Party/FreeRTOS/Source/CMSIS_RTOS_V2/cmsis_os2.o
 *fill*         0x0800c7c2        0x2 
 .text.osKernelInitialize
                0x0800c7c4       0x48 ./Middlewares/Third_Party/FreeRTOS/Source/CMSIS_RTOS_V2/cmsis_os2.o
                0x0800c7c4                osKernelInitialize
 .text.osKernelStart
                0x0800c80c       0x4c ./Middlewares/Third_Party/FreeRTOS/Source/CMSIS_RTOS_V2/cmsis_os2.o
                0x0800c80c                osKernelStart
 .text.osThreadNew
                0x0800c858      0x124 ./Middlewares/Third_Party/FreeRTOS/Source/CMSIS_RTOS_V2/cmsis_os2.o
                0x0800c858                osThreadNew
 .text.osDelay  0x0800c97c       0x36 ./Middlewares/Third_Party/FreeRTOS/Source/CMSIS_RTOS_V2/cmsis_os2.o
                0x0800c97c                osDelay
 *fill*         0x0800c9b2        0x2 
 .text.vApplicationGetIdleTaskMemory
                0x0800c9b4       0x34 ./Middlewares/Third_Party/FreeRTOS/Source/CMSIS_RTOS_V2/cmsis_os2.o
                0x0800c9b4                vApplicationGetIdleTaskMemory
 .text.vApplicationGetTimerTaskMemory
                0x0800c9e8       0x34 ./Middlewares/Third_Party/FreeRTOS/Source/CMSIS_RTOS_V2/cmsis_os2.o
                0x0800c9e8                vApplicationGetTimerTaskMemory
 .text.vListInitialise
                0x0800ca1c       0x40 ./Middlewares/Third_Party/FreeRTOS/Source/list.o
                0x0800ca1c                vListInitialise
 .text.vListInitialiseItem
                0x0800ca5c       0x1a ./Middlewares/Third_Party/FreeRTOS/Source/list.o
                0x0800ca5c                vListInitialiseItem
 .text.vListInsertEnd
                0x0800ca76       0x48 ./Middlewares/Third_Party/FreeRTOS/Source/list.o
                0x0800ca76                vListInsertEnd
 .text.vListInsert
                0x0800cabe       0x72 ./Middlewares/Third_Party/FreeRTOS/Source/list.o
                0x0800cabe                vListInsert
 .text.uxListRemove
                0x0800cb30       0x54 ./Middlewares/Third_Party/FreeRTOS/Source/list.o
                0x0800cb30                uxListRemove
 .text.xQueueGenericReset
                0x0800cb84       0xd4 ./Middlewares/Third_Party/FreeRTOS/Source/queue.o
                0x0800cb84                xQueueGenericReset
 .text.xQueueGenericCreateStatic
                0x0800cc58       0xfa ./Middlewares/Third_Party/FreeRTOS/Source/queue.o
                0x0800cc58                xQueueGenericCreateStatic
 .text.xQueueGenericCreate
                0x0800cd52       0x76 ./Middlewares/Third_Party/FreeRTOS/Source/queue.o
                0x0800cd52                xQueueGenericCreate
 .text.prvInitialiseNewQueue
                0x0800cdc8       0x46 ./Middlewares/Third_Party/FreeRTOS/Source/queue.o
 .text.xQueueCreateCountingSemaphore
                0x0800ce0e       0x6a ./Middlewares/Third_Party/FreeRTOS/Source/queue.o
                0x0800ce0e                xQueueCreateCountingSemaphore
 .text.xQueueGenericSend
                0x0800ce78      0x204 ./Middlewares/Third_Party/FreeRTOS/Source/queue.o
                0x0800ce78                xQueueGenericSend
 .text.xQueueGenericSendFromISR
                0x0800d07c      0x13c ./Middlewares/Third_Party/FreeRTOS/Source/queue.o
                0x0800d07c                xQueueGenericSendFromISR
 .text.xQueueGiveFromISR
                0x0800d1b8      0x120 ./Middlewares/Third_Party/FreeRTOS/Source/queue.o
                0x0800d1b8                xQueueGiveFromISR
 .text.xQueueReceive
                0x0800d2d8      0x1c4 ./Middlewares/Third_Party/FreeRTOS/Source/queue.o
                0x0800d2d8                xQueueReceive
 .text.xQueueSemaphoreTake
                0x0800d49c      0x220 ./Middlewares/Third_Party/FreeRTOS/Source/queue.o
                0x0800d49c                xQueueSemaphoreTake
 .text.uxQueueMessagesWaiting
                0x0800d6bc       0x3e ./Middlewares/Third_Party/FreeRTOS/Source/queue.o
                0x0800d6bc                uxQueueMessagesWaiting
 .text.vQueueDelete
                0x0800d6fa       0x48 ./Middlewares/Third_Party/FreeRTOS/Source/queue.o
                0x0800d6fa                vQueueDelete
 .text.prvGetDisinheritPriorityAfterTimeout
                0x0800d742       0x30 ./Middlewares/Third_Party/FreeRTOS/Source/queue.o
 .text.prvCopyDataToQueue
                0x0800d772       0xd4 ./Middlewares/Third_Party/FreeRTOS/Source/queue.o
 .text.prvCopyDataFromQueue
                0x0800d846       0x4c ./Middlewares/Third_Party/FreeRTOS/Source/queue.o
 .text.prvUnlockQueue
                0x0800d892       0xa4 ./Middlewares/Third_Party/FreeRTOS/Source/queue.o
 .text.prvIsQueueEmpty
                0x0800d936       0x2c ./Middlewares/Third_Party/FreeRTOS/Source/queue.o
 .text.prvIsQueueFull
                0x0800d962       0x30 ./Middlewares/Third_Party/FreeRTOS/Source/queue.o
 *fill*         0x0800d992        0x2 
 .text.vQueueAddToRegistry
                0x0800d994       0x54 ./Middlewares/Third_Party/FreeRTOS/Source/queue.o
                0x0800d994                vQueueAddToRegistry
 .text.vQueueUnregisterQueue
                0x0800d9e8       0x54 ./Middlewares/Third_Party/FreeRTOS/Source/queue.o
                0x0800d9e8                vQueueUnregisterQueue
 .text.vQueueWaitForMessageRestricted
                0x0800da3c       0x68 ./Middlewares/Third_Party/FreeRTOS/Source/queue.o
                0x0800da3c                vQueueWaitForMessageRestricted
 .text.xTaskCreateStatic
                0x0800daa4       0xc0 ./Middlewares/Third_Party/FreeRTOS/Source/tasks.o
                0x0800daa4                xTaskCreateStatic
 .text.xTaskCreate
                0x0800db64       0x8a ./Middlewares/Third_Party/FreeRTOS/Source/tasks.o
                0x0800db64                xTaskCreate
 *fill*         0x0800dbee        0x2 
 .text.prvInitialiseNewTask
                0x0800dbf0      0x150 ./Middlewares/Third_Party/FreeRTOS/Source/tasks.o
 .text.prvAddNewTaskToReadyList
                0x0800dd40       0xe0 ./Middlewares/Third_Party/FreeRTOS/Source/tasks.o
 .text.vTaskDelay
                0x0800de20       0x6c ./Middlewares/Third_Party/FreeRTOS/Source/tasks.o
                0x0800de20                vTaskDelay
 .text.vTaskStartScheduler
                0x0800de8c       0xe0 ./Middlewares/Third_Party/FreeRTOS/Source/tasks.o
                0x0800de8c                vTaskStartScheduler
 .text.vTaskSuspendAll
                0x0800df6c       0x1c ./Middlewares/Third_Party/FreeRTOS/Source/tasks.o
                0x0800df6c                vTaskSuspendAll
 .text.prvGetExpectedIdleTime
                0x0800df88       0x70 ./Middlewares/Third_Party/FreeRTOS/Source/tasks.o
 .text.xTaskResumeAll
                0x0800dff8      0x13c ./Middlewares/Third_Party/FreeRTOS/Source/tasks.o
                0x0800dff8                xTaskResumeAll
 .text.xTaskGetTickCount
                0x0800e134       0x20 ./Middlewares/Third_Party/FreeRTOS/Source/tasks.o
                0x0800e134                xTaskGetTickCount
 .text.vTaskStepTick
                0x0800e154       0x50 ./Middlewares/Third_Party/FreeRTOS/Source/tasks.o
                0x0800e154                vTaskStepTick
 .text.xTaskIncrementTick
                0x0800e1a4      0x174 ./Middlewares/Third_Party/FreeRTOS/Source/tasks.o
                0x0800e1a4                xTaskIncrementTick
 .text.vTaskSwitchContext
                0x0800e318       0xcc ./Middlewares/Third_Party/FreeRTOS/Source/tasks.o
                0x0800e318                vTaskSwitchContext
 .text.vTaskPlaceOnEventList
                0x0800e3e4       0x4c ./Middlewares/Third_Party/FreeRTOS/Source/tasks.o
                0x0800e3e4                vTaskPlaceOnEventList
 .text.vTaskPlaceOnEventListRestricted
                0x0800e430       0x58 ./Middlewares/Third_Party/FreeRTOS/Source/tasks.o
                0x0800e430                vTaskPlaceOnEventListRestricted
 .text.xTaskRemoveFromEventList
                0x0800e488       0xcc ./Middlewares/Third_Party/FreeRTOS/Source/tasks.o
                0x0800e488                xTaskRemoveFromEventList
 .text.vTaskInternalSetTimeOutState
                0x0800e554       0x2c ./Middlewares/Third_Party/FreeRTOS/Source/tasks.o
                0x0800e554                vTaskInternalSetTimeOutState
 .text.xTaskCheckForTimeOut
                0x0800e580       0xc8 ./Middlewares/Third_Party/FreeRTOS/Source/tasks.o
                0x0800e580                xTaskCheckForTimeOut
 .text.vTaskMissedYield
                0x0800e648       0x18 ./Middlewares/Third_Party/FreeRTOS/Source/tasks.o
                0x0800e648                vTaskMissedYield
 .text.prvIdleTask
                0x0800e660       0x80 ./Middlewares/Third_Party/FreeRTOS/Source/tasks.o
 .text.eTaskConfirmSleepModeStatus
                0x0800e6e0       0x5c ./Middlewares/Third_Party/FreeRTOS/Source/tasks.o
                0x0800e6e0                eTaskConfirmSleepModeStatus
 .text.prvInitialiseTaskLists
                0x0800e73c       0x80 ./Middlewares/Third_Party/FreeRTOS/Source/tasks.o
 .text.prvCheckTasksWaitingTermination
                0x0800e7bc       0x5c ./Middlewares/Third_Party/FreeRTOS/Source/tasks.o
 .text.prvDeleteTCB
                0x0800e818       0x6a ./Middlewares/Third_Party/FreeRTOS/Source/tasks.o
 *fill*         0x0800e882        0x2 
 .text.prvResetNextTaskUnblockTime
                0x0800e884       0x40 ./Middlewares/Third_Party/FreeRTOS/Source/tasks.o
 .text.xTaskGetSchedulerState
                0x0800e8c4       0x3c ./Middlewares/Third_Party/FreeRTOS/Source/tasks.o
                0x0800e8c4                xTaskGetSchedulerState
 .text.xTaskPriorityInherit
                0x0800e900       0xd0 ./Middlewares/Third_Party/FreeRTOS/Source/tasks.o
                0x0800e900                xTaskPriorityInherit
 .text.xTaskPriorityDisinherit
                0x0800e9d0       0xe0 ./Middlewares/Third_Party/FreeRTOS/Source/tasks.o
                0x0800e9d0                xTaskPriorityDisinherit
 .text.vTaskPriorityDisinheritAfterTimeout
                0x0800eab0      0x108 ./Middlewares/Third_Party/FreeRTOS/Source/tasks.o
                0x0800eab0                vTaskPriorityDisinheritAfterTimeout
 .text.pvTaskIncrementMutexHeldCount
                0x0800ebb8       0x28 ./Middlewares/Third_Party/FreeRTOS/Source/tasks.o
                0x0800ebb8                pvTaskIncrementMutexHeldCount
 .text.prvAddCurrentTaskToDelayedList
                0x0800ebe0       0xa8 ./Middlewares/Third_Party/FreeRTOS/Source/tasks.o
 .text.xTimerCreateTimerTask
                0x0800ec88       0x94 ./Middlewares/Third_Party/FreeRTOS/Source/timers.o
                0x0800ec88                xTimerCreateTimerTask
 .text.xTimerGenericCommand
                0x0800ed1c       0x9c ./Middlewares/Third_Party/FreeRTOS/Source/timers.o
                0x0800ed1c                xTimerGenericCommand
 .text.prvProcessExpiredTimer
                0x0800edb8       0x9c ./Middlewares/Third_Party/FreeRTOS/Source/timers.o
 .text.prvTimerTask
                0x0800ee54       0x26 ./Middlewares/Third_Party/FreeRTOS/Source/timers.o
 *fill*         0x0800ee7a        0x2 
 .text.prvProcessTimerOrBlockTask
                0x0800ee7c       0x9c ./Middlewares/Third_Party/FreeRTOS/Source/timers.o
 .text.prvGetNextExpireTime
                0x0800ef18       0x48 ./Middlewares/Third_Party/FreeRTOS/Source/timers.o
 .text.prvSampleTimeNow
                0x0800ef60       0x40 ./Middlewares/Third_Party/FreeRTOS/Source/timers.o
 .text.prvInsertTimerInActiveList
                0x0800efa0       0x84 ./Middlewares/Third_Party/FreeRTOS/Source/timers.o
 .text.prvProcessReceivedCommands
                0x0800f024      0x1cc ./Middlewares/Third_Party/FreeRTOS/Source/timers.o
 .text.prvSwitchTimerLists
                0x0800f1f0       0xcc ./Middlewares/Third_Party/FreeRTOS/Source/timers.o
 .text.prvCheckForValidListAndQueue
                0x0800f2bc       0x80 ./Middlewares/Third_Party/FreeRTOS/Source/timers.o
 .text.pxPortInitialiseStack
                0x0800f33c       0x68 ./Middlewares/Third_Party/FreeRTOS/Source/portable/GCC/ARM_CM4F/port.o
                0x0800f33c                pxPortInitialiseStack
 .text.prvTaskExitError
                0x0800f3a4       0x5c ./Middlewares/Third_Party/FreeRTOS/Source/portable/GCC/ARM_CM4F/port.o
 .text.SVC_Handler
                0x0800f400       0x28 ./Middlewares/Third_Party/FreeRTOS/Source/portable/GCC/ARM_CM4F/port.o
                0x0800f400                SVC_Handler
 .text.prvPortStartFirstTask
                0x0800f428       0x28 ./Middlewares/Third_Party/FreeRTOS/Source/portable/GCC/ARM_CM4F/port.o
 .text.xPortStartScheduler
                0x0800f450      0x148 ./Middlewares/Third_Party/FreeRTOS/Source/portable/GCC/ARM_CM4F/port.o
                0x0800f450                xPortStartScheduler
 .text.vPortEnterCritical
                0x0800f598       0x64 ./Middlewares/Third_Party/FreeRTOS/Source/portable/GCC/ARM_CM4F/port.o
                0x0800f598                vPortEnterCritical
 .text.vPortExitCritical
                0x0800f5fc       0x54 ./Middlewares/Third_Party/FreeRTOS/Source/portable/GCC/ARM_CM4F/port.o
                0x0800f5fc                vPortExitCritical
 .text.PendSV_Handler
                0x0800f650       0x68 ./Middlewares/Third_Party/FreeRTOS/Source/portable/GCC/ARM_CM4F/port.o
                0x0800f650                PendSV_Handler
 .text.xPortSysTickHandler
                0x0800f6b8       0x44 ./Middlewares/Third_Party/FreeRTOS/Source/portable/GCC/ARM_CM4F/port.o
                0x0800f6b8                xPortSysTickHandler
 .text.vPortSuppressTicksAndSleep
                0x0800f6fc      0x198 ./Middlewares/Third_Party/FreeRTOS/Source/portable/GCC/ARM_CM4F/port.o
                0x0800f6fc                vPortSuppressTicksAndSleep
 .text.vPortSetupTimerInterrupt
                0x0800f894       0x78 ./Middlewares/Third_Party/FreeRTOS/Source/portable/GCC/ARM_CM4F/port.o
                0x0800f894                vPortSetupTimerInterrupt
 .text.vPortEnableVFP
                0x0800f90c       0x14 ./Middlewares/Third_Party/FreeRTOS/Source/portable/GCC/ARM_CM4F/port.o
 .text.vPortValidateInterruptPriority
                0x0800f920       0x84 ./Middlewares/Third_Party/FreeRTOS/Source/portable/GCC/ARM_CM4F/port.o
                0x0800f920                vPortValidateInterruptPriority
 .text.pvPortMalloc
                0x0800f9a4      0x19c ./Middlewares/Third_Party/FreeRTOS/Source/portable/MemMang/heap_4.o
                0x0800f9a4                pvPortMalloc
 .text.vPortFree
                0x0800fb40       0xc8 ./Middlewares/Third_Party/FreeRTOS/Source/portable/MemMang/heap_4.o
                0x0800fb40                vPortFree
 .text.prvHeapInit
                0x0800fc08       0xc4 ./Middlewares/Third_Party/FreeRTOS/Source/portable/MemMang/heap_4.o
 .text.prvInsertBlockIntoFreeList
                0x0800fccc       0xb4 ./Middlewares/Third_Party/FreeRTOS/Source/portable/MemMang/heap_4.o
 .text._ZdlPvj  0x0800fd80        0x4 C:/ST/STM32CubeIDE_1.15.1/STM32CubeIDE/plugins/com.st.stm32cube.ide.mcu.externaltools.gnu-tools-for-stm32.12.3.rel1.win32_1.0.100.202403111256/tools/bin/../lib/gcc/arm-none-eabi/12.3.1/../../../../arm-none-eabi/lib/thumb/v7e-m+dp/hard\libstdc++_nano.a(del_ops.o)
                0x0800fd80                operator delete(void*, unsigned int)
 .text._ZdaPv   0x0800fd84        0x4 C:/ST/STM32CubeIDE_1.15.1/STM32CubeIDE/plugins/com.st.stm32cube.ide.mcu.externaltools.gnu-tools-for-stm32.12.3.rel1.win32_1.0.100.202403111256/tools/bin/../lib/gcc/arm-none-eabi/12.3.1/../../../../arm-none-eabi/lib/thumb/v7e-m+dp/hard\libstdc++_nano.a(del_opv.o)
                0x0800fd84                operator delete[](void*)
 .text._Znwj    0x0800fd88       0x22 C:/ST/STM32CubeIDE_1.15.1/STM32CubeIDE/plugins/com.st.stm32cube.ide.mcu.externaltools.gnu-tools-for-stm32.12.3.rel1.win32_1.0.100.202403111256/tools/bin/../lib/gcc/arm-none-eabi/12.3.1/../../../../arm-none-eabi/lib/thumb/v7e-m+dp/hard\libstdc++_nano.a(new_op.o)
                0x0800fd88                operator new(unsigned int)
 .text._Znaj    0x0800fdaa        0x4 C:/ST/STM32CubeIDE_1.15.1/STM32CubeIDE/plugins/com.st.stm32cube.ide.mcu.externaltools.gnu-tools-for-stm32.12.3.rel1.win32_1.0.100.202403111256/tools/bin/../lib/gcc/arm-none-eabi/12.3.1/../../../../arm-none-eabi/lib/thumb/v7e-m+dp/hard\libstdc++_nano.a(new_opv.o)
                0x0800fdaa                operator new[](unsigned int)
 .text._ZdlPv   0x0800fdae        0x4 C:/ST/STM32CubeIDE_1.15.1/STM32CubeIDE/plugins/com.st.stm32cube.ide.mcu.externaltools.gnu-tools-for-stm32.12.3.rel1.win32_1.0.100.202403111256/tools/bin/../lib/gcc/arm-none-eabi/12.3.1/../../../../arm-none-eabi/lib/thumb/v7e-m+dp/hard\libstdc++_nano.a(del_op.o)
                0x0800fdae                operator delete(void*)
 *fill*         0x0800fdb2        0x2 
 .text._ZSt15get_new_handlerv
                0x0800fdb4       0x10 C:/ST/STM32CubeIDE_1.15.1/STM32CubeIDE/plugins/com.st.stm32cube.ide.mcu.externaltools.gnu-tools-for-stm32.12.3.rel1.win32_1.0.100.202403111256/tools/bin/../lib/gcc/arm-none-eabi/12.3.1/../../../../arm-none-eabi/lib/thumb/v7e-m+dp/hard\libstdc++_nano.a(new_handler.o)
                0x0800fdb4                std::get_new_handler()
 .text.abort    0x0800fdc4        0xe C:/ST/STM32CubeIDE_1.15.1/STM32CubeIDE/plugins/com.st.stm32cube.ide.mcu.externaltools.gnu-tools-for-stm32.12.3.rel1.win32_1.0.100.202403111256/tools/bin/../lib/gcc/arm-none-eabi/12.3.1/../../../../arm-none-eabi/lib/thumb/v7e-m+dp/hard\libc_nano.a(libc_a-abort.o)
                0x0800fdc4                abort
 *fill*         0x0800fdd2        0x2 
 .text.__assert_func
                0x0800fdd4       0x3c C:/ST/STM32CubeIDE_1.15.1/STM32CubeIDE/plugins/com.st.stm32cube.ide.mcu.externaltools.gnu-tools-for-stm32.12.3.rel1.win32_1.0.100.202403111256/tools/bin/../lib/gcc/arm-none-eabi/12.3.1/../../../../arm-none-eabi/lib/thumb/v7e-m+dp/hard\libc_nano.a(libc_a-assert.o)
                0x0800fdd4                __assert_func
 .text.malloc   0x0800fe10       0x10 C:/ST/STM32CubeIDE_1.15.1/STM32CubeIDE/plugins/com.st.stm32cube.ide.mcu.externaltools.gnu-tools-for-stm32.12.3.rel1.win32_1.0.100.202403111256/tools/bin/../lib/gcc/arm-none-eabi/12.3.1/../../../../arm-none-eabi/lib/thumb/v7e-m+dp/hard\libc_nano.a(libc_a-malloc.o)
                0x0800fe10                malloc
 .text.free     0x0800fe20       0x10 C:/ST/STM32CubeIDE_1.15.1/STM32CubeIDE/plugins/com.st.stm32cube.ide.mcu.externaltools.gnu-tools-for-stm32.12.3.rel1.win32_1.0.100.202403111256/tools/bin/../lib/gcc/arm-none-eabi/12.3.1/../../../../arm-none-eabi/lib/thumb/v7e-m+dp/hard\libc_nano.a(libc_a-malloc.o)
                0x0800fe20                free
 .text.sbrk_aligned
                0x0800fe30       0x44 C:/ST/STM32CubeIDE_1.15.1/STM32CubeIDE/plugins/com.st.stm32cube.ide.mcu.externaltools.gnu-tools-for-stm32.12.3.rel1.win32_1.0.100.202403111256/tools/bin/../lib/gcc/arm-none-eabi/12.3.1/../../../../arm-none-eabi/lib/thumb/v7e-m+dp/hard\libc_nano.a(libc_a-mallocr.o)
 .text._malloc_r
                0x0800fe74      0x100 C:/ST/STM32CubeIDE_1.15.1/STM32CubeIDE/plugins/com.st.stm32cube.ide.mcu.externaltools.gnu-tools-for-stm32.12.3.rel1.win32_1.0.100.202403111256/tools/bin/../lib/gcc/arm-none-eabi/12.3.1/../../../../arm-none-eabi/lib/thumb/v7e-m+dp/hard\libc_nano.a(libc_a-mallocr.o)
                0x0800fe74                _malloc_r
 .text.__malloc_lock
                0x0800ff74        0xc C:/ST/STM32CubeIDE_1.15.1/STM32CubeIDE/plugins/com.st.stm32cube.ide.mcu.externaltools.gnu-tools-for-stm32.12.3.rel1.win32_1.0.100.202403111256/tools/bin/../lib/gcc/arm-none-eabi/12.3.1/../../../../arm-none-eabi/lib/thumb/v7e-m+dp/hard\libc_nano.a(libc_a-mlock.o)
                0x0800ff74                __malloc_lock
 .text.__malloc_unlock
                0x0800ff80        0xc C:/ST/STM32CubeIDE_1.15.1/STM32CubeIDE/plugins/com.st.stm32cube.ide.mcu.externaltools.gnu-tools-for-stm32.12.3.rel1.win32_1.0.100.202403111256/tools/bin/../lib/gcc/arm-none-eabi/12.3.1/../../../../arm-none-eabi/lib/thumb/v7e-m+dp/hard\libc_nano.a(libc_a-mlock.o)
                0x0800ff80                __malloc_unlock
 .text.__cvt    0x0800ff8c       0xa8 C:/ST/STM32CubeIDE_1.15.1/STM32CubeIDE/plugins/com.st.stm32cube.ide.mcu.externaltools.gnu-tools-for-stm32.12.3.rel1.win32_1.0.100.202403111256/tools/bin/../lib/gcc/arm-none-eabi/12.3.1/../../../../arm-none-eabi/lib/thumb/v7e-m+dp/hard\libc_nano.a(libc_a-nano-vfprintf_float.o)
                0x0800ff8c                __cvt
 .text.__exponent
                0x08010034       0x74 C:/ST/STM32CubeIDE_1.15.1/STM32CubeIDE/plugins/com.st.stm32cube.ide.mcu.externaltools.gnu-tools-for-stm32.12.3.rel1.win32_1.0.100.202403111256/tools/bin/../lib/gcc/arm-none-eabi/12.3.1/../../../../arm-none-eabi/lib/thumb/v7e-m+dp/hard\libc_nano.a(libc_a-nano-vfprintf_float.o)
                0x08010034                __exponent
 .text._printf_float
                0x080100a8      0x434 C:/ST/STM32CubeIDE_1.15.1/STM32CubeIDE/plugins/com.st.stm32cube.ide.mcu.externaltools.gnu-tools-for-stm32.12.3.rel1.win32_1.0.100.202403111256/tools/bin/../lib/gcc/arm-none-eabi/12.3.1/../../../../arm-none-eabi/lib/thumb/v7e-m+dp/hard\libc_nano.a(libc_a-nano-vfprintf_float.o)
                0x080100a8                _printf_float
 .text._printf_common
                0x080104dc       0xda C:/ST/STM32CubeIDE_1.15.1/STM32CubeIDE/plugins/com.st.stm32cube.ide.mcu.externaltools.gnu-tools-for-stm32.12.3.rel1.win32_1.0.100.202403111256/tools/bin/../lib/gcc/arm-none-eabi/12.3.1/../../../../arm-none-eabi/lib/thumb/v7e-m+dp/hard\libc_nano.a(libc_a-nano-vfprintf_i.o)
                0x080104dc                _printf_common
 *fill*         0x080105b6        0x2 
 .text._printf_i
                0x080105b8      0x240 C:/ST/STM32CubeIDE_1.15.1/STM32CubeIDE/plugins/com.st.stm32cube.ide.mcu.externaltools.gnu-tools-for-stm32.12.3.rel1.win32_1.0.100.202403111256/tools/bin/../lib/gcc/arm-none-eabi/12.3.1/../../../../arm-none-eabi/lib/thumb/v7e-m+dp/hard\libc_nano.a(libc_a-nano-vfprintf_i.o)
                0x080105b8                _printf_i
 .text._scanf_float
                0x080107f8      0x418 C:/ST/STM32CubeIDE_1.15.1/STM32CubeIDE/plugins/com.st.stm32cube.ide.mcu.externaltools.gnu-tools-for-stm32.12.3.rel1.win32_1.0.100.202403111256/tools/bin/../lib/gcc/arm-none-eabi/12.3.1/../../../../arm-none-eabi/lib/thumb/v7e-m+dp/hard\libc_nano.a(libc_a-nano-vfscanf_float.o)
                0x080107f8                _scanf_float
 .text.std      0x08010c10       0x6c C:/ST/STM32CubeIDE_1.15.1/STM32CubeIDE/plugins/com.st.stm32cube.ide.mcu.externaltools.gnu-tools-for-stm32.12.3.rel1.win32_1.0.100.202403111256/tools/bin/../lib/gcc/arm-none-eabi/12.3.1/../../../../arm-none-eabi/lib/thumb/v7e-m+dp/hard\libc_nano.a(libc_a-findfp.o)
 .text.stdio_exit_handler
                0x08010c7c       0x18 C:/ST/STM32CubeIDE_1.15.1/STM32CubeIDE/plugins/com.st.stm32cube.ide.mcu.externaltools.gnu-tools-for-stm32.12.3.rel1.win32_1.0.100.202403111256/tools/bin/../lib/gcc/arm-none-eabi/12.3.1/../../../../arm-none-eabi/lib/thumb/v7e-m+dp/hard\libc_nano.a(libc_a-findfp.o)
 .text.cleanup_stdio
                0x08010c94       0x40 C:/ST/STM32CubeIDE_1.15.1/STM32CubeIDE/plugins/com.st.stm32cube.ide.mcu.externaltools.gnu-tools-for-stm32.12.3.rel1.win32_1.0.100.202403111256/tools/bin/../lib/gcc/arm-none-eabi/12.3.1/../../../../arm-none-eabi/lib/thumb/v7e-m+dp/hard\libc_nano.a(libc_a-findfp.o)
 .text.global_stdio_init.part.0
                0x08010cd4       0x3c C:/ST/STM32CubeIDE_1.15.1/STM32CubeIDE/plugins/com.st.stm32cube.ide.mcu.externaltools.gnu-tools-for-stm32.12.3.rel1.win32_1.0.100.202403111256/tools/bin/../lib/gcc/arm-none-eabi/12.3.1/../../../../arm-none-eabi/lib/thumb/v7e-m+dp/hard\libc_nano.a(libc_a-findfp.o)
 .text.__sfp_lock_acquire
                0x08010d10        0xc C:/ST/STM32CubeIDE_1.15.1/STM32CubeIDE/plugins/com.st.stm32cube.ide.mcu.externaltools.gnu-tools-for-stm32.12.3.rel1.win32_1.0.100.202403111256/tools/bin/../lib/gcc/arm-none-eabi/12.3.1/../../../../arm-none-eabi/lib/thumb/v7e-m+dp/hard\libc_nano.a(libc_a-findfp.o)
                0x08010d10                __sfp_lock_acquire
 .text.__sfp_lock_release
                0x08010d1c        0xc C:/ST/STM32CubeIDE_1.15.1/STM32CubeIDE/plugins/com.st.stm32cube.ide.mcu.externaltools.gnu-tools-for-stm32.12.3.rel1.win32_1.0.100.202403111256/tools/bin/../lib/gcc/arm-none-eabi/12.3.1/../../../../arm-none-eabi/lib/thumb/v7e-m+dp/hard\libc_nano.a(libc_a-findfp.o)
                0x08010d1c                __sfp_lock_release
 .text.__sinit  0x08010d28       0x30 C:/ST/STM32CubeIDE_1.15.1/STM32CubeIDE/plugins/com.st.stm32cube.ide.mcu.externaltools.gnu-tools-for-stm32.12.3.rel1.win32_1.0.100.202403111256/tools/bin/../lib/gcc/arm-none-eabi/12.3.1/../../../../arm-none-eabi/lib/thumb/v7e-m+dp/hard\libc_nano.a(libc_a-findfp.o)
                0x08010d28                __sinit
 .text.fprintf  0x08010d58       0x24 C:/ST/STM32CubeIDE_1.15.1/STM32CubeIDE/plugins/com.st.stm32cube.ide.mcu.externaltools.gnu-tools-for-stm32.12.3.rel1.win32_1.0.100.202403111256/tools/bin/../lib/gcc/arm-none-eabi/12.3.1/../../../../arm-none-eabi/lib/thumb/v7e-m+dp/hard\libc_nano.a(libc_a-fprintf.o)
                0x08010d58                fiprintf
                0x08010d58                fprintf
 .text._fwalk_sglue
                0x08010d7c       0x3c C:/ST/STM32CubeIDE_1.15.1/STM32CubeIDE/plugins/com.st.stm32cube.ide.mcu.externaltools.gnu-tools-for-stm32.12.3.rel1.win32_1.0.100.202403111256/tools/bin/../lib/gcc/arm-none-eabi/12.3.1/../../../../arm-none-eabi/lib/thumb/v7e-m+dp/hard\libc_nano.a(libc_a-fwalk.o)
                0x08010d7c                _fwalk_sglue
 .text.printf   0x08010db8       0x24 C:/ST/STM32CubeIDE_1.15.1/STM32CubeIDE/plugins/com.st.stm32cube.ide.mcu.externaltools.gnu-tools-for-stm32.12.3.rel1.win32_1.0.100.202403111256/tools/bin/../lib/gcc/arm-none-eabi/12.3.1/../../../../arm-none-eabi/lib/thumb/v7e-m+dp/hard\libc_nano.a(libc_a-printf.o)
                0x08010db8                iprintf
                0x08010db8                printf
 .text._puts_r  0x08010ddc       0xaa C:/ST/STM32CubeIDE_1.15.1/STM32CubeIDE/plugins/com.st.stm32cube.ide.mcu.externaltools.gnu-tools-for-stm32.12.3.rel1.win32_1.0.100.202403111256/tools/bin/../lib/gcc/arm-none-eabi/12.3.1/../../../../arm-none-eabi/lib/thumb/v7e-m+dp/hard\libc_nano.a(libc_a-puts.o)
                0x08010ddc                _puts_r
 *fill*         0x08010e86        0x2 
 .text.puts     0x08010e88       0x10 C:/ST/STM32CubeIDE_1.15.1/STM32CubeIDE/plugins/com.st.stm32cube.ide.mcu.externaltools.gnu-tools-for-stm32.12.3.rel1.win32_1.0.100.202403111256/tools/bin/../lib/gcc/arm-none-eabi/12.3.1/../../../../arm-none-eabi/lib/thumb/v7e-m+dp/hard\libc_nano.a(libc_a-puts.o)
                0x08010e88                puts
 .text.sprintf  0x08010e98       0x40 C:/ST/STM32CubeIDE_1.15.1/STM32CubeIDE/plugins/com.st.stm32cube.ide.mcu.externaltools.gnu-tools-for-stm32.12.3.rel1.win32_1.0.100.202403111256/tools/bin/../lib/gcc/arm-none-eabi/12.3.1/../../../../arm-none-eabi/lib/thumb/v7e-m+dp/hard\libc_nano.a(libc_a-sprintf.o)
                0x08010e98                siprintf
                0x08010e98                sprintf
 .text.__sread  0x08010ed8       0x22 C:/ST/STM32CubeIDE_1.15.1/STM32CubeIDE/plugins/com.st.stm32cube.ide.mcu.externaltools.gnu-tools-for-stm32.12.3.rel1.win32_1.0.100.202403111256/tools/bin/../lib/gcc/arm-none-eabi/12.3.1/../../../../arm-none-eabi/lib/thumb/v7e-m+dp/hard\libc_nano.a(libc_a-stdio.o)
                0x08010ed8                __sread
 .text.__swrite
                0x08010efa       0x38 C:/ST/STM32CubeIDE_1.15.1/STM32CubeIDE/plugins/com.st.stm32cube.ide.mcu.externaltools.gnu-tools-for-stm32.12.3.rel1.win32_1.0.100.202403111256/tools/bin/../lib/gcc/arm-none-eabi/12.3.1/../../../../arm-none-eabi/lib/thumb/v7e-m+dp/hard\libc_nano.a(libc_a-stdio.o)
                0x08010efa                __swrite
 .text.__sseek  0x08010f32       0x24 C:/ST/STM32CubeIDE_1.15.1/STM32CubeIDE/plugins/com.st.stm32cube.ide.mcu.externaltools.gnu-tools-for-stm32.12.3.rel1.win32_1.0.100.202403111256/tools/bin/../lib/gcc/arm-none-eabi/12.3.1/../../../../arm-none-eabi/lib/thumb/v7e-m+dp/hard\libc_nano.a(libc_a-stdio.o)
                0x08010f32                __sseek
 .text.__sclose
                0x08010f56        0x8 C:/ST/STM32CubeIDE_1.15.1/STM32CubeIDE/plugins/com.st.stm32cube.ide.mcu.externaltools.gnu-tools-for-stm32.12.3.rel1.win32_1.0.100.202403111256/tools/bin/../lib/gcc/arm-none-eabi/12.3.1/../../../../arm-none-eabi/lib/thumb/v7e-m+dp/hard\libc_nano.a(libc_a-stdio.o)
                0x08010f56                __sclose
 .text.__swbuf_r
                0x08010f5e       0x7c C:/ST/STM32CubeIDE_1.15.1/STM32CubeIDE/plugins/com.st.stm32cube.ide.mcu.externaltools.gnu-tools-for-stm32.12.3.rel1.win32_1.0.100.202403111256/tools/bin/../lib/gcc/arm-none-eabi/12.3.1/../../../../arm-none-eabi/lib/thumb/v7e-m+dp/hard\libc_nano.a(libc_a-wbuf.o)
                0x08010f5e                __swbuf_r
 *fill*         0x08010fda        0x2 
 .text.__swsetup_r
                0x08010fdc       0xac C:/ST/STM32CubeIDE_1.15.1/STM32CubeIDE/plugins/com.st.stm32cube.ide.mcu.externaltools.gnu-tools-for-stm32.12.3.rel1.win32_1.0.100.202403111256/tools/bin/../lib/gcc/arm-none-eabi/12.3.1/../../../../arm-none-eabi/lib/thumb/v7e-m+dp/hard\libc_nano.a(libc_a-wsetup.o)
                0x08010fdc                __swsetup_r
 .text.memset   0x08011088       0x10 C:/ST/STM32CubeIDE_1.15.1/STM32CubeIDE/plugins/com.st.stm32cube.ide.mcu.externaltools.gnu-tools-for-stm32.12.3.rel1.win32_1.0.100.202403111256/tools/bin/../lib/gcc/arm-none-eabi/12.3.1/../../../../arm-none-eabi/lib/thumb/v7e-m+dp/hard\libc_nano.a(libc_a-memset.o)
                0x08011088                memset
 .text._raise_r
                0x08011098       0x50 C:/ST/STM32CubeIDE_1.15.1/STM32CubeIDE/plugins/com.st.stm32cube.ide.mcu.externaltools.gnu-tools-for-stm32.12.3.rel1.win32_1.0.100.202403111256/tools/bin/../lib/gcc/arm-none-eabi/12.3.1/../../../../arm-none-eabi/lib/thumb/v7e-m+dp/hard\libc_nano.a(libc_a-signal.o)
                0x08011098                _raise_r
 .text.raise    0x080110e8       0x10 C:/ST/STM32CubeIDE_1.15.1/STM32CubeIDE/plugins/com.st.stm32cube.ide.mcu.externaltools.gnu-tools-for-stm32.12.3.rel1.win32_1.0.100.202403111256/tools/bin/../lib/gcc/arm-none-eabi/12.3.1/../../../../arm-none-eabi/lib/thumb/v7e-m+dp/hard\libc_nano.a(libc_a-signal.o)
                0x080110e8                raise
 .text._localeconv_r
                0x080110f8        0x8 C:/ST/STM32CubeIDE_1.15.1/STM32CubeIDE/plugins/com.st.stm32cube.ide.mcu.externaltools.gnu-tools-for-stm32.12.3.rel1.win32_1.0.100.202403111256/tools/bin/../lib/gcc/arm-none-eabi/12.3.1/../../../../arm-none-eabi/lib/thumb/v7e-m+dp/hard\libc_nano.a(libc_a-localeconv.o)
                0x080110f8                _localeconv_r
 .text._close_r
                0x08011100       0x20 C:/ST/STM32CubeIDE_1.15.1/STM32CubeIDE/plugins/com.st.stm32cube.ide.mcu.externaltools.gnu-tools-for-stm32.12.3.rel1.win32_1.0.100.202403111256/tools/bin/../lib/gcc/arm-none-eabi/12.3.1/../../../../arm-none-eabi/lib/thumb/v7e-m+dp/hard\libc_nano.a(libc_a-closer.o)
                0x08011100                _close_r
 .text._reclaim_reent
                0x08011120       0xac C:/ST/STM32CubeIDE_1.15.1/STM32CubeIDE/plugins/com.st.stm32cube.ide.mcu.externaltools.gnu-tools-for-stm32.12.3.rel1.win32_1.0.100.202403111256/tools/bin/../lib/gcc/arm-none-eabi/12.3.1/../../../../arm-none-eabi/lib/thumb/v7e-m+dp/hard\libc_nano.a(libc_a-reent.o)
                0x08011120                _reclaim_reent
 .text._lseek_r
                0x080111cc       0x24 C:/ST/STM32CubeIDE_1.15.1/STM32CubeIDE/plugins/com.st.stm32cube.ide.mcu.externaltools.gnu-tools-for-stm32.12.3.rel1.win32_1.0.100.202403111256/tools/bin/../lib/gcc/arm-none-eabi/12.3.1/../../../../arm-none-eabi/lib/thumb/v7e-m+dp/hard\libc_nano.a(libc_a-lseekr.o)
                0x080111cc                _lseek_r
 .text._read_r  0x080111f0       0x24 C:/ST/STM32CubeIDE_1.15.1/STM32CubeIDE/plugins/com.st.stm32cube.ide.mcu.externaltools.gnu-tools-for-stm32.12.3.rel1.win32_1.0.100.202403111256/tools/bin/../lib/gcc/arm-none-eabi/12.3.1/../../../../arm-none-eabi/lib/thumb/v7e-m+dp/hard\libc_nano.a(libc_a-readr.o)
                0x080111f0                _read_r
 .text._kill_r  0x08011214       0x24 C:/ST/STM32CubeIDE_1.15.1/STM32CubeIDE/plugins/com.st.stm32cube.ide.mcu.externaltools.gnu-tools-for-stm32.12.3.rel1.win32_1.0.100.202403111256/tools/bin/../lib/gcc/arm-none-eabi/12.3.1/../../../../arm-none-eabi/lib/thumb/v7e-m+dp/hard\libc_nano.a(libc_a-signalr.o)
                0x08011214                _kill_r
 .text._getpid_r
                0x08011238        0x4 C:/ST/STM32CubeIDE_1.15.1/STM32CubeIDE/plugins/com.st.stm32cube.ide.mcu.externaltools.gnu-tools-for-stm32.12.3.rel1.win32_1.0.100.202403111256/tools/bin/../lib/gcc/arm-none-eabi/12.3.1/../../../../arm-none-eabi/lib/thumb/v7e-m+dp/hard\libc_nano.a(libc_a-signalr.o)
                0x08011238                _getpid_r
 .text._sbrk_r  0x0801123c       0x20 C:/ST/STM32CubeIDE_1.15.1/STM32CubeIDE/plugins/com.st.stm32cube.ide.mcu.externaltools.gnu-tools-for-stm32.12.3.rel1.win32_1.0.100.202403111256/tools/bin/../lib/gcc/arm-none-eabi/12.3.1/../../../../arm-none-eabi/lib/thumb/v7e-m+dp/hard\libc_nano.a(libc_a-sbrkr.o)
                0x0801123c                _sbrk_r
 .text._write_r
                0x0801125c       0x24 C:/ST/STM32CubeIDE_1.15.1/STM32CubeIDE/plugins/com.st.stm32cube.ide.mcu.externaltools.gnu-tools-for-stm32.12.3.rel1.win32_1.0.100.202403111256/tools/bin/../lib/gcc/arm-none-eabi/12.3.1/../../../../arm-none-eabi/lib/thumb/v7e-m+dp/hard\libc_nano.a(libc_a-writer.o)
                0x0801125c                _write_r
 .text.__errno  0x08011280        0xc C:/ST/STM32CubeIDE_1.15.1/STM32CubeIDE/plugins/com.st.stm32cube.ide.mcu.externaltools.gnu-tools-for-stm32.12.3.rel1.win32_1.0.100.202403111256/tools/bin/../lib/gcc/arm-none-eabi/12.3.1/../../../../arm-none-eabi/lib/thumb/v7e-m+dp/hard\libc_nano.a(libc_a-errno.o)
                0x08011280                __errno
 .text.__libc_init_array
                0x0801128c       0x48 C:/ST/STM32CubeIDE_1.15.1/STM32CubeIDE/plugins/com.st.stm32cube.ide.mcu.externaltools.gnu-tools-for-stm32.12.3.rel1.win32_1.0.100.202403111256/tools/bin/../lib/gcc/arm-none-eabi/12.3.1/../../../../arm-none-eabi/lib/thumb/v7e-m+dp/hard\libc_nano.a(libc_a-init.o)
                0x0801128c                __libc_init_array
 .text.__retarget_lock_init_recursive
                0x080112d4        0x2 C:/ST/STM32CubeIDE_1.15.1/STM32CubeIDE/plugins/com.st.stm32cube.ide.mcu.externaltools.gnu-tools-for-stm32.12.3.rel1.win32_1.0.100.202403111256/tools/bin/../lib/gcc/arm-none-eabi/12.3.1/../../../../arm-none-eabi/lib/thumb/v7e-m+dp/hard\libc_nano.a(libc_a-lock.o)
                0x080112d4                __retarget_lock_init_recursive
 .text.__retarget_lock_acquire_recursive
                0x080112d6        0x2 C:/ST/STM32CubeIDE_1.15.1/STM32CubeIDE/plugins/com.st.stm32cube.ide.mcu.externaltools.gnu-tools-for-stm32.12.3.rel1.win32_1.0.100.202403111256/tools/bin/../lib/gcc/arm-none-eabi/12.3.1/../../../../arm-none-eabi/lib/thumb/v7e-m+dp/hard\libc_nano.a(libc_a-lock.o)
                0x080112d6                __retarget_lock_acquire_recursive
 .text.__retarget_lock_release_recursive
                0x080112d8        0x2 C:/ST/STM32CubeIDE_1.15.1/STM32CubeIDE/plugins/com.st.stm32cube.ide.mcu.externaltools.gnu-tools-for-stm32.12.3.rel1.win32_1.0.100.202403111256/tools/bin/../lib/gcc/arm-none-eabi/12.3.1/../../../../arm-none-eabi/lib/thumb/v7e-m+dp/hard\libc_nano.a(libc_a-lock.o)
                0x080112d8                __retarget_lock_release_recursive
 .text.memcpy   0x080112da       0x1c C:/ST/STM32CubeIDE_1.15.1/STM32CubeIDE/plugins/com.st.stm32cube.ide.mcu.externaltools.gnu-tools-for-stm32.12.3.rel1.win32_1.0.100.202403111256/tools/bin/../lib/gcc/arm-none-eabi/12.3.1/../../../../arm-none-eabi/lib/thumb/v7e-m+dp/hard\libc_nano.a(libc_a-memcpy-stub.o)
                0x080112da                memcpy
 *fill*         0x080112f6        0x2 
 .text.nanf     0x080112f8        0xc C:/ST/STM32CubeIDE_1.15.1/STM32CubeIDE/plugins/com.st.stm32cube.ide.mcu.externaltools.gnu-tools-for-stm32.12.3.rel1.win32_1.0.100.202403111256/tools/bin/../lib/gcc/arm-none-eabi/12.3.1/../../../../arm-none-eabi/lib/thumb/v7e-m+dp/hard\libc_nano.a(libm_a-sf_nan.o)
                0x080112f8                nanf
 .text.quorem   0x08011304      0x110 C:/ST/STM32CubeIDE_1.15.1/STM32CubeIDE/plugins/com.st.stm32cube.ide.mcu.externaltools.gnu-tools-for-stm32.12.3.rel1.win32_1.0.100.202403111256/tools/bin/../lib/gcc/arm-none-eabi/12.3.1/../../../../arm-none-eabi/lib/thumb/v7e-m+dp/hard\libc_nano.a(libc_a-dtoa.o)
 *fill*         0x08011414        0x4 
 .text._dtoa_r  0x08011418      0xaac C:/ST/STM32CubeIDE_1.15.1/STM32CubeIDE/plugins/com.st.stm32cube.ide.mcu.externaltools.gnu-tools-for-stm32.12.3.rel1.win32_1.0.100.202403111256/tools/bin/../lib/gcc/arm-none-eabi/12.3.1/../../../../arm-none-eabi/lib/thumb/v7e-m+dp/hard\libc_nano.a(libc_a-dtoa.o)
                0x08011418                _dtoa_r
 .text._free_r  0x08011ec4       0x94 C:/ST/STM32CubeIDE_1.15.1/STM32CubeIDE/plugins/com.st.stm32cube.ide.mcu.externaltools.gnu-tools-for-stm32.12.3.rel1.win32_1.0.100.202403111256/tools/bin/../lib/gcc/arm-none-eabi/12.3.1/../../../../arm-none-eabi/lib/thumb/v7e-m+dp/hard\libc_nano.a(libc_a-freer.o)
                0x08011ec4                _free_r
 .text._Balloc  0x08011f58       0x80 C:/ST/STM32CubeIDE_1.15.1/STM32CubeIDE/plugins/com.st.stm32cube.ide.mcu.externaltools.gnu-tools-for-stm32.12.3.rel1.win32_1.0.100.202403111256/tools/bin/../lib/gcc/arm-none-eabi/12.3.1/../../../../arm-none-eabi/lib/thumb/v7e-m+dp/hard\libc_nano.a(libc_a-mprec.o)
                0x08011f58                _Balloc
 .text._Bfree   0x08011fd8       0x44 C:/ST/STM32CubeIDE_1.15.1/STM32CubeIDE/plugins/com.st.stm32cube.ide.mcu.externaltools.gnu-tools-for-stm32.12.3.rel1.win32_1.0.100.202403111256/tools/bin/../lib/gcc/arm-none-eabi/12.3.1/../../../../arm-none-eabi/lib/thumb/v7e-m+dp/hard\libc_nano.a(libc_a-mprec.o)
                0x08011fd8                _Bfree
 .text.__multadd
                0x0801201c       0x8c C:/ST/STM32CubeIDE_1.15.1/STM32CubeIDE/plugins/com.st.stm32cube.ide.mcu.externaltools.gnu-tools-for-stm32.12.3.rel1.win32_1.0.100.202403111256/tools/bin/../lib/gcc/arm-none-eabi/12.3.1/../../../../arm-none-eabi/lib/thumb/v7e-m+dp/hard\libc_nano.a(libc_a-mprec.o)
                0x0801201c                __multadd
 .text.__s2b    0x080120a8       0x94 C:/ST/STM32CubeIDE_1.15.1/STM32CubeIDE/plugins/com.st.stm32cube.ide.mcu.externaltools.gnu-tools-for-stm32.12.3.rel1.win32_1.0.100.202403111256/tools/bin/../lib/gcc/arm-none-eabi/12.3.1/../../../../arm-none-eabi/lib/thumb/v7e-m+dp/hard\libc_nano.a(libc_a-mprec.o)
                0x080120a8                __s2b
 .text.__hi0bits
                0x0801213c       0x3e C:/ST/STM32CubeIDE_1.15.1/STM32CubeIDE/plugins/com.st.stm32cube.ide.mcu.externaltools.gnu-tools-for-stm32.12.3.rel1.win32_1.0.100.202403111256/tools/bin/../lib/gcc/arm-none-eabi/12.3.1/../../../../arm-none-eabi/lib/thumb/v7e-m+dp/hard\libc_nano.a(libc_a-mprec.o)
                0x0801213c                __hi0bits
 .text.__lo0bits
                0x0801217a       0x5a C:/ST/STM32CubeIDE_1.15.1/STM32CubeIDE/plugins/com.st.stm32cube.ide.mcu.externaltools.gnu-tools-for-stm32.12.3.rel1.win32_1.0.100.202403111256/tools/bin/../lib/gcc/arm-none-eabi/12.3.1/../../../../arm-none-eabi/lib/thumb/v7e-m+dp/hard\libc_nano.a(libc_a-mprec.o)
                0x0801217a                __lo0bits
 .text.__i2b    0x080121d4       0x2c C:/ST/STM32CubeIDE_1.15.1/STM32CubeIDE/plugins/com.st.stm32cube.ide.mcu.externaltools.gnu-tools-for-stm32.12.3.rel1.win32_1.0.100.202403111256/tools/bin/../lib/gcc/arm-none-eabi/12.3.1/../../../../arm-none-eabi/lib/thumb/v7e-m+dp/hard\libc_nano.a(libc_a-mprec.o)
                0x080121d4                __i2b
 .text.__multiply
                0x08012200      0x154 C:/ST/STM32CubeIDE_1.15.1/STM32CubeIDE/plugins/com.st.stm32cube.ide.mcu.externaltools.gnu-tools-for-stm32.12.3.rel1.win32_1.0.100.202403111256/tools/bin/../lib/gcc/arm-none-eabi/12.3.1/../../../../arm-none-eabi/lib/thumb/v7e-m+dp/hard\libc_nano.a(libc_a-mprec.o)
                0x08012200                __multiply
 .text.__pow5mult
                0x08012354       0xb4 C:/ST/STM32CubeIDE_1.15.1/STM32CubeIDE/plugins/com.st.stm32cube.ide.mcu.externaltools.gnu-tools-for-stm32.12.3.rel1.win32_1.0.100.202403111256/tools/bin/../lib/gcc/arm-none-eabi/12.3.1/../../../../arm-none-eabi/lib/thumb/v7e-m+dp/hard\libc_nano.a(libc_a-mprec.o)
                0x08012354                __pow5mult
 .text.__lshift