../Core/Src/esp32i2sComunicationDriver.cpp:10:1:esp32_i2sComunicationDriver::esp32_i2sComunicationDriver(i2cMaster*)	24	static,ignoring_inline_asm
../Core/Src/esp32i2sComunicationDriver.cpp:18:12:BaseType_t esp32_i2sComunicationDriver::isCrcSumCorreect(i2cFrame_transmitQueue)	40	static
../Core/Src/esp32i2sComunicationDriver.cpp:33:6:void esp32_i2sComunicationDriver::parseReceivedData(i2cFrame_transmitQueue)	24	static
../Core/Src/esp32i2sComunicationDriver.cpp:52:19:HAL_StatusTypeDef esp32_i2sComunicationDriver::ping()	24	static
../Core/Src/esp32i2sComunicationDriver.cpp:61:6:void esp32_i2sComunicationDriver::incrementInterruptRequestCountingSemaphore()	24	static,ignoring_inline_asm
../Core/Src/esp32i2sComunicationDriver.cpp:72:1:esp32_i2sComunicationDriver::~esp32_i2sComunicationDriver()	16	static
../Core/Src/esp32i2sComunicationDriver.cpp:72:1:virtual esp32_i2sComunicationDriver::~esp32_i2sComunicationDriver()	16	static
../Core/Src/esp32i2sComunicationDriver.cpp:77:6:void esp32_i2sComunicationDriver::isCountingSemaphoreOverflowed()	16	static
../Core/Src/esp32i2sComunicationDriver.cpp:84:12:BaseType_t esp32_i2sComunicationDriver::semaphoreTake__CountingSemaphore()	16	static
../Core/Src/esp32i2sComunicationDriver.cpp:88:12:BaseType_t esp32_i2sComunicationDriver::masterReceiveFromESP32_DMA(uint8_t*, uint16_t)	24	static
../Core/Src/esp32i2sComunicationDriver.cpp:93:12:BaseType_t esp32_i2sComunicationDriver::i2cMasterSemaphoreTake()	16	static
../Core/Src/esp32i2sComunicationDriver.cpp:97:12:BaseType_t esp32_i2sComunicationDriver::i2cMasterSemaphoreGive()	16	static
../Core/Src/esp32i2sComunicationDriver.cpp:101:6:void esp32_i2sComunicationDriver::while_I2C_STATE_READY()	16	static
../Core/Src/esp32i2sComunicationDriver.cpp:105:6:void esp32_i2sComunicationDriver::seteDynamicmMemeoryAlocationError()	16	static
