../Core/Src/esp32i2sComunicationDriver.cpp:10:1:esp32_i2sComunicationDriver::esp32_i2sComunicationDriver(i2cMaster*)	24	static,ignoring_inline_asm
../Core/Src/esp32i2sComunicationDriver.cpp:22:19:HAL_StatusTypeDef esp32_i2sComunicationDriver::ping()	24	static
../Core/Src/esp32i2sComunicationDriver.cpp:31:6:void esp32_i2sComunicationDriver::incrementInterruptRequestCountingSemaphore()	24	static,ignoring_inline_asm
../Core/Src/esp32i2sComunicationDriver.cpp:42:1:esp32_i2sComunicationDriver::~esp32_i2sComunicationDriver()	16	static
../Core/Src/esp32i2sComunicationDriver.cpp:42:1:virtual esp32_i2sComunicationDriver::~esp32_i2sComunicationDriver()	16	static
../Core/Src/esp32i2sComunicationDriver.cpp:47:6:void esp32_i2sComunicationDriver::isCountingSemaphoreOverflowed()	16	static
../Core/Src/esp32i2sComunicationDriver.cpp:54:12:BaseType_t esp32_i2sComunicationDriver::semaphoreTake__CountingSemaphore()	16	static
../Core/Src/esp32i2sComunicationDriver.cpp:58:12:BaseType_t esp32_i2sComunicationDriver::masterReceiveFromESP32_DMA(uint8_t*, uint16_t)	24	static
../Core/Src/esp32i2sComunicationDriver.cpp:63:12:BaseType_t esp32_i2sComunicationDriver::i2cMasterSemaphoreTake()	16	static
../Core/Src/esp32i2sComunicationDriver.cpp:67:12:BaseType_t esp32_i2sComunicationDriver::i2cMasterSemaphoreGive()	16	static
../Core/Src/esp32i2sComunicationDriver.cpp:71:6:void esp32_i2sComunicationDriver::while_I2C_STATE_READY()	16	static
../Core/Src/esp32i2sComunicationDriver.cpp:75:6:void esp32_i2sComunicationDriver::seteDynamicmMemeoryAlocationError()	16	static
