../Core/Src/esp32i2cComunicationDriver.cpp:10:1:esp32_i2cComunicationDriver::esp32_i2cComunicationDriver(i2cMaster*)	24	static,ignoring_inline_asm
../Core/Src/esp32i2cComunicationDriver.cpp:18:12:BaseType_t esp32_i2cComunicationDriver::isCrcSumCorreect(i2cFrame_transmitQueue)	40	static
../Core/Src/esp32i2cComunicationDriver.cpp:33:6:void esp32_i2cComunicationDriver::parseReceivedData(i2cFrame_transmitQueue)	24	static
../Core/Src/esp32i2cComunicationDriver.cpp:43:19:HAL_StatusTypeDef esp32_i2cComunicationDriver::ping()	24	static
../Core/Src/esp32i2cComunicationDriver.cpp:52:6:void esp32_i2cComunicationDriver::incrementInterruptRequestCountingSemaphore()	24	static,ignoring_inline_asm
../Core/Src/esp32i2cComunicationDriver.cpp:63:1:esp32_i2cComunicationDriver::~esp32_i2cComunicationDriver()	16	static
../Core/Src/esp32i2cComunicationDriver.cpp:63:1:virtual esp32_i2cComunicationDriver::~esp32_i2cComunicationDriver()	16	static
../Core/Src/esp32i2cComunicationDriver.cpp:68:6:void esp32_i2cComunicationDriver::isCountingSemaphoreOverflowed()	16	static
../Core/Src/esp32i2cComunicationDriver.cpp:75:12:BaseType_t esp32_i2cComunicationDriver::semaphoreTake__CountingSemaphore()	16	static
../Core/Src/esp32i2cComunicationDriver.cpp:79:12:BaseType_t esp32_i2cComunicationDriver::masterReceiveFromESP32_DMA(uint8_t*, uint16_t)	24	static
../Core/Src/esp32i2cComunicationDriver.cpp:84:12:BaseType_t esp32_i2cComunicationDriver::i2cMasterSemaphoreTake()	16	static
../Core/Src/esp32i2cComunicationDriver.cpp:88:12:BaseType_t esp32_i2cComunicationDriver::i2cMasterSemaphoreGive()	16	static
../Core/Src/esp32i2cComunicationDriver.cpp:92:6:void esp32_i2cComunicationDriver::while_I2C_STATE_READY()	16	static
../Core/Src/esp32i2cComunicationDriver.cpp:96:6:void esp32_i2cComunicationDriver::seteDynamicmMemeoryAlocationError()	16	static
