D:/!!!__GitHUB_repositories/MustangRadio_develepementVersion/02_Firmware/03_Common/i2c_slave_master_queueClass.cpp:4:1:i2cTransmitQueue4DynamicData::i2cTransmitQueue4DynamicData(UBaseType_t)	24	static,ignoring_inline_asm
D:/!!!__GitHUB_repositories/MustangRadio_develepementVersion/02_Firmware/03_Common/i2c_slave_master_queueClass.cpp:11:1:i2cTransmitQueue4DynamicData::~i2cTransmitQueue4DynamicData()	32	static
D:/!!!__GitHUB_repositories/MustangRadio_develepementVersion/02_Firmware/03_Common/i2c_slave_master_queueClass.cpp:26:6:void i2cTransmitQueue4DynamicData::QueueDeleteDataFromPointer(i2cFrame_transmitQueue)	24	static
D:/!!!__GitHUB_repositories/MustangRadio_develepementVersion/02_Firmware/03_Common/i2c_slave_master_queueClass.cpp:31:13:BaseType_t i2cTransmitQueue4DynamicData::QueueReceive(void*, TickType_t)	24	static
D:/!!!__GitHUB_repositories/MustangRadio_develepementVersion/02_Firmware/03_Common/i2c_slave_master_queueClass.cpp:38:12:BaseType_t i2cTransmitQueue4DynamicData::QueueSend(const void*, size_t)	40	static
D:/!!!__GitHUB_repositories/MustangRadio_develepementVersion/02_Firmware/03_Common/i2c_slave_master_queueClass.cpp:66:1:i2cReceiveQueue4DynamicData::i2cReceiveQueue4DynamicData(UBaseType_t)	24	static,ignoring_inline_asm
D:/!!!__GitHUB_repositories/MustangRadio_develepementVersion/02_Firmware/03_Common/i2c_slave_master_queueClass.cpp:71:12:BaseType_t i2cReceiveQueue4DynamicData::QueueSend(uintptr_t*)	32	static
D:/!!!__GitHUB_repositories/MustangRadio_develepementVersion/02_Firmware/03_Common/i2c_slave_master_queueClass.cpp:95:6:void i2cReceiveQueue4DynamicData::QueueDeleteDataFromPointer(void*)	16	static
D:/!!!__GitHUB_repositories/MustangRadio_develepementVersion/02_Firmware/03_Common/i2c_slave_master_queueClass.cpp:101:1:i2cReceiveQueue4DynamicData::~i2cReceiveQueue4DynamicData()	24	static
