D:/!!!__GitHUB_repositories/MustangRadio_develepementVersion/02_Firmware/03_Common/i2c_slave_master_queueClass.cpp:4:1:i2cTraRecQueue4DynamicData::i2cTraRecQueue4DynamicData(UBaseType_t)	24	static,ignoring_inline_asm
D:/!!!__GitHUB_repositories/MustangRadio_develepementVersion/02_Firmware/03_Common/i2c_slave_master_queueClass.cpp:11:1:i2cTraRecQueue4DynamicData::~i2cTraRecQueue4DynamicData()	32	static
D:/!!!__GitHUB_repositories/MustangRadio_develepementVersion/02_Firmware/03_Common/i2c_slave_master_queueClass.cpp:27:6:void i2cTraRecQueue4DynamicData::QueueDeleteDataFromPointer(i2cFrame_transmitQueue)	24	static
D:/!!!__GitHUB_repositories/MustangRadio_develepementVersion/02_Firmware/03_Common/i2c_slave_master_queueClass.cpp:32:13:BaseType_t i2cTraRecQueue4DynamicData::QueueReceive(void*, TickType_t)	24	static
D:/!!!__GitHUB_repositories/MustangRadio_develepementVersion/02_Firmware/03_Common/i2c_slave_master_queueClass.cpp:38:12:BaseType_t i2cTraRecQueue4DynamicData::QueueSend(const void*, size_t)	40	static
