../Core/Src/SileliS_code/comunication_esp32i2cComunicationDriver.cpp:111:1:esp32_i2cComunicationDriver::~esp32_i2cComunicationDriver()	0	static
../Core/Src/SileliS_code/comunication_esp32i2cComunicationDriver.cpp:111:1:virtual esp32_i2cComunicationDriver::~esp32_i2cComunicationDriver()	8	static
../Core/Src/SileliS_code/comunication_esp32i2cComunicationDriver.cpp:27:1:esp32_i2cComunicationDriver::esp32_i2cComunicationDriver(i2cMaster*)	8	static,ignoring_inline_asm
../Core/Src/SileliS_code/comunication_esp32i2cComunicationDriver.cpp:65:12:BaseType_t esp32_i2cComunicationDriver::isCrcSumCorreect(i2cFrame_transmitQueue, uint8_t)	24	static
../Core/Src/SileliS_code/comunication_esp32i2cComunicationDriver.cpp:103:6:void esp32_i2cComunicationDriver::incrementInterruptRequestCountingSemaphore()	16	static,ignoring_inline_asm
../Core/Src/SileliS_code/comunication_esp32i2cComunicationDriver.cpp:128:6:void esp32_i2cComunicationDriver::isCountingSemaphoreOverflowed()	8	static
../Core/Src/SileliS_code/comunication_esp32i2cComunicationDriver.cpp:146:12:BaseType_t esp32_i2cComunicationDriver::semaphoreTake__CountingSemaphore()	8	static
../Core/Src/SileliS_code/comunication_esp32i2cComunicationDriver.cpp:151:12:BaseType_t esp32_i2cComunicationDriver::masterTransmitData(i2cFrame_transmitQueue*)	8	static
../Core/Src/SileliS_code/comunication_esp32i2cComunicationDriver.cpp:246:19:HAL_StatusTypeDef esp32_i2cComunicationDriver::masterReceiveFromESP32_DMA(uint8_t*, uint16_t)	8	static
../Core/Src/SileliS_code/comunication_esp32i2cComunicationDriver.cpp:214:19:HAL_StatusTypeDef esp32_i2cComunicationDriver::masterReceiveData(i2cFrame_transmitQueue*)	16	static
../Core/Src/SileliS_code/comunication_esp32i2cComunicationDriver.cpp:256:6:void esp32_i2cComunicationDriver::giveESP32I2CInterfaceTime()	0	static
../Core/Src/SileliS_code/comunication_esp32i2cComunicationDriver.cpp:260:19:HAL_StatusTypeDef esp32_i2cComunicationDriver::masterReceiveFromESP32_DMA_inSequence(uint8_t*, uint16_t, uint32_t)	24	static
../Core/Src/SileliS_code/comunication_esp32i2cComunicationDriver.cpp:287:6:void esp32_i2cComunicationDriver::while_I2C_STATE_READY()	0	static
../Core/Src/SileliS_code/comunication_esp32i2cComunicationDriver.cpp:334:6:void parserFunction::keyboardToRadioMeny(i2cFrame_keyboardFrame*)	0	static
../Core/Src/SileliS_code/comunication_esp32i2cComunicationDriver.cpp:303:6:void esp32_i2cComunicationDriver::parseReceivedData(i2cFrame_transmitQueue)	48	static
../Core/Src/SileliS_code/comunication_esp32i2cComunicationDriver.cpp:338:1:cpp)	0	static
../Core/Src/SileliS_code/comunication_esp32i2cComunicationDriver.cpp:338:1:cpp)	0	static
