../Core/Src/SileliS_code/esp32i2cComunicationDriver.cpp:129:1:esp32_i2cComunicationDriver::~esp32_i2cComunicationDriver()	0	static
../Core/Src/SileliS_code/esp32i2cComunicationDriver.cpp:129:1:virtual esp32_i2cComunicationDriver::~esp32_i2cComunicationDriver()	8	static
../Core/Src/SileliS_code/esp32i2cComunicationDriver.cpp:27:1:esp32_i2cComunicationDriver::esp32_i2cComunicationDriver(i2cMaster*)	8	static,ignoring_inline_asm
../Core/Src/SileliS_code/esp32i2cComunicationDriver.cpp:62:12:BaseType_t esp32_i2cComunicationDriver::isCrcSumCorreect(i2cFrame_transmitQueue, uint8_t)	24	static
../Core/Src/SileliS_code/esp32i2cComunicationDriver.cpp:120:6:void esp32_i2cComunicationDriver::incrementInterruptRequestCountingSemaphore()	16	static,ignoring_inline_asm
../Core/Src/SileliS_code/esp32i2cComunicationDriver.cpp:147:6:void esp32_i2cComunicationDriver::isCountingSemaphoreOverflowed()	8	static
../Core/Src/SileliS_code/esp32i2cComunicationDriver.cpp:162:12:BaseType_t esp32_i2cComunicationDriver::semaphoreTake__CountingSemaphore()	8	static
../Core/Src/SileliS_code/esp32i2cComunicationDriver.cpp:182:12:BaseType_t esp32_i2cComunicationDriver::masterReceiveFromESP32_DMA(uint8_t*, uint16_t)	8	static
../Core/Src/SileliS_code/esp32i2cComunicationDriver.cpp:199:12:BaseType_t esp32_i2cComunicationDriver::i2cMasterSemaphoreTake()	0	static
../Core/Src/SileliS_code/esp32i2cComunicationDriver.cpp:216:12:BaseType_t esp32_i2cComunicationDriver::i2cMasterSemaphoreGive()	0	static
../Core/Src/SileliS_code/esp32i2cComunicationDriver.cpp:90:19:HAL_StatusTypeDef esp32_i2cComunicationDriver::ping()	16	static
../Core/Src/SileliS_code/esp32i2cComunicationDriver.cpp:234:6:void esp32_i2cComunicationDriver::while_I2C_STATE_READY()	0	static
../Core/Src/SileliS_code/esp32i2cComunicationDriver.cpp:251:6:void esp32_i2cComunicationDriver::seteDynamicmMemeoryAlocationError()	0	static
../Core/Src/SileliS_code/esp32i2cComunicationDriver.cpp:291:7:void parserFunction::keyboardToRadioMeny(i2cFrame_keyboardFrame*)	0	static
../Core/Src/SileliS_code/esp32i2cComunicationDriver.cpp:269:6:void esp32_i2cComunicationDriver::parseReceivedData(i2cFrame_transmitQueue)	48	static
