../Core/Src/SileliS_code/i2cEngine.cpp:28:12:BaseType_t i2cMaster::i2cMasterSemaphoreTake()	0	static
../Core/Src/SileliS_code/i2cEngine.cpp:49:1:i2cMaster::~i2cMaster()	16	static
../Core/Src/SileliS_code/i2cEngine.cpp:49:1:virtual i2cMaster::~i2cMaster()	8	static
../Core/Src/SileliS_code/i2cEngine.cpp:32:12:BaseType_t i2cMaster::i2cMasterSemaphoreGive()	0	static
../Core/Src/SileliS_code/i2cEngine.cpp:11:1:i2cMaster::i2cMaster(I2C_HandleTypeDef*)	16	static
../Core/Src/SileliS_code/i2cEngine.cpp:36:19:HAL_StatusTypeDef i2cMaster::ping(uint16_t)	16	static
../Core/Src/SileliS_code/i2cEngine.cpp:58:6:void i2cMaster::while_I2C_STATE_READY()	8	static
../Core/Src/SileliS_code/i2cEngine.cpp:62:19:HAL_StatusTypeDef i2cMaster::I2C_Master_Receive_DMA(uint16_t, uint8_t*, uint16_t)	24	static
