../Core/Src/SileliS_code/menu_menuItem.cpp:12:1:menuItem::menuItem(const char*)	8	static
../Core/Src/SileliS_code/menu_menuItem.cpp:52:6:void menuItem::mi_bindFunction(void (**)(void*), void (*)(void*))	0	static
../Core/Src/SileliS_code/menu_menuItem.cpp:40:6:void menuItem::mi_bindInit(void (*)(void*))	0	static
../Core/Src/SileliS_code/menu_menuItem.cpp:44:6:void menuItem::mi_bindDeInit(void (*)(void*))	0	static
../Core/Src/SileliS_code/menu_menuItem.cpp:48:6:void menuItem::mi_bindBackInit(void (*)(void*))	0	static
../Core/Src/SileliS_code/menu_menuItem.cpp:71:6:void menuItem::mi_execFunction(void (*)(void*), void*)	0	static
../Core/Src/SileliS_code/menu_menuItem.cpp:59:6:void menuItem::mi_execInit(void*)	0	static
../Core/Src/SileliS_code/menu_menuItem.cpp:63:6:void menuItem::mi_execDeInit(void*)	0	static
../Core/Src/SileliS_code/menu_menuItem.cpp:67:6:void menuItem::mi_execBackInit(void*)	0	static
../Core/Src/SileliS_code/menu_menuItem.cpp:111:1:menuItem::~menuItem()	0	static
../Core/Src/SileliS_code/menu_menuItem.cpp:113:1:cpp)	0	static
../Core/Src/SileliS_code/menu_menuItem.cpp:113:1:cpp)	0	static
