../Core/Src/SileliS_code/menu_menuPrototype.cpp:28:6:virtual void menuPrototype::deviceInit()	0	static
../Core/Src/SileliS_code/menu_menuPrototype.cpp:24:1:menuPrototype::~menuPrototype()	8	static
../Core/Src/SileliS_code/menu_menuPrototype.cpp:24:1:virtual menuPrototype::~menuPrototype()	8	static
../Core/Src/SileliS_code/menu_menuPrototype.cpp:20:1:menuPrototype::menuPrototype()	8	static
../Core/Src/SileliS_code/menu_menuPrototype.cpp:46:1:cpp)	0	static
../Core/Src/SileliS_code/menu_menuPrototype.cpp:46:1:cpp)	0	static
