../Core/Src/SileliS_code/myList.cpp:9:1:myList::myList(ListHeader*, const char*, uint8_t)	16	static
../Core/Src/SileliS_code/myList.cpp:28:1:myList::~myList()	8	static
../Core/Src/SileliS_code/myList.cpp:65:6:void myList::resetToFirst()	0	static
../Core/Src/SileliS_code/myList.cpp:70:9:myList* myList::moveToNext()	0	static
../Core/Src/SileliS_code/myList.cpp:82:7:void myList::moveToNextInLoop()	8	static
../Core/Src/SileliS_code/myList.cpp:94:9:uint8_t myList::getCurrentNodeIndex() const	0	static
../Core/Src/SileliS_code/myList.cpp:99:6:bool myList::isAtEnd() const	0	static
../Core/Src/SileliS_code/myList.cpp:77:6:void myList::moveToEnd()	8	static
../Core/Src/SileliS_code/myList.cpp:104:6:void myList::printList() const	16	static
../Core/Src/SileliS_code/myList.cpp:114:6:void myList::printCurrent() const	0	static
../Core/Src/SileliS_code/myList.cpp:124:6:void myList::renumberNodes()	0	static
../Core/Src/SileliS_code/myList.cpp:34:6:void myList::addAtBeginning(const char*, uint8_t)	24	static
../Core/Src/SileliS_code/myList.cpp:45:6:void myList::addAtEnd(const char*, uint8_t)	24	static
../Core/Src/SileliS_code/myList.cpp:135:6:bool myList::canAddItem() const	0	static
../Core/Src/SileliS_code/myList.cpp:140:6:void myList::deleteList()	16	static
