22:16:24 **** Incremental Build of configuration Debug for project Radio_main ****
make -j16 all 
arm-none-eabi-g++ "../Core/Src/SileliS_code/keyboardToFunction.cpp" -mcpu=cortex-m7 -std=gnu++14 -g3 -DDEBUG -DUSE_HAL_DRIVER -DSTM32H7A3xx -c -I../Core/Inc -I../Drivers/STM32H7xx_HAL_Driver/Inc -I../Drivers/STM32H7xx_HAL_Driver/Inc/Legacy -I../Drivers/CMSIS/Device/ST/STM32H7xx/Include -I../Drivers/CMSIS/Include -I../Middlewares/Third_Party/FreeRTOS/Source/include -I../Middlewares/Third_Party/FreeRTOS/Source/CMSIS_RTOS_V2 -I../Middlewares/Third_Party/FreeRTOS/Source/portable/GCC/ARM_CM4F -I"D:/!!!__GitHUB_repositories/MustangRadio_develepementVersion/02_Firmware/03_Common" -O0 -ffunction-sections -fdata-sections -fno-exceptions -fno-rtti -fno-use-cxa-atexit -Wall -fstack-usage -fcyclomatic-complexity -MMD -MP -MF"Core/Src/SileliS_code/keyboardToFunction.d" -MT"Core/Src/SileliS_code/keyboardToFunction.o" --specs=nano.specs -mfpu=fpv5-d16 -mfloat-abi=hard -mthumb -o "Core/Src/SileliS_code/keyboardToFunction.o"
../Core/Src/SileliS_code/keyboardToFunction.cpp: In constructor 'keyboardToFunction::keyboardToFunction()':
../Core/Src/SileliS_code/keyboardToFunction.cpp:13:15: warning: 'void* memset(void*, int, size_t)' clearing an object of type 'struct _execute_t' with no trivial copy-assignment; use assignment or value-initialization instead [-Wclass-memaccess]
   13 |         memset(this->ExecutableButtonsArray,0, sizeof(EXECUTALBE_BUTTONS_ARRAY_SIZE));
      |         ~~~~~~^~~~~~~~~~~~~~~~~~~~~~~~~~~~~~~~~~~~~~~~~~~~~~~~~~~~~~~~~~~~~~~~~~~~~~~
In file included from ../Core/Src/SileliS_code/keyboardToFunction.cpp:8:
../Core/Inc/SileliS_code/keyboardToFunction.h:16:8: note: 'struct _execute_t' declared here
   16 | struct _execute_t{
      |        ^~~~~~~~~~
../Core/Src/SileliS_code/keyboardToFunction.cpp: In member function 'bool keyboardToFunction::executeButtonFunction(keyboardUnion)':
../Core/Src/SileliS_code/keyboardToFunction.cpp:62:53: warning: statement has no effect [-Wunused-value]
   62 |         this->ExecutableButtonsArray[whichPosition].functionPointer;
      |         ~~~~~~~~~~~~~~~~~~~~~~~~~~~~~~~~~~~~~~~~~~~~^~~~~~~~~~~~~~~
arm-none-eabi-g++ -o "Radio_main.elf" @"objects.list"   -mcpu=cortex-m7 -T"D:\!!!__GitHUB_repositories\MustangRadio_develepementVersion\02_Firmware\02_STM32\Radio_main\STM32H7A3RITX_FLASH.ld" -Wl,-Map="Radio_main.map" -Wl,--gc-sections -static --specs=nano.specs -mfpu=fpv5-d16 -mfloat-abi=hard -mthumb -u _printf_float -u _scanf_float -Wl,--start-group -lc -lm -lstdc++ -lsupc++ -Wl,--end-group
Finished building target: Radio_main.elf
 
arm-none-eabi-size  Radio_main.elf 
arm-none-eabi-objdump -h -S Radio_main.elf  > "Radio_main.list"
   text	   data	    bss	    dec	    hex	filename
 247472	    720	  42568	 290760	  46fc8	Radio_main.elf
Finished building: default.size.stdout
 
Finished building: Radio_main.list
 
