20:20:13 **** Incremental Build of configuration Debug for project I2C_DMA_testes ****
make -j16 all 
arm-none-eabi-gcc "../Core/Src/main.c" -mcpu=cortex-m7 -std=gnu11 -g3 -DDEBUG -DUSE_HAL_DRIVER -DSTM32H7A3xx -c -I../Core/Inc -I../Drivers/STM32H7xx_HAL_Driver/Inc -I../Drivers/STM32H7xx_HAL_Driver/Inc/Legacy -I../Drivers/CMSIS/Device/ST/STM32H7xx/Include -I../Drivers/CMSIS/Include -I../Middlewares/Third_Party/FreeRTOS/Source/include -I../Middlewares/Third_Party/FreeRTOS/Source/portable/GCC/ARM_CM4F -I../Middlewares/Third_Party/FreeRTOS/Source/CMSIS_RTOS -O0 -ffunction-sections -fdata-sections -Wall -fstack-usage -fcyclomatic-complexity -MMD -MP -MF"Core/Src/main.d" -MT"Core/Src/main.o" --specs=nano.specs -mfpu=fpv5-d16 -mfloat-abi=hard -mthumb -o "Core/Src/main.o"
../Core/Src/main.c: In function 'main':
../Core/Src/main.c:127:22: warning: implicit declaration of function 'malloc' [-Wimplicit-function-declaration]
  127 |         testBuffer = malloc(bufferLenght);
      |                      ^~~~~~
../Core/Src/main.c:26:1: note: include '<stdlib.h>' or provide a declaration of 'malloc'
   25 | #include "gpio.h"
  +++ |+#include <stdlib.h>
   26 | 
../Core/Src/main.c:127:22: warning: incompatible implicit declaration of built-in function 'malloc' [-Wbuiltin-declaration-mismatch]
  127 |         testBuffer = malloc(bufferLenght);
      |                      ^~~~~~
../Core/Src/main.c:127:22: note: include '<stdlib.h>' or provide a declaration of 'malloc'
../Core/Src/main.c:129:9: warning: implicit declaration of function 'memcpy' [-Wimplicit-function-declaration]
  129 |         memcpy(testBuffer,&testTransm.dataSize, sizeof(testTransm.dataSize));
      |         ^~~~~~
../Core/Src/main.c:26:1: note: include '<string.h>' or provide a declaration of 'memcpy'
   25 | #include "gpio.h"
  +++ |+#include <string.h>
   26 | 
../Core/Src/main.c:129:9: warning: incompatible implicit declaration of built-in function 'memcpy' [-Wbuiltin-declaration-mismatch]
  129 |         memcpy(testBuffer,&testTransm.dataSize, sizeof(testTransm.dataSize));
      |         ^~~~~~
../Core/Src/main.c:129:9: note: include '<string.h>' or provide a declaration of 'memcpy'
../Core/Src/main.c:137:35: warning: unused variable 'retVal' [-Wunused-variable]
  137 |                 HAL_StatusTypeDef retVal =HAL_I2C_Master_Transmit(&hi2c1, I2C_SLAVE_ADDRESS_ESP32<<1, (uint8_t*) testBuffer, bufferLenght+500, 200);
      |                                   ^~~~~~
../Core/Src/main.c:114:23: warning: unused variable 'handler_Queue' [-Wunused-variable]
  114 |         QueueHandle_t handler_Queue = xQueueCreate(20, sizeof(uint8_t));
      |                       ^~~~~~~~~~~~~
arm-none-eabi-gcc -o "I2C_DMA_testes.elf" @"objects.list"   -mcpu=cortex-m7 -T"D:\!!!__GitHUB_repositories\MustangRadio_develepementVersion\02_Firmware\02_STM32\I2C_DMA_testes\STM32H7A3RITX_FLASH.ld" --specs=nosys.specs -Wl,-Map="I2C_DMA_testes.map" -Wl,--gc-sections -static --specs=nano.specs -mfpu=fpv5-d16 -mfloat-abi=hard -mthumb -Wl,--start-group -lc -lm -Wl,--end-group
Finished building target: I2C_DMA_testes.elf
 
arm-none-eabi-size  I2C_DMA_testes.elf 
arm-none-eabi-objdump -h -S I2C_DMA_testes.elf  > "I2C_DMA_testes.list"
   text	   data	    bss	    dec	    hex	filename
  40656	    100	  18044	  58800	   e5b0	I2C_DMA_testes.elf
Finished building: default.size.stdout
 
Finished building: I2C_DMA_testes.list
 

20:20:14 Build Finished. 0 errors, 6 warnings. (took 1s.265ms)

