23:16:59 **** Incremental Build of configuration Debug for project I2C_DMA_testes ****
make -j16 all 
arm-none-eabi-gcc "../Core/Src/main.c" -mcpu=cortex-m7 -std=gnu11 -g3 -DDEBUG -DUSE_HAL_DRIVER -DSTM32H7A3xx -c -I../Core/Inc -I../Drivers/STM32H7xx_HAL_Driver/Inc -I../Drivers/STM32H7xx_HAL_Driver/Inc/Legacy -I../Drivers/CMSIS/Device/ST/STM32H7xx/Include -I../Drivers/CMSIS/Include -I../Middlewares/Third_Party/FreeRTOS/Source/include -I../Middlewares/Third_Party/FreeRTOS/Source/portable/GCC/ARM_CM4F -I../Middlewares/Third_Party/FreeRTOS/Source/CMSIS_RTOS -O0 -ffunction-sections -fdata-sections -Wall -fstack-usage -fcyclomatic-complexity -MMD -MP -MF"Core/Src/main.d" -MT"Core/Src/main.o" --specs=nano.specs -mfpu=fpv5-d16 -mfloat-abi=hard -mthumb -o "Core/Src/main.o"
../Core/Src/main.c: In function 'main':
../Core/Src/main.c:152:30: warning: pointer targets in passing argument 2 of 'HAL_UART_Transmit' differ in signedness [-Wpointer-sign]
  152 |   HAL_UART_Transmit(&huart1, buffer_1, lenght, 200);
      |                              ^~~~~~~~
      |                              |
      |                              char *
In file included from ../Core/Inc/stm32h7xx_hal_conf.h:463,
                 from ../Drivers/STM32H7xx_HAL_Driver/Inc/stm32h7xx_hal.h:29,
                 from ../Core/Inc/main.h:30,
                 from ../Core/Src/main.c:20:
../Drivers/STM32H7xx_HAL_Driver/Inc/stm32h7xx_hal_uart.h:1637:79: note: expected 'const uint8_t *' {aka 'const unsigned char *'} but argument is of type 'char *'
 1637 | HAL_StatusTypeDef HAL_UART_Transmit(UART_HandleTypeDef *huart, const uint8_t *pData, uint16_t Size, uint32_t Timeout);
      |                                                                ~~~~~~~~~~~~~~~^~~~~
../Core/Src/main.c:177:35: warning: unused variable 'retVal' [-Wunused-variable]
  177 |                 HAL_StatusTypeDef retVal =HAL_I2C_Master_Transmit_DMA(&hi2c1, I2C_SLAVE_ADDRESS_ESP32<<1, (uint8_t*) testBuffer, bufferLenght);
      |                                   ^~~~~~
../Core/Src/main.c:155:23: warning: unused variable 'handler_Queue' [-Wunused-variable]
  155 |         QueueHandle_t handler_Queue = xQueueCreate(20, sizeof(uint8_t));
      |                       ^~~~~~~~~~~~~
arm-none-eabi-gcc -o "I2C_DMA_testes.elf" @"objects.list"   -mcpu=cortex-m7 -T"D:\!!!__GitHUB_repositories\MustangRadio_develepementVersion\02_Firmware\02_STM32\I2C_DMA_testes\STM32H7A3RITX_FLASH.ld" --specs=nosys.specs -Wl,-Map="I2C_DMA_testes.map" -Wl,--gc-sections -static --specs=nano.specs -mfpu=fpv5-d16 -mfloat-abi=hard -mthumb -Wl,--start-group -lc -lm -Wl,--end-group
Finished building target: I2C_DMA_testes.elf
 
arm-none-eabi-size  I2C_DMA_testes.elf 
arm-none-eabi-objdump -h -S I2C_DMA_testes.elf  > "I2C_DMA_testes.list"
   text	   data	    bss	    dec	    hex	filename
  48788	    100	  18044	  66932	  10574	I2C_DMA_testes.elf
Finished building: default.size.stdout
 
Finished building: I2C_DMA_testes.list
 

23:17:00 Build Finished. 0 errors, 3 warnings. (took 1s.473ms)

