21:37:41 **** Build of configuration Debug for project MPUDemo ****
make -j16 all 
arm-none-eabi-gcc "../Startup/memfault_handler.c" -mcpu=cortex-m4 -std=gnu11 -g3 -DUSE_HAL_DRIVER -DDEBUG -DSTM32L475xx -c -I../../../ST_Code/Drivers/CMSIS/Include -I../../../ST_Code/Core/Inc -I../../../ST_Code/Drivers/CMSIS/Device/ST/STM32L4xx/Include -I../../../ST_Code/Drivers/STM32L4xx_HAL_Driver/Inc -I../../../ST_Code/Drivers/STM32L4xx_HAL_Driver/Inc/Legacy -I../../../Config -I../../../Demo -I../../../../../Source/include -I../../../../../Source/portable/GCC/ARM_CM4_MPU -O0 -ffunction-sections -fdata-sections -Wall -fstack-usage -fcyclomatic-complexity -MMD -MP -MF"Startup/memfault_handler.d" -MT"Startup/memfault_handler.o"  -mfpu=fpv4-sp-d16 -mfloat-abi=hard -mthumb -o "Startup/memfault_handler.o"
arm-none-eabi-gcc -mcpu=cortex-m4 -g3 -c -x assembler-with-cpp -MMD -MP -MF"Startup/startup_stm32l475vgtx.d" -MT"Startup/startup_stm32l475vgtx.o"  -mfpu=fpv4-sp-d16 -mfloat-abi=hard -mthumb -o "Startup/startup_stm32l475vgtx.o" "../Startup/startup_stm32l475vgtx.s"
arm-none-eabi-gcc "../Startup/syscalls.c" -mcpu=cortex-m4 -std=gnu11 -g3 -DUSE_HAL_DRIVER -DDEBUG -DSTM32L475xx -c -I../../../ST_Code/Drivers/CMSIS/Include -I../../../ST_Code/Core/Inc -I../../../ST_Code/Drivers/CMSIS/Device/ST/STM32L4xx/Include -I../../../ST_Code/Drivers/STM32L4xx_HAL_Driver/Inc -I../../../ST_Code/Drivers/STM32L4xx_HAL_Driver/Inc/Legacy -I../../../Config -I../../../Demo -I../../../../../Source/include -I../../../../../Source/portable/GCC/ARM_CM4_MPU -O0 -ffunction-sections -fdata-sections -Wall -fstack-usage -fcyclomatic-complexity -MMD -MP -MF"Startup/syscalls.d" -MT"Startup/syscalls.o"  -mfpu=fpv4-sp-d16 -mfloat-abi=hard -mthumb -o "Startup/syscalls.o"
arm-none-eabi-gcc "../Startup/sysmem.c" -mcpu=cortex-m4 -std=gnu11 -g3 -DUSE_HAL_DRIVER -DDEBUG -DSTM32L475xx -c -I../../../ST_Code/Drivers/CMSIS/Include -I../../../ST_Code/Core/Inc -I../../../ST_Code/Drivers/CMSIS/Device/ST/STM32L4xx/Include -I../../../ST_Code/Drivers/STM32L4xx_HAL_Driver/Inc -I../../../ST_Code/Drivers/STM32L4xx_HAL_Driver/Inc/Legacy -I../../../Config -I../../../Demo -I../../../../../Source/include -I../../../../../Source/portable/GCC/ARM_CM4_MPU -O0 -ffunction-sections -fdata-sections -Wall -fstack-usage -fcyclomatic-complexity -MMD -MP -MF"Startup/sysmem.d" -MT"Startup/sysmem.o"  -mfpu=fpv4-sp-d16 -mfloat-abi=hard -mthumb -o "Startup/sysmem.o"
arm-none-eabi-gcc "D:/!!!__GitHUB_repositories/MustangRadio_develepementVersion/02_Firmware/02_STM32/I2C_DMA_testes/FreeRTOS/Source/portable/MemMang/heap_4.c" -mcpu=cortex-m4 -std=gnu11 -g3 -DUSE_HAL_DRIVER -DDEBUG -DSTM32L475xx -c -I../../../ST_Code/Drivers/CMSIS/Include -I../../../ST_Code/Core/Inc -I../../../ST_Code/Drivers/CMSIS/Device/ST/STM32L4xx/Include -I../../../ST_Code/Drivers/STM32L4xx_HAL_Driver/Inc -I../../../ST_Code/Drivers/STM32L4xx_HAL_Driver/Inc/Legacy -I../../../Config -I../../../Demo -I../../../../../Source/include -I../../../../../Source/portable/GCC/ARM_CM4_MPU -O0 -ffunction-sections -fdata-sections -Wall -fstack-usage -fcyclomatic-complexity -MMD -MP -MF"FreeRTOS/portable/MemMang/heap_4.d" -MT"FreeRTOS/portable/MemMang/heap_4.o"  -mfpu=fpv4-sp-d16 -mfloat-abi=hard -mthumb -o "FreeRTOS/portable/MemMang/heap_4.o"
arm-none-eabi-gcc "D:/!!!__GitHUB_repositories/MustangRadio_develepementVersion/02_Firmware/02_STM32/I2C_DMA_testes/FreeRTOS/Source/portable/GCC/ARM_CM4_MPU/mpu_wrappers_v2_asm.c" -mcpu=cortex-m4 -std=gnu11 -g3 -DUSE_HAL_DRIVER -DDEBUG -DSTM32L475xx -c -I../../../ST_Code/Drivers/CMSIS/Include -I../../../ST_Code/Core/Inc -I../../../ST_Code/Drivers/CMSIS/Device/ST/STM32L4xx/Include -I../../../ST_Code/Drivers/STM32L4xx_HAL_Driver/Inc -I../../../ST_Code/Drivers/STM32L4xx_HAL_Driver/Inc/Legacy -I../../../Config -I../../../Demo -I../../../../../Source/include -I../../../../../Source/portable/GCC/ARM_CM4_MPU -O0 -ffunction-sections -fdata-sections -Wall -fstack-usage -fcyclomatic-complexity -MMD -MP -MF"FreeRTOS/portable/GCC/ARM_CM4_MPU/mpu_wrappers_v2_asm.d" -MT"FreeRTOS/portable/GCC/ARM_CM4_MPU/mpu_wrappers_v2_asm.o"  -mfpu=fpv4-sp-d16 -mfloat-abi=hard -mthumb -o "FreeRTOS/portable/GCC/ARM_CM4_MPU/mpu_wrappers_v2_asm.o"
arm-none-eabi-gcc "D:/!!!__GitHUB_repositories/MustangRadio_develepementVersion/02_Firmware/02_STM32/I2C_DMA_testes/FreeRTOS/Source/portable/GCC/ARM_CM4_MPU/port.c" -mcpu=cortex-m4 -std=gnu11 -g3 -DUSE_HAL_DRIVER -DDEBUG -DSTM32L475xx -c -I../../../ST_Code/Drivers/CMSIS/Include -I../../../ST_Code/Core/Inc -I../../../ST_Code/Drivers/CMSIS/Device/ST/STM32L4xx/Include -I../../../ST_Code/Drivers/STM32L4xx_HAL_Driver/Inc -I../../../ST_Code/Drivers/STM32L4xx_HAL_Driver/Inc/Legacy -I../../../Config -I../../../Demo -I../../../../../Source/include -I../../../../../Source/portable/GCC/ARM_CM4_MPU -O0 -ffunction-sections -fdata-sections -Wall -fstack-usage -fcyclomatic-complexity -MMD -MP -MF"FreeRTOS/portable/GCC/ARM_CM4_MPU/port.d" -MT"FreeRTOS/portable/GCC/ARM_CM4_MPU/port.o"  -mfpu=fpv4-sp-d16 -mfloat-abi=hard -mthumb -o "FreeRTOS/portable/GCC/ARM_CM4_MPU/port.o"
arm-none-eabi-gcc "D:/!!!__GitHUB_repositories/MustangRadio_develepementVersion/02_Firmware/02_STM32/I2C_DMA_testes/FreeRTOS/Source/portable/Common/mpu_wrappers.c" -mcpu=cortex-m4 -std=gnu11 -g3 -DUSE_HAL_DRIVER -DDEBUG -DSTM32L475xx -c -I../../../ST_Code/Drivers/CMSIS/Include -I../../../ST_Code/Core/Inc -I../../../ST_Code/Drivers/CMSIS/Device/ST/STM32L4xx/Include -I../../../ST_Code/Drivers/STM32L4xx_HAL_Driver/Inc -I../../../ST_Code/Drivers/STM32L4xx_HAL_Driver/Inc/Legacy -I../../../Config -I../../../Demo -I../../../../../Source/include -I../../../../../Source/portable/GCC/ARM_CM4_MPU -O0 -ffunction-sections -fdata-sections -Wall -fstack-usage -fcyclomatic-complexity -MMD -MP -MF"FreeRTOS/portable/Common/mpu_wrappers.d" -MT"FreeRTOS/portable/Common/mpu_wrappers.o"  -mfpu=fpv4-sp-d16 -mfloat-abi=hard -mthumb -o "FreeRTOS/portable/Common/mpu_wrappers.o"
arm-none-eabi-gcc "D:/!!!__GitHUB_repositories/MustangRadio_develepementVersion/02_Firmware/02_STM32/I2C_DMA_testes/FreeRTOS/Source/portable/Common/mpu_wrappers_v2.c" -mcpu=cortex-m4 -std=gnu11 -g3 -DUSE_HAL_DRIVER -DDEBUG -DSTM32L475xx -c -I../../../ST_Code/Drivers/CMSIS/Include -I../../../ST_Code/Core/Inc -I../../../ST_Code/Drivers/CMSIS/Device/ST/STM32L4xx/Include -I../../../ST_Code/Drivers/STM32L4xx_HAL_Driver/Inc -I../../../ST_Code/Drivers/STM32L4xx_HAL_Driver/Inc/Legacy -I../../../Config -I../../../Demo -I../../../../../Source/include -I../../../../../Source/portable/GCC/ARM_CM4_MPU -O0 -ffunction-sections -fdata-sections -Wall -fstack-usage -fcyclomatic-complexity -MMD -MP -MF"FreeRTOS/portable/Common/mpu_wrappers_v2.d" -MT"FreeRTOS/portable/Common/mpu_wrappers_v2.o"  -mfpu=fpv4-sp-d16 -mfloat-abi=hard -mthumb -o "FreeRTOS/portable/Common/mpu_wrappers_v2.o"
arm-none-eabi-gcc "D:/!!!__GitHUB_repositories/MustangRadio_develepementVersion/02_Firmware/02_STM32/I2C_DMA_testes/FreeRTOS/Source/croutine.c" -mcpu=cortex-m4 -std=gnu11 -g3 -DUSE_HAL_DRIVER -DDEBUG -DSTM32L475xx -c -I../../../ST_Code/Drivers/CMSIS/Include -I../../../ST_Code/Core/Inc -I../../../ST_Code/Drivers/CMSIS/Device/ST/STM32L4xx/Include -I../../../ST_Code/Drivers/STM32L4xx_HAL_Driver/Inc -I../../../ST_Code/Drivers/STM32L4xx_HAL_Driver/Inc/Legacy -I../../../Config -I../../../Demo -I../../../../../Source/include -I../../../../../Source/portable/GCC/ARM_CM4_MPU -O0 -ffunction-sections -fdata-sections -Wall -fstack-usage -fcyclomatic-complexity -MMD -MP -MF"FreeRTOS/croutine.d" -MT"FreeRTOS/croutine.o"  -mfpu=fpv4-sp-d16 -mfloat-abi=hard -mthumb -o "FreeRTOS/croutine.o"
arm-none-eabi-gcc "D:/!!!__GitHUB_repositories/MustangRadio_develepementVersion/02_Firmware/02_STM32/I2C_DMA_testes/FreeRTOS/Source/event_groups.c" -mcpu=cortex-m4 -std=gnu11 -g3 -DUSE_HAL_DRIVER -DDEBUG -DSTM32L475xx -c -I../../../ST_Code/Drivers/CMSIS/Include -I../../../ST_Code/Core/Inc -I../../../ST_Code/Drivers/CMSIS/Device/ST/STM32L4xx/Include -I../../../ST_Code/Drivers/STM32L4xx_HAL_Driver/Inc -I../../../ST_Code/Drivers/STM32L4xx_HAL_Driver/Inc/Legacy -I../../../Config -I../../../Demo -I../../../../../Source/include -I../../../../../Source/portable/GCC/ARM_CM4_MPU -O0 -ffunction-sections -fdata-sections -Wall -fstack-usage -fcyclomatic-complexity -MMD -MP -MF"FreeRTOS/event_groups.d" -MT"FreeRTOS/event_groups.o"  -mfpu=fpv4-sp-d16 -mfloat-abi=hard -mthumb -o "FreeRTOS/event_groups.o"
arm-none-eabi-gcc "D:/!!!__GitHUB_repositories/MustangRadio_develepementVersion/02_Firmware/02_STM32/I2C_DMA_testes/FreeRTOS/Source/list.c" -mcpu=cortex-m4 -std=gnu11 -g3 -DUSE_HAL_DRIVER -DDEBUG -DSTM32L475xx -c -I../../../ST_Code/Drivers/CMSIS/Include -I../../../ST_Code/Core/Inc -I../../../ST_Code/Drivers/CMSIS/Device/ST/STM32L4xx/Include -I../../../ST_Code/Drivers/STM32L4xx_HAL_Driver/Inc -I../../../ST_Code/Drivers/STM32L4xx_HAL_Driver/Inc/Legacy -I../../../Config -I../../../Demo -I../../../../../Source/include -I../../../../../Source/portable/GCC/ARM_CM4_MPU -O0 -ffunction-sections -fdata-sections -Wall -fstack-usage -fcyclomatic-complexity -MMD -MP -MF"FreeRTOS/list.d" -MT"FreeRTOS/list.o"  -mfpu=fpv4-sp-d16 -mfloat-abi=hard -mthumb -o "FreeRTOS/list.o"
arm-none-eabi-gcc "D:/!!!__GitHUB_repositories/MustangRadio_develepementVersion/02_Firmware/02_STM32/I2C_DMA_testes/FreeRTOS/Source/queue.c" -mcpu=cortex-m4 -std=gnu11 -g3 -DUSE_HAL_DRIVER -DDEBUG -DSTM32L475xx -c -I../../../ST_Code/Drivers/CMSIS/Include -I../../../ST_Code/Core/Inc -I../../../ST_Code/Drivers/CMSIS/Device/ST/STM32L4xx/Include -I../../../ST_Code/Drivers/STM32L4xx_HAL_Driver/Inc -I../../../ST_Code/Drivers/STM32L4xx_HAL_Driver/Inc/Legacy -I../../../Config -I../../../Demo -I../../../../../Source/include -I../../../../../Source/portable/GCC/ARM_CM4_MPU -O0 -ffunction-sections -fdata-sections -Wall -fstack-usage -fcyclomatic-complexity -MMD -MP -MF"FreeRTOS/queue.d" -MT"FreeRTOS/queue.o"  -mfpu=fpv4-sp-d16 -mfloat-abi=hard -mthumb -o "FreeRTOS/queue.o"
arm-none-eabi-gcc "D:/!!!__GitHUB_repositories/MustangRadio_develepementVersion/02_Firmware/02_STM32/I2C_DMA_testes/FreeRTOS/Source/stream_buffer.c" -mcpu=cortex-m4 -std=gnu11 -g3 -DUSE_HAL_DRIVER -DDEBUG -DSTM32L475xx -c -I../../../ST_Code/Drivers/CMSIS/Include -I../../../ST_Code/Core/Inc -I../../../ST_Code/Drivers/CMSIS/Device/ST/STM32L4xx/Include -I../../../ST_Code/Drivers/STM32L4xx_HAL_Driver/Inc -I../../../ST_Code/Drivers/STM32L4xx_HAL_Driver/Inc/Legacy -I../../../Config -I../../../Demo -I../../../../../Source/include -I../../../../../Source/portable/GCC/ARM_CM4_MPU -O0 -ffunction-sections -fdata-sections -Wall -fstack-usage -fcyclomatic-complexity -MMD -MP -MF"FreeRTOS/stream_buffer.d" -MT"FreeRTOS/stream_buffer.o"  -mfpu=fpv4-sp-d16 -mfloat-abi=hard -mthumb -o "FreeRTOS/stream_buffer.o"
arm-none-eabi-gcc "D:/!!!__GitHUB_repositories/MustangRadio_develepementVersion/02_Firmware/02_STM32/I2C_DMA_testes/FreeRTOS/Source/tasks.c" -mcpu=cortex-m4 -std=gnu11 -g3 -DUSE_HAL_DRIVER -DDEBUG -DSTM32L475xx -c -I../../../ST_Code/Drivers/CMSIS/Include -I../../../ST_Code/Core/Inc -I../../../ST_Code/Drivers/CMSIS/Device/ST/STM32L4xx/Include -I../../../ST_Code/Drivers/STM32L4xx_HAL_Driver/Inc -I../../../ST_Code/Drivers/STM32L4xx_HAL_Driver/Inc/Legacy -I../../../Config -I../../../Demo -I../../../../../Source/include -I../../../../../Source/portable/GCC/ARM_CM4_MPU -O0 -ffunction-sections -fdata-sections -Wall -fstack-usage -fcyclomatic-complexity -MMD -MP -MF"FreeRTOS/tasks.d" -MT"FreeRTOS/tasks.o"  -mfpu=fpv4-sp-d16 -mfloat-abi=hard -mthumb -o "FreeRTOS/tasks.o"
arm-none-eabi-gcc "D:/!!!__GitHUB_repositories/MustangRadio_develepementVersion/02_Firmware/02_STM32/I2C_DMA_testes/FreeRTOS/Source/timers.c" -mcpu=cortex-m4 -std=gnu11 -g3 -DUSE_HAL_DRIVER -DDEBUG -DSTM32L475xx -c -I../../../ST_Code/Drivers/CMSIS/Include -I../../../ST_Code/Core/Inc -I../../../ST_Code/Drivers/CMSIS/Device/ST/STM32L4xx/Include -I../../../ST_Code/Drivers/STM32L4xx_HAL_Driver/Inc -I../../../ST_Code/Drivers/STM32L4xx_HAL_Driver/Inc/Legacy -I../../../Config -I../../../Demo -I../../../../../Source/include -I../../../../../Source/portable/GCC/ARM_CM4_MPU -O0 -ffunction-sections -fdata-sections -Wall -fstack-usage -fcyclomatic-complexity -MMD -MP -MF"FreeRTOS/timers.d" -MT"FreeRTOS/timers.o"  -mfpu=fpv4-sp-d16 -mfloat-abi=hard -mthumb -o "FreeRTOS/timers.o"
arm-none-eabi-gcc "D:/!!!__GitHUB_repositories/MustangRadio_develepementVersion/02_Firmware/02_STM32/I2C_DMA_testes/FreeRTOS/Demo/CORTEX_MPU_STM32L4_Discovery_GCC_IAR_Keil/ST_Code/Drivers/STM32L4xx_HAL_Driver/Src/stm32l4xx_hal.c" -mcpu=cortex-m4 -std=gnu11 -g3 -DUSE_HAL_DRIVER -DDEBUG -DSTM32L475xx -c -I../../../ST_Code/Drivers/CMSIS/Include -I../../../ST_Code/Core/Inc -I../../../ST_Code/Drivers/CMSIS/Device/ST/STM32L4xx/Include -I../../../ST_Code/Drivers/STM32L4xx_HAL_Driver/Inc -I../../../ST_Code/Drivers/STM32L4xx_HAL_Driver/Inc/Legacy -I../../../Config -I../../../Demo -I../../../../../Source/include -I../../../../../Source/portable/GCC/ARM_CM4_MPU -O0 -ffunction-sections -fdata-sections -Wall -fstack-usage -fcyclomatic-complexity -MMD -MP -MF"Drivers/STM32L4xx_HAL_Driver/Src/stm32l4xx_hal.d" -MT"Drivers/STM32L4xx_HAL_Driver/Src/stm32l4xx_hal.o"  -mfpu=fpv4-sp-d16 -mfloat-abi=hard -mthumb -o "Drivers/STM32L4xx_HAL_Driver/Src/stm32l4xx_hal.o"
arm-none-eabi-gcc "D:/!!!__GitHUB_repositories/MustangRadio_develepementVersion/02_Firmware/02_STM32/I2C_DMA_testes/FreeRTOS/Demo/CORTEX_MPU_STM32L4_Discovery_GCC_IAR_Keil/ST_Code/Drivers/STM32L4xx_HAL_Driver/Src/stm32l4xx_hal_cortex.c" -mcpu=cortex-m4 -std=gnu11 -g3 -DUSE_HAL_DRIVER -DDEBUG -DSTM32L475xx -c -I../../../ST_Code/Drivers/CMSIS/Include -I../../../ST_Code/Core/Inc -I../../../ST_Code/Drivers/CMSIS/Device/ST/STM32L4xx/Include -I../../../ST_Code/Drivers/STM32L4xx_HAL_Driver/Inc -I../../../ST_Code/Drivers/STM32L4xx_HAL_Driver/Inc/Legacy -I../../../Config -I../../../Demo -I../../../../../Source/include -I../../../../../Source/portable/GCC/ARM_CM4_MPU -O0 -ffunction-sections -fdata-sections -Wall -fstack-usage -fcyclomatic-complexity -MMD -MP -MF"Drivers/STM32L4xx_HAL_Driver/Src/stm32l4xx_hal_cortex.d" -MT"Drivers/STM32L4xx_HAL_Driver/Src/stm32l4xx_hal_cortex.o"  -mfpu=fpv4-sp-d16 -mfloat-abi=hard -mthumb -o "Drivers/STM32L4xx_HAL_Driver/Src/stm32l4xx_hal_cortex.o"
arm-none-eabi-gcc "D:/!!!__GitHUB_repositories/MustangRadio_develepementVersion/02_Firmware/02_STM32/I2C_DMA_testes/FreeRTOS/Demo/CORTEX_MPU_STM32L4_Discovery_GCC_IAR_Keil/ST_Code/Drivers/STM32L4xx_HAL_Driver/Src/stm32l4xx_hal_dfsdm.c" -mcpu=cortex-m4 -std=gnu11 -g3 -DUSE_HAL_DRIVER -DDEBUG -DSTM32L475xx -c -I../../../ST_Code/Drivers/CMSIS/Include -I../../../ST_Code/Core/Inc -I../../../ST_Code/Drivers/CMSIS/Device/ST/STM32L4xx/Include -I../../../ST_Code/Drivers/STM32L4xx_HAL_Driver/Inc -I../../../ST_Code/Drivers/STM32L4xx_HAL_Driver/Inc/Legacy -I../../../Config -I../../../Demo -I../../../../../Source/include -I../../../../../Source/portable/GCC/ARM_CM4_MPU -O0 -ffunction-sections -fdata-sections -Wall -fstack-usage -fcyclomatic-complexity -MMD -MP -MF"Drivers/STM32L4xx_HAL_Driver/Src/stm32l4xx_hal_dfsdm.d" -MT"Drivers/STM32L4xx_HAL_Driver/Src/stm32l4xx_hal_dfsdm.o"  -mfpu=fpv4-sp-d16 -mfloat-abi=hard -mthumb -o "Drivers/STM32L4xx_HAL_Driver/Src/stm32l4xx_hal_dfsdm.o"
arm-none-eabi-gcc "D:/!!!__GitHUB_repositories/MustangRadio_develepementVersion/02_Firmware/02_STM32/I2C_DMA_testes/FreeRTOS/Demo/CORTEX_MPU_STM32L4_Discovery_GCC_IAR_Keil/ST_Code/Drivers/STM32L4xx_HAL_Driver/Src/stm32l4xx_hal_dma.c" -mcpu=cortex-m4 -std=gnu11 -g3 -DUSE_HAL_DRIVER -DDEBUG -DSTM32L475xx -c -I../../../ST_Code/Drivers/CMSIS/Include -I../../../ST_Code/Core/Inc -I../../../ST_Code/Drivers/CMSIS/Device/ST/STM32L4xx/Include -I../../../ST_Code/Drivers/STM32L4xx_HAL_Driver/Inc -I../../../ST_Code/Drivers/STM32L4xx_HAL_Driver/Inc/Legacy -I../../../Config -I../../../Demo -I../../../../../Source/include -I../../../../../Source/portable/GCC/ARM_CM4_MPU -O0 -ffunction-sections -fdata-sections -Wall -fstack-usage -fcyclomatic-complexity -MMD -MP -MF"Drivers/STM32L4xx_HAL_Driver/Src/stm32l4xx_hal_dma.d" -MT"Drivers/STM32L4xx_HAL_Driver/Src/stm32l4xx_hal_dma.o"  -mfpu=fpv4-sp-d16 -mfloat-abi=hard -mthumb -o "Drivers/STM32L4xx_HAL_Driver/Src/stm32l4xx_hal_dma.o"
arm-none-eabi-gcc "D:/!!!__GitHUB_repositories/MustangRadio_develepementVersion/02_Firmware/02_STM32/I2C_DMA_testes/FreeRTOS/Demo/CORTEX_MPU_STM32L4_Discovery_GCC_IAR_Keil/ST_Code/Drivers/STM32L4xx_HAL_Driver/Src/stm32l4xx_hal_dma_ex.c" -mcpu=cortex-m4 -std=gnu11 -g3 -DUSE_HAL_DRIVER -DDEBUG -DSTM32L475xx -c -I../../../ST_Code/Drivers/CMSIS/Include -I../../../ST_Code/Core/Inc -I../../../ST_Code/Drivers/CMSIS/Device/ST/STM32L4xx/Include -I../../../ST_Code/Drivers/STM32L4xx_HAL_Driver/Inc -I../../../ST_Code/Drivers/STM32L4xx_HAL_Driver/Inc/Legacy -I../../../Config -I../../../Demo -I../../../../../Source/include -I../../../../../Source/portable/GCC/ARM_CM4_MPU -O0 -ffunction-sections -fdata-sections -Wall -fstack-usage -fcyclomatic-complexity -MMD -MP -MF"Drivers/STM32L4xx_HAL_Driver/Src/stm32l4xx_hal_dma_ex.d" -MT"Drivers/STM32L4xx_HAL_Driver/Src/stm32l4xx_hal_dma_ex.o"  -mfpu=fpv4-sp-d16 -mfloat-abi=hard -mthumb -o "Drivers/STM32L4xx_HAL_Driver/Src/stm32l4xx_hal_dma_ex.o"
arm-none-eabi-gcc "D:/!!!__GitHUB_repositories/MustangRadio_develepementVersion/02_Firmware/02_STM32/I2C_DMA_testes/FreeRTOS/Demo/CORTEX_MPU_STM32L4_Discovery_GCC_IAR_Keil/ST_Code/Drivers/STM32L4xx_HAL_Driver/Src/stm32l4xx_hal_exti.c" -mcpu=cortex-m4 -std=gnu11 -g3 -DUSE_HAL_DRIVER -DDEBUG -DSTM32L475xx -c -I../../../ST_Code/Drivers/CMSIS/Include -I../../../ST_Code/Core/Inc -I../../../ST_Code/Drivers/CMSIS/Device/ST/STM32L4xx/Include -I../../../ST_Code/Drivers/STM32L4xx_HAL_Driver/Inc -I../../../ST_Code/Drivers/STM32L4xx_HAL_Driver/Inc/Legacy -I../../../Config -I../../../Demo -I../../../../../Source/include -I../../../../../Source/portable/GCC/ARM_CM4_MPU -O0 -ffunction-sections -fdata-sections -Wall -fstack-usage -fcyclomatic-complexity -MMD -MP -MF"Drivers/STM32L4xx_HAL_Driver/Src/stm32l4xx_hal_exti.d" -MT"Drivers/STM32L4xx_HAL_Driver/Src/stm32l4xx_hal_exti.o"  -mfpu=fpv4-sp-d16 -mfloat-abi=hard -mthumb -o "Drivers/STM32L4xx_HAL_Driver/Src/stm32l4xx_hal_exti.o"
arm-none-eabi-gcc "D:/!!!__GitHUB_repositories/MustangRadio_develepementVersion/02_Firmware/02_STM32/I2C_DMA_testes/FreeRTOS/Demo/CORTEX_MPU_STM32L4_Discovery_GCC_IAR_Keil/ST_Code/Drivers/STM32L4xx_HAL_Driver/Src/stm32l4xx_hal_flash.c" -mcpu=cortex-m4 -std=gnu11 -g3 -DUSE_HAL_DRIVER -DDEBUG -DSTM32L475xx -c -I../../../ST_Code/Drivers/CMSIS/Include -I../../../ST_Code/Core/Inc -I../../../ST_Code/Drivers/CMSIS/Device/ST/STM32L4xx/Include -I../../../ST_Code/Drivers/STM32L4xx_HAL_Driver/Inc -I../../../ST_Code/Drivers/STM32L4xx_HAL_Driver/Inc/Legacy -I../../../Config -I../../../Demo -I../../../../../Source/include -I../../../../../Source/portable/GCC/ARM_CM4_MPU -O0 -ffunction-sections -fdata-sections -Wall -fstack-usage -fcyclomatic-complexity -MMD -MP -MF"Drivers/STM32L4xx_HAL_Driver/Src/stm32l4xx_hal_flash.d" -MT"Drivers/STM32L4xx_HAL_Driver/Src/stm32l4xx_hal_flash.o"  -mfpu=fpv4-sp-d16 -mfloat-abi=hard -mthumb -o "Drivers/STM32L4xx_HAL_Driver/Src/stm32l4xx_hal_flash.o"
arm-none-eabi-gcc "D:/!!!__GitHUB_repositories/MustangRadio_develepementVersion/02_Firmware/02_STM32/I2C_DMA_testes/FreeRTOS/Demo/CORTEX_MPU_STM32L4_Discovery_GCC_IAR_Keil/ST_Code/Drivers/STM32L4xx_HAL_Driver/Src/stm32l4xx_hal_flash_ex.c" -mcpu=cortex-m4 -std=gnu11 -g3 -DUSE_HAL_DRIVER -DDEBUG -DSTM32L475xx -c -I../../../ST_Code/Drivers/CMSIS/Include -I../../../ST_Code/Core/Inc -I../../../ST_Code/Drivers/CMSIS/Device/ST/STM32L4xx/Include -I../../../ST_Code/Drivers/STM32L4xx_HAL_Driver/Inc -I../../../ST_Code/Drivers/STM32L4xx_HAL_Driver/Inc/Legacy -I../../../Config -I../../../Demo -I../../../../../Source/include -I../../../../../Source/portable/GCC/ARM_CM4_MPU -O0 -ffunction-sections -fdata-sections -Wall -fstack-usage -fcyclomatic-complexity -MMD -MP -MF"Drivers/STM32L4xx_HAL_Driver/Src/stm32l4xx_hal_flash_ex.d" -MT"Drivers/STM32L4xx_HAL_Driver/Src/stm32l4xx_hal_flash_ex.o"  -mfpu=fpv4-sp-d16 -mfloat-abi=hard -mthumb -o "Drivers/STM32L4xx_HAL_Driver/Src/stm32l4xx_hal_flash_ex.o"
arm-none-eabi-gcc "D:/!!!__GitHUB_repositories/MustangRadio_develepementVersion/02_Firmware/02_STM32/I2C_DMA_testes/FreeRTOS/Demo/CORTEX_MPU_STM32L4_Discovery_GCC_IAR_Keil/ST_Code/Drivers/STM32L4xx_HAL_Driver/Src/stm32l4xx_hal_flash_ramfunc.c" -mcpu=cortex-m4 -std=gnu11 -g3 -DUSE_HAL_DRIVER -DDEBUG -DSTM32L475xx -c -I../../../ST_Code/Drivers/CMSIS/Include -I../../../ST_Code/Core/Inc -I../../../ST_Code/Drivers/CMSIS/Device/ST/STM32L4xx/Include -I../../../ST_Code/Drivers/STM32L4xx_HAL_Driver/Inc -I../../../ST_Code/Drivers/STM32L4xx_HAL_Driver/Inc/Legacy -I../../../Config -I../../../Demo -I../../../../../Source/include -I../../../../../Source/portable/GCC/ARM_CM4_MPU -O0 -ffunction-sections -fdata-sections -Wall -fstack-usage -fcyclomatic-complexity -MMD -MP -MF"Drivers/STM32L4xx_HAL_Driver/Src/stm32l4xx_hal_flash_ramfunc.d" -MT"Drivers/STM32L4xx_HAL_Driver/Src/stm32l4xx_hal_flash_ramfunc.o"  -mfpu=fpv4-sp-d16 -mfloat-abi=hard -mthumb -o "Drivers/STM32L4xx_HAL_Driver/Src/stm32l4xx_hal_flash_ramfunc.o"
arm-none-eabi-gcc "D:/!!!__GitHUB_repositories/MustangRadio_develepementVersion/02_Firmware/02_STM32/I2C_DMA_testes/FreeRTOS/Demo/CORTEX_MPU_STM32L4_Discovery_GCC_IAR_Keil/ST_Code/Drivers/STM32L4xx_HAL_Driver/Src/stm32l4xx_hal_gpio.c" -mcpu=cortex-m4 -std=gnu11 -g3 -DUSE_HAL_DRIVER -DDEBUG -DSTM32L475xx -c -I../../../ST_Code/Drivers/CMSIS/Include -I../../../ST_Code/Core/Inc -I../../../ST_Code/Drivers/CMSIS/Device/ST/STM32L4xx/Include -I../../../ST_Code/Drivers/STM32L4xx_HAL_Driver/Inc -I../../../ST_Code/Drivers/STM32L4xx_HAL_Driver/Inc/Legacy -I../../../Config -I../../../Demo -I../../../../../Source/include -I../../../../../Source/portable/GCC/ARM_CM4_MPU -O0 -ffunction-sections -fdata-sections -Wall -fstack-usage -fcyclomatic-complexity -MMD -MP -MF"Drivers/STM32L4xx_HAL_Driver/Src/stm32l4xx_hal_gpio.d" -MT"Drivers/STM32L4xx_HAL_Driver/Src/stm32l4xx_hal_gpio.o"  -mfpu=fpv4-sp-d16 -mfloat-abi=hard -mthumb -o "Drivers/STM32L4xx_HAL_Driver/Src/stm32l4xx_hal_gpio.o"
arm-none-eabi-gcc "D:/!!!__GitHUB_repositories/MustangRadio_develepementVersion/02_Firmware/02_STM32/I2C_DMA_testes/FreeRTOS/Demo/CORTEX_MPU_STM32L4_Discovery_GCC_IAR_Keil/ST_Code/Drivers/STM32L4xx_HAL_Driver/Src/stm32l4xx_hal_i2c.c" -mcpu=cortex-m4 -std=gnu11 -g3 -DUSE_HAL_DRIVER -DDEBUG -DSTM32L475xx -c -I../../../ST_Code/Drivers/CMSIS/Include -I../../../ST_Code/Core/Inc -I../../../ST_Code/Drivers/CMSIS/Device/ST/STM32L4xx/Include -I../../../ST_Code/Drivers/STM32L4xx_HAL_Driver/Inc -I../../../ST_Code/Drivers/STM32L4xx_HAL_Driver/Inc/Legacy -I../../../Config -I../../../Demo -I../../../../../Source/include -I../../../../../Source/portable/GCC/ARM_CM4_MPU -O0 -ffunction-sections -fdata-sections -Wall -fstack-usage -fcyclomatic-complexity -MMD -MP -MF"Drivers/STM32L4xx_HAL_Driver/Src/stm32l4xx_hal_i2c.d" -MT"Drivers/STM32L4xx_HAL_Driver/Src/stm32l4xx_hal_i2c.o"  -mfpu=fpv4-sp-d16 -mfloat-abi=hard -mthumb -o "Drivers/STM32L4xx_HAL_Driver/Src/stm32l4xx_hal_i2c.o"
arm-none-eabi-gcc "D:/!!!__GitHUB_repositories/MustangRadio_develepementVersion/02_Firmware/02_STM32/I2C_DMA_testes/FreeRTOS/Demo/CORTEX_MPU_STM32L4_Discovery_GCC_IAR_Keil/ST_Code/Drivers/STM32L4xx_HAL_Driver/Src/stm32l4xx_hal_i2c_ex.c" -mcpu=cortex-m4 -std=gnu11 -g3 -DUSE_HAL_DRIVER -DDEBUG -DSTM32L475xx -c -I../../../ST_Code/Drivers/CMSIS/Include -I../../../ST_Code/Core/Inc -I../../../ST_Code/Drivers/CMSIS/Device/ST/STM32L4xx/Include -I../../../ST_Code/Drivers/STM32L4xx_HAL_Driver/Inc -I../../../ST_Code/Drivers/STM32L4xx_HAL_Driver/Inc/Legacy -I../../../Config -I../../../Demo -I../../../../../Source/include -I../../../../../Source/portable/GCC/ARM_CM4_MPU -O0 -ffunction-sections -fdata-sections -Wall -fstack-usage -fcyclomatic-complexity -MMD -MP -MF"Drivers/STM32L4xx_HAL_Driver/Src/stm32l4xx_hal_i2c_ex.d" -MT"Drivers/STM32L4xx_HAL_Driver/Src/stm32l4xx_hal_i2c_ex.o"  -mfpu=fpv4-sp-d16 -mfloat-abi=hard -mthumb -o "Drivers/STM32L4xx_HAL_Driver/Src/stm32l4xx_hal_i2c_ex.o"
arm-none-eabi-gcc "D:/!!!__GitHUB_repositories/MustangRadio_develepementVersion/02_Firmware/02_STM32/I2C_DMA_testes/FreeRTOS/Demo/CORTEX_MPU_STM32L4_Discovery_GCC_IAR_Keil/ST_Code/Drivers/STM32L4xx_HAL_Driver/Src/stm32l4xx_hal_pcd.c" -mcpu=cortex-m4 -std=gnu11 -g3 -DUSE_HAL_DRIVER -DDEBUG -DSTM32L475xx -c -I../../../ST_Code/Drivers/CMSIS/Include -I../../../ST_Code/Core/Inc -I../../../ST_Code/Drivers/CMSIS/Device/ST/STM32L4xx/Include -I../../../ST_Code/Drivers/STM32L4xx_HAL_Driver/Inc -I../../../ST_Code/Drivers/STM32L4xx_HAL_Driver/Inc/Legacy -I../../../Config -I../../../Demo -I../../../../../Source/include -I../../../../../Source/portable/GCC/ARM_CM4_MPU -O0 -ffunction-sections -fdata-sections -Wall -fstack-usage -fcyclomatic-complexity -MMD -MP -MF"Drivers/STM32L4xx_HAL_Driver/Src/stm32l4xx_hal_pcd.d" -MT"Drivers/STM32L4xx_HAL_Driver/Src/stm32l4xx_hal_pcd.o"  -mfpu=fpv4-sp-d16 -mfloat-abi=hard -mthumb -o "Drivers/STM32L4xx_HAL_Driver/Src/stm32l4xx_hal_pcd.o"
arm-none-eabi-gcc "D:/!!!__GitHUB_repositories/MustangRadio_develepementVersion/02_Firmware/02_STM32/I2C_DMA_testes/FreeRTOS/Demo/CORTEX_MPU_STM32L4_Discovery_GCC_IAR_Keil/ST_Code/Drivers/STM32L4xx_HAL_Driver/Src/stm32l4xx_hal_pcd_ex.c" -mcpu=cortex-m4 -std=gnu11 -g3 -DUSE_HAL_DRIVER -DDEBUG -DSTM32L475xx -c -I../../../ST_Code/Drivers/CMSIS/Include -I../../../ST_Code/Core/Inc -I../../../ST_Code/Drivers/CMSIS/Device/ST/STM32L4xx/Include -I../../../ST_Code/Drivers/STM32L4xx_HAL_Driver/Inc -I../../../ST_Code/Drivers/STM32L4xx_HAL_Driver/Inc/Legacy -I../../../Config -I../../../Demo -I../../../../../Source/include -I../../../../../Source/portable/GCC/ARM_CM4_MPU -O0 -ffunction-sections -fdata-sections -Wall -fstack-usage -fcyclomatic-complexity -MMD -MP -MF"Drivers/STM32L4xx_HAL_Driver/Src/stm32l4xx_hal_pcd_ex.d" -MT"Drivers/STM32L4xx_HAL_Driver/Src/stm32l4xx_hal_pcd_ex.o"  -mfpu=fpv4-sp-d16 -mfloat-abi=hard -mthumb -o "Drivers/STM32L4xx_HAL_Driver/Src/stm32l4xx_hal_pcd_ex.o"
arm-none-eabi-gcc "D:/!!!__GitHUB_repositories/MustangRadio_develepementVersion/02_Firmware/02_STM32/I2C_DMA_testes/FreeRTOS/Demo/CORTEX_MPU_STM32L4_Discovery_GCC_IAR_Keil/ST_Code/Drivers/STM32L4xx_HAL_Driver/Src/stm32l4xx_hal_pwr.c" -mcpu=cortex-m4 -std=gnu11 -g3 -DUSE_HAL_DRIVER -DDEBUG -DSTM32L475xx -c -I../../../ST_Code/Drivers/CMSIS/Include -I../../../ST_Code/Core/Inc -I../../../ST_Code/Drivers/CMSIS/Device/ST/STM32L4xx/Include -I../../../ST_Code/Drivers/STM32L4xx_HAL_Driver/Inc -I../../../ST_Code/Drivers/STM32L4xx_HAL_Driver/Inc/Legacy -I../../../Config -I../../../Demo -I../../../../../Source/include -I../../../../../Source/portable/GCC/ARM_CM4_MPU -O0 -ffunction-sections -fdata-sections -Wall -fstack-usage -fcyclomatic-complexity -MMD -MP -MF"Drivers/STM32L4xx_HAL_Driver/Src/stm32l4xx_hal_pwr.d" -MT"Drivers/STM32L4xx_HAL_Driver/Src/stm32l4xx_hal_pwr.o"  -mfpu=fpv4-sp-d16 -mfloat-abi=hard -mthumb -o "Drivers/STM32L4xx_HAL_Driver/Src/stm32l4xx_hal_pwr.o"
arm-none-eabi-gcc "D:/!!!__GitHUB_repositories/MustangRadio_develepementVersion/02_Firmware/02_STM32/I2C_DMA_testes/FreeRTOS/Demo/CORTEX_MPU_STM32L4_Discovery_GCC_IAR_Keil/ST_Code/Drivers/STM32L4xx_HAL_Driver/Src/stm32l4xx_hal_pwr_ex.c" -mcpu=cortex-m4 -std=gnu11 -g3 -DUSE_HAL_DRIVER -DDEBUG -DSTM32L475xx -c -I../../../ST_Code/Drivers/CMSIS/Include -I../../../ST_Code/Core/Inc -I../../../ST_Code/Drivers/CMSIS/Device/ST/STM32L4xx/Include -I../../../ST_Code/Drivers/STM32L4xx_HAL_Driver/Inc -I../../../ST_Code/Drivers/STM32L4xx_HAL_Driver/Inc/Legacy -I../../../Config -I../../../Demo -I../../../../../Source/include -I../../../../../Source/portable/GCC/ARM_CM4_MPU -O0 -ffunction-sections -fdata-sections -Wall -fstack-usage -fcyclomatic-complexity -MMD -MP -MF"Drivers/STM32L4xx_HAL_Driver/Src/stm32l4xx_hal_pwr_ex.d" -MT"Drivers/STM32L4xx_HAL_Driver/Src/stm32l4xx_hal_pwr_ex.o"  -mfpu=fpv4-sp-d16 -mfloat-abi=hard -mthumb -o "Drivers/STM32L4xx_HAL_Driver/Src/stm32l4xx_hal_pwr_ex.o"
arm-none-eabi-gcc "D:/!!!__GitHUB_repositories/MustangRadio_develepementVersion/02_Firmware/02_STM32/I2C_DMA_testes/FreeRTOS/Demo/CORTEX_MPU_STM32L4_Discovery_GCC_IAR_Keil/ST_Code/Drivers/STM32L4xx_HAL_Driver/Src/stm32l4xx_hal_qspi.c" -mcpu=cortex-m4 -std=gnu11 -g3 -DUSE_HAL_DRIVER -DDEBUG -DSTM32L475xx -c -I../../../ST_Code/Drivers/CMSIS/Include -I../../../ST_Code/Core/Inc -I../../../ST_Code/Drivers/CMSIS/Device/ST/STM32L4xx/Include -I../../../ST_Code/Drivers/STM32L4xx_HAL_Driver/Inc -I../../../ST_Code/Drivers/STM32L4xx_HAL_Driver/Inc/Legacy -I../../../Config -I../../../Demo -I../../../../../Source/include -I../../../../../Source/portable/GCC/ARM_CM4_MPU -O0 -ffunction-sections -fdata-sections -Wall -fstack-usage -fcyclomatic-complexity -MMD -MP -MF"Drivers/STM32L4xx_HAL_Driver/Src/stm32l4xx_hal_qspi.d" -MT"Drivers/STM32L4xx_HAL_Driver/Src/stm32l4xx_hal_qspi.o"  -mfpu=fpv4-sp-d16 -mfloat-abi=hard -mthumb -o "Drivers/STM32L4xx_HAL_Driver/Src/stm32l4xx_hal_qspi.o"
arm-none-eabi-gcc "D:/!!!__GitHUB_repositories/MustangRadio_develepementVersion/02_Firmware/02_STM32/I2C_DMA_testes/FreeRTOS/Demo/CORTEX_MPU_STM32L4_Discovery_GCC_IAR_Keil/ST_Code/Drivers/STM32L4xx_HAL_Driver/Src/stm32l4xx_hal_rcc.c" -mcpu=cortex-m4 -std=gnu11 -g3 -DUSE_HAL_DRIVER -DDEBUG -DSTM32L475xx -c -I../../../ST_Code/Drivers/CMSIS/Include -I../../../ST_Code/Core/Inc -I../../../ST_Code/Drivers/CMSIS/Device/ST/STM32L4xx/Include -I../../../ST_Code/Drivers/STM32L4xx_HAL_Driver/Inc -I../../../ST_Code/Drivers/STM32L4xx_HAL_Driver/Inc/Legacy -I../../../Config -I../../../Demo -I../../../../../Source/include -I../../../../../Source/portable/GCC/ARM_CM4_MPU -O0 -ffunction-sections -fdata-sections -Wall -fstack-usage -fcyclomatic-complexity -MMD -MP -MF"Drivers/STM32L4xx_HAL_Driver/Src/stm32l4xx_hal_rcc.d" -MT"Drivers/STM32L4xx_HAL_Driver/Src/stm32l4xx_hal_rcc.o"  -mfpu=fpv4-sp-d16 -mfloat-abi=hard -mthumb -o "Drivers/STM32L4xx_HAL_Driver/Src/stm32l4xx_hal_rcc.o"
arm-none-eabi-gcc "D:/!!!__GitHUB_repositories/MustangRadio_develepementVersion/02_Firmware/02_STM32/I2C_DMA_testes/FreeRTOS/Demo/CORTEX_MPU_STM32L4_Discovery_GCC_IAR_Keil/ST_Code/Drivers/STM32L4xx_HAL_Driver/Src/stm32l4xx_hal_rcc_ex.c" -mcpu=cortex-m4 -std=gnu11 -g3 -DUSE_HAL_DRIVER -DDEBUG -DSTM32L475xx -c -I../../../ST_Code/Drivers/CMSIS/Include -I../../../ST_Code/Core/Inc -I../../../ST_Code/Drivers/CMSIS/Device/ST/STM32L4xx/Include -I../../../ST_Code/Drivers/STM32L4xx_HAL_Driver/Inc -I../../../ST_Code/Drivers/STM32L4xx_HAL_Driver/Inc/Legacy -I../../../Config -I../../../Demo -I../../../../../Source/include -I../../../../../Source/portable/GCC/ARM_CM4_MPU -O0 -ffunction-sections -fdata-sections -Wall -fstack-usage -fcyclomatic-complexity -MMD -MP -MF"Drivers/STM32L4xx_HAL_Driver/Src/stm32l4xx_hal_rcc_ex.d" -MT"Drivers/STM32L4xx_HAL_Driver/Src/stm32l4xx_hal_rcc_ex.o"  -mfpu=fpv4-sp-d16 -mfloat-abi=hard -mthumb -o "Drivers/STM32L4xx_HAL_Driver/Src/stm32l4xx_hal_rcc_ex.o"
arm-none-eabi-gcc "D:/!!!__GitHUB_repositories/MustangRadio_develepementVersion/02_Firmware/02_STM32/I2C_DMA_testes/FreeRTOS/Demo/CORTEX_MPU_STM32L4_Discovery_GCC_IAR_Keil/ST_Code/Drivers/STM32L4xx_HAL_Driver/Src/stm32l4xx_hal_spi.c" -mcpu=cortex-m4 -std=gnu11 -g3 -DUSE_HAL_DRIVER -DDEBUG -DSTM32L475xx -c -I../../../ST_Code/Drivers/CMSIS/Include -I../../../ST_Code/Core/Inc -I../../../ST_Code/Drivers/CMSIS/Device/ST/STM32L4xx/Include -I../../../ST_Code/Drivers/STM32L4xx_HAL_Driver/Inc -I../../../ST_Code/Drivers/STM32L4xx_HAL_Driver/Inc/Legacy -I../../../Config -I../../../Demo -I../../../../../Source/include -I../../../../../Source/portable/GCC/ARM_CM4_MPU -O0 -ffunction-sections -fdata-sections -Wall -fstack-usage -fcyclomatic-complexity -MMD -MP -MF"Drivers/STM32L4xx_HAL_Driver/Src/stm32l4xx_hal_spi.d" -MT"Drivers/STM32L4xx_HAL_Driver/Src/stm32l4xx_hal_spi.o"  -mfpu=fpv4-sp-d16 -mfloat-abi=hard -mthumb -o "Drivers/STM32L4xx_HAL_Driver/Src/stm32l4xx_hal_spi.o"
arm-none-eabi-gcc "D:/!!!__GitHUB_repositories/MustangRadio_develepementVersion/02_Firmware/02_STM32/I2C_DMA_testes/FreeRTOS/Demo/CORTEX_MPU_STM32L4_Discovery_GCC_IAR_Keil/ST_Code/Drivers/STM32L4xx_HAL_Driver/Src/stm32l4xx_hal_spi_ex.c" -mcpu=cortex-m4 -std=gnu11 -g3 -DUSE_HAL_DRIVER -DDEBUG -DSTM32L475xx -c -I../../../ST_Code/Drivers/CMSIS/Include -I../../../ST_Code/Core/Inc -I../../../ST_Code/Drivers/CMSIS/Device/ST/STM32L4xx/Include -I../../../ST_Code/Drivers/STM32L4xx_HAL_Driver/Inc -I../../../ST_Code/Drivers/STM32L4xx_HAL_Driver/Inc/Legacy -I../../../Config -I../../../Demo -I../../../../../Source/include -I../../../../../Source/portable/GCC/ARM_CM4_MPU -O0 -ffunction-sections -fdata-sections -Wall -fstack-usage -fcyclomatic-complexity -MMD -MP -MF"Drivers/STM32L4xx_HAL_Driver/Src/stm32l4xx_hal_spi_ex.d" -MT"Drivers/STM32L4xx_HAL_Driver/Src/stm32l4xx_hal_spi_ex.o"  -mfpu=fpv4-sp-d16 -mfloat-abi=hard -mthumb -o "Drivers/STM32L4xx_HAL_Driver/Src/stm32l4xx_hal_spi_ex.o"
arm-none-eabi-gcc "D:/!!!__GitHUB_repositories/MustangRadio_develepementVersion/02_Firmware/02_STM32/I2C_DMA_testes/FreeRTOS/Demo/CORTEX_MPU_STM32L4_Discovery_GCC_IAR_Keil/ST_Code/Drivers/STM32L4xx_HAL_Driver/Src/stm32l4xx_hal_tim.c" -mcpu=cortex-m4 -std=gnu11 -g3 -DUSE_HAL_DRIVER -DDEBUG -DSTM32L475xx -c -I../../../ST_Code/Drivers/CMSIS/Include -I../../../ST_Code/Core/Inc -I../../../ST_Code/Drivers/CMSIS/Device/ST/STM32L4xx/Include -I../../../ST_Code/Drivers/STM32L4xx_HAL_Driver/Inc -I../../../ST_Code/Drivers/STM32L4xx_HAL_Driver/Inc/Legacy -I../../../Config -I../../../Demo -I../../../../../Source/include -I../../../../../Source/portable/GCC/ARM_CM4_MPU -O0 -ffunction-sections -fdata-sections -Wall -fstack-usage -fcyclomatic-complexity -MMD -MP -MF"Drivers/STM32L4xx_HAL_Driver/Src/stm32l4xx_hal_tim.d" -MT"Drivers/STM32L4xx_HAL_Driver/Src/stm32l4xx_hal_tim.o"  -mfpu=fpv4-sp-d16 -mfloat-abi=hard -mthumb -o "Drivers/STM32L4xx_HAL_Driver/Src/stm32l4xx_hal_tim.o"
arm-none-eabi-gcc "D:/!!!__GitHUB_repositories/MustangRadio_develepementVersion/02_Firmware/02_STM32/I2C_DMA_testes/FreeRTOS/Demo/CORTEX_MPU_STM32L4_Discovery_GCC_IAR_Keil/ST_Code/Drivers/STM32L4xx_HAL_Driver/Src/stm32l4xx_hal_tim_ex.c" -mcpu=cortex-m4 -std=gnu11 -g3 -DUSE_HAL_DRIVER -DDEBUG -DSTM32L475xx -c -I../../../ST_Code/Drivers/CMSIS/Include -I../../../ST_Code/Core/Inc -I../../../ST_Code/Drivers/CMSIS/Device/ST/STM32L4xx/Include -I../../../ST_Code/Drivers/STM32L4xx_HAL_Driver/Inc -I../../../ST_Code/Drivers/STM32L4xx_HAL_Driver/Inc/Legacy -I../../../Config -I../../../Demo -I../../../../../Source/include -I../../../../../Source/portable/GCC/ARM_CM4_MPU -O0 -ffunction-sections -fdata-sections -Wall -fstack-usage -fcyclomatic-complexity -MMD -MP -MF"Drivers/STM32L4xx_HAL_Driver/Src/stm32l4xx_hal_tim_ex.d" -MT"Drivers/STM32L4xx_HAL_Driver/Src/stm32l4xx_hal_tim_ex.o"  -mfpu=fpv4-sp-d16 -mfloat-abi=hard -mthumb -o "Drivers/STM32L4xx_HAL_Driver/Src/stm32l4xx_hal_tim_ex.o"
arm-none-eabi-gcc "D:/!!!__GitHUB_repositories/MustangRadio_develepementVersion/02_Firmware/02_STM32/I2C_DMA_testes/FreeRTOS/Demo/CORTEX_MPU_STM32L4_Discovery_GCC_IAR_Keil/ST_Code/Drivers/STM32L4xx_HAL_Driver/Src/stm32l4xx_hal_uart.c" -mcpu=cortex-m4 -std=gnu11 -g3 -DUSE_HAL_DRIVER -DDEBUG -DSTM32L475xx -c -I../../../ST_Code/Drivers/CMSIS/Include -I../../../ST_Code/Core/Inc -I../../../ST_Code/Drivers/CMSIS/Device/ST/STM32L4xx/Include -I../../../ST_Code/Drivers/STM32L4xx_HAL_Driver/Inc -I../../../ST_Code/Drivers/STM32L4xx_HAL_Driver/Inc/Legacy -I../../../Config -I../../../Demo -I../../../../../Source/include -I../../../../../Source/portable/GCC/ARM_CM4_MPU -O0 -ffunction-sections -fdata-sections -Wall -fstack-usage -fcyclomatic-complexity -MMD -MP -MF"Drivers/STM32L4xx_HAL_Driver/Src/stm32l4xx_hal_uart.d" -MT"Drivers/STM32L4xx_HAL_Driver/Src/stm32l4xx_hal_uart.o"  -mfpu=fpv4-sp-d16 -mfloat-abi=hard -mthumb -o "Drivers/STM32L4xx_HAL_Driver/Src/stm32l4xx_hal_uart.o"
arm-none-eabi-gcc "D:/!!!__GitHUB_repositories/MustangRadio_develepementVersion/02_Firmware/02_STM32/I2C_DMA_testes/FreeRTOS/Demo/CORTEX_MPU_STM32L4_Discovery_GCC_IAR_Keil/ST_Code/Drivers/STM32L4xx_HAL_Driver/Src/stm32l4xx_hal_uart_ex.c" -mcpu=cortex-m4 -std=gnu11 -g3 -DUSE_HAL_DRIVER -DDEBUG -DSTM32L475xx -c -I../../../ST_Code/Drivers/CMSIS/Include -I../../../ST_Code/Core/Inc -I../../../ST_Code/Drivers/CMSIS/Device/ST/STM32L4xx/Include -I../../../ST_Code/Drivers/STM32L4xx_HAL_Driver/Inc -I../../../ST_Code/Drivers/STM32L4xx_HAL_Driver/Inc/Legacy -I../../../Config -I../../../Demo -I../../../../../Source/include -I../../../../../Source/portable/GCC/ARM_CM4_MPU -O0 -ffunction-sections -fdata-sections -Wall -fstack-usage -fcyclomatic-complexity -MMD -MP -MF"Drivers/STM32L4xx_HAL_Driver/Src/stm32l4xx_hal_uart_ex.d" -MT"Drivers/STM32L4xx_HAL_Driver/Src/stm32l4xx_hal_uart_ex.o"  -mfpu=fpv4-sp-d16 -mfloat-abi=hard -mthumb -o "Drivers/STM32L4xx_HAL_Driver/Src/stm32l4xx_hal_uart_ex.o"
arm-none-eabi-gcc "D:/!!!__GitHUB_repositories/MustangRadio_develepementVersion/02_Firmware/02_STM32/I2C_DMA_testes/FreeRTOS/Demo/CORTEX_MPU_STM32L4_Discovery_GCC_IAR_Keil/ST_Code/Drivers/STM32L4xx_HAL_Driver/Src/stm32l4xx_ll_usb.c" -mcpu=cortex-m4 -std=gnu11 -g3 -DUSE_HAL_DRIVER -DDEBUG -DSTM32L475xx -c -I../../../ST_Code/Drivers/CMSIS/Include -I../../../ST_Code/Core/Inc -I../../../ST_Code/Drivers/CMSIS/Device/ST/STM32L4xx/Include -I../../../ST_Code/Drivers/STM32L4xx_HAL_Driver/Inc -I../../../ST_Code/Drivers/STM32L4xx_HAL_Driver/Inc/Legacy -I../../../Config -I../../../Demo -I../../../../../Source/include -I../../../../../Source/portable/GCC/ARM_CM4_MPU -O0 -ffunction-sections -fdata-sections -Wall -fstack-usage -fcyclomatic-complexity -MMD -MP -MF"Drivers/STM32L4xx_HAL_Driver/Src/stm32l4xx_ll_usb.d" -MT"Drivers/STM32L4xx_HAL_Driver/Src/stm32l4xx_ll_usb.o"  -mfpu=fpv4-sp-d16 -mfloat-abi=hard -mthumb -o "Drivers/STM32L4xx_HAL_Driver/Src/stm32l4xx_ll_usb.o"
arm-none-eabi-gcc "D:/!!!__GitHUB_repositories/MustangRadio_develepementVersion/02_Firmware/02_STM32/I2C_DMA_testes/FreeRTOS/Demo/CORTEX_MPU_STM32L4_Discovery_GCC_IAR_Keil/Demo/app_main.c" -mcpu=cortex-m4 -std=gnu11 -g3 -DUSE_HAL_DRIVER -DDEBUG -DSTM32L475xx -c -I../../../ST_Code/Drivers/CMSIS/Include -I../../../ST_Code/Core/Inc -I../../../ST_Code/Drivers/CMSIS/Device/ST/STM32L4xx/Include -I../../../ST_Code/Drivers/STM32L4xx_HAL_Driver/Inc -I../../../ST_Code/Drivers/STM32L4xx_HAL_Driver/Inc/Legacy -I../../../Config -I../../../Demo -I../../../../../Source/include -I../../../../../Source/portable/GCC/ARM_CM4_MPU -O0 -ffunction-sections -fdata-sections -Wall -fstack-usage -fcyclomatic-complexity -MMD -MP -MF"Demo/app_main.d" -MT"Demo/app_main.o"  -mfpu=fpv4-sp-d16 -mfloat-abi=hard -mthumb -o "Demo/app_main.o"
arm-none-eabi-gcc "D:/!!!__GitHUB_repositories/MustangRadio_develepementVersion/02_Firmware/02_STM32/I2C_DMA_testes/FreeRTOS/Demo/CORTEX_MPU_STM32L4_Discovery_GCC_IAR_Keil/Demo/mpu_demo.c" -mcpu=cortex-m4 -std=gnu11 -g3 -DUSE_HAL_DRIVER -DDEBUG -DSTM32L475xx -c -I../../../ST_Code/Drivers/CMSIS/Include -I../../../ST_Code/Core/Inc -I../../../ST_Code/Drivers/CMSIS/Device/ST/STM32L4xx/Include -I../../../ST_Code/Drivers/STM32L4xx_HAL_Driver/Inc -I../../../ST_Code/Drivers/STM32L4xx_HAL_Driver/Inc/Legacy -I../../../Config -I../../../Demo -I../../../../../Source/include -I../../../../../Source/portable/GCC/ARM_CM4_MPU -O0 -ffunction-sections -fdata-sections -Wall -fstack-usage -fcyclomatic-complexity -MMD -MP -MF"Demo/mpu_demo.d" -MT"Demo/mpu_demo.o"  -mfpu=fpv4-sp-d16 -mfloat-abi=hard -mthumb -o "Demo/mpu_demo.o"
arm-none-eabi-gcc "D:/!!!__GitHUB_repositories/MustangRadio_develepementVersion/02_Firmware/02_STM32/I2C_DMA_testes/FreeRTOS/Demo/CORTEX_MPU_STM32L4_Discovery_GCC_IAR_Keil/ST_Code/Core/Src/main.c" -mcpu=cortex-m4 -std=gnu11 -g3 -DUSE_HAL_DRIVER -DDEBUG -DSTM32L475xx -c -I../../../ST_Code/Drivers/CMSIS/Include -I../../../ST_Code/Core/Inc -I../../../ST_Code/Drivers/CMSIS/Device/ST/STM32L4xx/Include -I../../../ST_Code/Drivers/STM32L4xx_HAL_Driver/Inc -I../../../ST_Code/Drivers/STM32L4xx_HAL_Driver/Inc/Legacy -I../../../Config -I../../../Demo -I../../../../../Source/include -I../../../../../Source/portable/GCC/ARM_CM4_MPU -O0 -ffunction-sections -fdata-sections -Wall -fstack-usage -fcyclomatic-complexity -MMD -MP -MF"Core/Src/main.d" -MT"Core/Src/main.o"  -mfpu=fpv4-sp-d16 -mfloat-abi=hard -mthumb -o "Core/Src/main.o"
arm-none-eabi-gcc "D:/!!!__GitHUB_repositories/MustangRadio_develepementVersion/02_Firmware/02_STM32/I2C_DMA_testes/FreeRTOS/Demo/CORTEX_MPU_STM32L4_Discovery_GCC_IAR_Keil/ST_Code/Core/Src/stm32l4xx_hal_msp.c" -mcpu=cortex-m4 -std=gnu11 -g3 -DUSE_HAL_DRIVER -DDEBUG -DSTM32L475xx -c -I../../../ST_Code/Drivers/CMSIS/Include -I../../../ST_Code/Core/Inc -I../../../ST_Code/Drivers/CMSIS/Device/ST/STM32L4xx/Include -I../../../ST_Code/Drivers/STM32L4xx_HAL_Driver/Inc -I../../../ST_Code/Drivers/STM32L4xx_HAL_Driver/Inc/Legacy -I../../../Config -I../../../Demo -I../../../../../Source/include -I../../../../../Source/portable/GCC/ARM_CM4_MPU -O0 -ffunction-sections -fdata-sections -Wall -fstack-usage -fcyclomatic-complexity -MMD -MP -MF"Core/Src/stm32l4xx_hal_msp.d" -MT"Core/Src/stm32l4xx_hal_msp.o"  -mfpu=fpv4-sp-d16 -mfloat-abi=hard -mthumb -o "Core/Src/stm32l4xx_hal_msp.o"
arm-none-eabi-gcc "D:/!!!__GitHUB_repositories/MustangRadio_develepementVersion/02_Firmware/02_STM32/I2C_DMA_testes/FreeRTOS/Demo/CORTEX_MPU_STM32L4_Discovery_GCC_IAR_Keil/ST_Code/Core/Src/stm32l4xx_hal_timebase_tim.c" -mcpu=cortex-m4 -std=gnu11 -g3 -DUSE_HAL_DRIVER -DDEBUG -DSTM32L475xx -c -I../../../ST_Code/Drivers/CMSIS/Include -I../../../ST_Code/Core/Inc -I../../../ST_Code/Drivers/CMSIS/Device/ST/STM32L4xx/Include -I../../../ST_Code/Drivers/STM32L4xx_HAL_Driver/Inc -I../../../ST_Code/Drivers/STM32L4xx_HAL_Driver/Inc/Legacy -I../../../Config -I../../../Demo -I../../../../../Source/include -I../../../../../Source/portable/GCC/ARM_CM4_MPU -O0 -ffunction-sections -fdata-sections -Wall -fstack-usage -fcyclomatic-complexity -MMD -MP -MF"Core/Src/stm32l4xx_hal_timebase_tim.d" -MT"Core/Src/stm32l4xx_hal_timebase_tim.o"  -mfpu=fpv4-sp-d16 -mfloat-abi=hard -mthumb -o "Core/Src/stm32l4xx_hal_timebase_tim.o"
arm-none-eabi-gcc "D:/!!!__GitHUB_repositories/MustangRadio_develepementVersion/02_Firmware/02_STM32/I2C_DMA_testes/FreeRTOS/Demo/CORTEX_MPU_STM32L4_Discovery_GCC_IAR_Keil/ST_Code/Core/Src/stm32l4xx_it.c" -mcpu=cortex-m4 -std=gnu11 -g3 -DUSE_HAL_DRIVER -DDEBUG -DSTM32L475xx -c -I../../../ST_Code/Drivers/CMSIS/Include -I../../../ST_Code/Core/Inc -I../../../ST_Code/Drivers/CMSIS/Device/ST/STM32L4xx/Include -I../../../ST_Code/Drivers/STM32L4xx_HAL_Driver/Inc -I../../../ST_Code/Drivers/STM32L4xx_HAL_Driver/Inc/Legacy -I../../../Config -I../../../Demo -I../../../../../Source/include -I../../../../../Source/portable/GCC/ARM_CM4_MPU -O0 -ffunction-sections -fdata-sections -Wall -fstack-usage -fcyclomatic-complexity -MMD -MP -MF"Core/Src/stm32l4xx_it.d" -MT"Core/Src/stm32l4xx_it.o"  -mfpu=fpv4-sp-d16 -mfloat-abi=hard -mthumb -o "Core/Src/stm32l4xx_it.o"
arm-none-eabi-gcc "D:/!!!__GitHUB_repositories/MustangRadio_develepementVersion/02_Firmware/02_STM32/I2C_DMA_testes/FreeRTOS/Demo/CORTEX_MPU_STM32L4_Discovery_GCC_IAR_Keil/ST_Code/Core/Src/system_stm32l4xx.c" -mcpu=cortex-m4 -std=gnu11 -g3 -DUSE_HAL_DRIVER -DDEBUG -DSTM32L475xx -c -I../../../ST_Code/Drivers/CMSIS/Include -I../../../ST_Code/Core/Inc -I../../../ST_Code/Drivers/CMSIS/Device/ST/STM32L4xx/Include -I../../../ST_Code/Drivers/STM32L4xx_HAL_Driver/Inc -I../../../ST_Code/Drivers/STM32L4xx_HAL_Driver/Inc/Legacy -I../../../Config -I../../../Demo -I../../../../../Source/include -I../../../../../Source/portable/GCC/ARM_CM4_MPU -O0 -ffunction-sections -fdata-sections -Wall -fstack-usage -fcyclomatic-complexity -MMD -MP -MF"Core/Src/system_stm32l4xx.d" -MT"Core/Src/system_stm32l4xx.o"  -mfpu=fpv4-sp-d16 -mfloat-abi=hard -mthumb -o "Core/Src/system_stm32l4xx.o"
arm-none-eabi-gcc -o "MPUDemo.elf" @"objects.list"   -mcpu=cortex-m4 -T"D:\!!!__GitHUB_repositories\MustangRadio_develepementVersion\02_Firmware\02_STM32\I2C_DMA_testes\FreeRTOS\Demo\CORTEX_MPU_STM32L4_Discovery_GCC_IAR_Keil\Projects\GCC\STM32L475VGTX_FLASH.ld" --specs=nosys.specs -Wl,-Map="MPUDemo.map" -Wl,--gc-sections -static  -mfpu=fpv4-sp-d16 -mfloat-abi=hard -mthumb -Wl,--start-group -lc -lm -Wl,--end-group
C:/ST/STM32CubeIDE_1.15.1/STM32CubeIDE/plugins/com.st.stm32cube.ide.mcu.externaltools.gnu-tools-for-stm32.12.3.rel1.win32_1.0.100.202403111256/tools/bin/../lib/gcc/arm-none-eabi/12.3.1/../../../../arm-none-eabi/bin/ld.exe: warning: MPUDemo.elf has a LOAD segment with RWX permissions
Finished building target: MPUDemo.elf
 
arm-none-eabi-size  MPUDemo.elf 
arm-none-eabi-objdump -h -S MPUDemo.elf  > "MPUDemo.list"
   text	   data	    bss	    dec	    hex	filename
  88068	  32804	  10184	 131056	  1fff0	MPUDemo.elf
Finished building: default.size.stdout
 
Finished building: MPUDemo.list
 

21:37:45 Build Finished. 0 errors, 1 warnings. (took 4s.2ms)

