23:03:09 **** Incremental Build of configuration Debug for project qspi_test ****
make -j16 all 
arm-none-eabi-gcc "../Core/Src/main.c" -mcpu=cortex-m7 -std=gnu11 -g3 -DDEBUG -DUSE_HAL_DRIVER -DSTM32H7A3xx -c -I../Core/Inc -I../Drivers/STM32H7xx_HAL_Driver/Inc -I../Drivers/STM32H7xx_HAL_Driver/Inc/Legacy -I../Drivers/CMSIS/Device/ST/STM32H7xx/Include -I../Drivers/CMSIS/Include -O0 -ffunction-sections -fdata-sections -Wall -fstack-usage -fcyclomatic-complexity -MMD -MP -MF"Core/Src/main.d" -MT"Core/Src/main.o" --specs=nano.specs -mfpu=fpv5-d16 -mfloat-abi=hard -mthumb -o "Core/Src/main.o"
../Core/Src/main.c: In function 'main':
../Core/Src/main.c:129:7: warning: implicit declaration of function 'W25Q128_OCTO_SPI_Init' [-Wimplicit-function-declaration]
  129 |   ret=W25Q128_OCTO_SPI_Init(&hospi1);
      |       ^~~~~~~~~~~~~~~~~~~~~
../Core/Src/main.c:133:7: warning: implicit declaration of function 'W25Q128_OSPI_Read' [-Wimplicit-function-declaration]
  133 |   ret=W25Q128_OSPI_Read(&hospi1, rxbuf, 0, 100);
      |       ^~~~~~~~~~~~~~~~~
../Core/Src/main.c:134:7: warning: implicit declaration of function 'W25Q128_OSPI_EnableMemoryMappedMode' [-Wimplicit-function-declaration]
  134 |   ret=W25Q128_OSPI_EnableMemoryMappedMode(&hospi1);
      |       ^~~~~~~~~~~~~~~~~~~~~~~~~~~~~~~~~~~
../Core/Src/main.c:137:3: warning: implicit declaration of function 'memcpy' [-Wimplicit-function-declaration]
  137 |   memcpy(rxbuf, 0x90000000, 50);
      |   ^~~~~~
../Core/Src/main.c:24:1: note: include '<string.h>' or provide a declaration of 'memcpy'
   23 | #include "gpio.h"
  +++ |+#include <string.h>
   24 | 
../Core/Src/main.c:137:3: warning: incompatible implicit declaration of built-in function 'memcpy' [-Wbuiltin-declaration-mismatch]
  137 |   memcpy(rxbuf, 0x90000000, 50);
      |   ^~~~~~
../Core/Src/main.c:137:3: note: include '<string.h>' or provide a declaration of 'memcpy'
../Core/Src/main.c:137:17: warning: passing argument 2 of 'memcpy' makes pointer from integer without a cast [-Wint-conversion]
  137 |   memcpy(rxbuf, 0x90000000, 50);
      |                 ^~~~~~~~~~
      |                 |
      |                 unsigned int
../Core/Src/main.c:137:17: note: expected 'const void *' but argument is of type 'unsigned int'
../Core/Src/main.c:138:3: warning: implicit declaration of function 'printf' [-Wimplicit-function-declaration]
  138 |   printf("Hello world!!!\r\n");
      |   ^~~~~~
../Core/Src/main.c:24:1: note: include '<stdio.h>' or provide a declaration of 'printf'
   23 | #include "gpio.h"
  +++ |+#include <stdio.h>
   24 | 
../Core/Src/main.c:138:3: warning: incompatible implicit declaration of built-in function 'printf' [-Wbuiltin-declaration-mismatch]
  138 |   printf("Hello world!!!\r\n");
      |   ^~~~~~
../Core/Src/main.c:138:3: note: include '<stdio.h>' or provide a declaration of 'printf'
../Core/Src/main.c:128:11: warning: unused variable 'txbuf' [-Wunused-variable]
  128 |   uint8_t txbuf[] = "TEST";
      |           ^~~~~
../Core/Src/main.c:126:21: warning: variable 'ret' set but not used [-Wunused-but-set-variable]
  126 |   HAL_StatusTypeDef ret;
      |                     ^~~
arm-none-eabi-g++ -o "qspi_test.elf" @"objects.list"   -mcpu=cortex-m7 -T"D:\!!!__GitHUB_repositories\MustangRadio_develepementVersion\02_Firmware\02_STM32\qspi_test\STM32H7A3RITX_FLASH.ld" --specs=nosys.specs -Wl,-Map="qspi_test.map" -Wl,--gc-sections -static --specs=nano.specs -mfpu=fpv5-d16 -mfloat-abi=hard -mthumb -Wl,--start-group -lc -lm -lstdc++ -lsupc++ -Wl,--end-group
Finished building target: qspi_test.elf
 
arm-none-eabi-size  qspi_test.elf 
arm-none-eabi-objdump -h -S qspi_test.elf  > "qspi_test.list"
   text	   data	    bss	    dec	    hex	filename
  33096	    108	   2148	  35352	   8a18	qspi_test.elf
Finished building: default.size.stdout
 
Finished building: qspi_test.list
 

23:03:10 Build Finished. 0 errors, 10 warnings. (took 1s.160ms)

