23:36:16 **** Incremental Build of configuration Debug for project qspi_test ****
make -j16 all 
arm-none-eabi-gcc "../Core/Src/w25xx.c" -mcpu=cortex-m7 -std=gnu11 -g3 -DDEBUG -DUSE_HAL_DRIVER -DSTM32H7A3xx -c -I../Core/Inc -I../Drivers/STM32H7xx_HAL_Driver/Inc -I../Drivers/STM32H7xx_HAL_Driver/Inc/Legacy -I../Drivers/CMSIS/Device/ST/STM32H7xx/Include -I../Drivers/CMSIS/Include -O0 -ffunction-sections -fdata-sections -Wall -fstack-usage -fcyclomatic-complexity -MMD -MP -MF"Core/Src/w25xx.d" -MT"Core/Src/w25xx.o" --specs=nano.specs -mfpu=fpv5-d16 -mfloat-abi=hard -mthumb -o "Core/Src/w25xx.o"
../Core/Src/w25xx.c: In function 'QSPI_WriteEnable':
../Core/Src/w25xx.c:86:27: warning: unused variable 'ret' [-Wunused-variable]
   86 |         HAL_StatusTypeDef ret;
      |                           ^~~
../Core/Src/w25xx.c: At top level:
../Core/Src/w25xx.c:82:26: warning: 'QSPI_WriteEnable' defined but not used [-Wunused-function]
   82 | static HAL_StatusTypeDef QSPI_WriteEnable(OSPI_HandleTypeDef* hospi){
      |                          ^~~~~~~~~~~~~~~~
arm-none-eabi-g++ -o "qspi_test.elf" @"objects.list"   -mcpu=cortex-m7 -T"D:\!!!__GitHUB_repositories\MustangRadio_develepementVersion\02_Firmware\02_STM32\qspi_test\STM32H7A3RITX_FLASH.ld" --specs=nosys.specs -Wl,-Map="qspi_test.map" -Wl,--gc-sections -static --specs=nano.specs -mfpu=fpv5-d16 -mfloat-abi=hard -mthumb -Wl,--start-group -lc -lm -lstdc++ -lsupc++ -Wl,--end-group
Finished building target: qspi_test.elf
 
arm-none-eabi-size  qspi_test.elf 
arm-none-eabi-objdump -h -S qspi_test.elf  > "qspi_test.list"
   text	   data	    bss	    dec	    hex	filename
  29552	    108	   2148	  31808	   7c40	qspi_test.elf
Finished building: default.size.stdout
 
Finished building: qspi_test.list
 

23:36:18 Build Finished. 0 errors, 2 warnings. (took 1s.20ms)

