23:06:27 **** Incremental Build of configuration Debug for project qspi_test ****
make -j16 all 
arm-none-eabi-gcc "../Core/Src/main.c" -mcpu=cortex-m7 -std=gnu11 -g3 -DDEBUG -DUSE_HAL_DRIVER -DSTM32H7A3xx -c -I../Core/Inc -I../Drivers/STM32H7xx_HAL_Driver/Inc -I../Drivers/STM32H7xx_HAL_Driver/Inc/Legacy -I../Drivers/CMSIS/Device/ST/STM32H7xx/Include -I../Drivers/CMSIS/Include -O0 -ffunction-sections -fdata-sections -Wall -fstack-usage -fcyclomatic-complexity -MMD -MP -MF"Core/Src/main.d" -MT"Core/Src/main.o" --specs=nano.specs -mfpu=fpv5-d16 -mfloat-abi=hard -mthumb -o "Core/Src/main.o"
../Core/Src/main.c: In function 'main':
../Core/Src/main.c:105:30: warning: implicit declaration of function 'W25Q128_OCTO_SPI_Init' [-Wimplicit-function-declaration]
  105 |   HAL_StatusTypeDef retVal = W25Q128_OCTO_SPI_Init(&hospi1);
      |                              ^~~~~~~~~~~~~~~~~~~~~
../Core/Src/main.c:108:3: warning: implicit declaration of function 'W25Q128_OSPI_Erase_Chip' [-Wimplicit-function-declaration]
  108 |   W25Q128_OSPI_Erase_Chip(&hospi1);
      |   ^~~~~~~~~~~~~~~~~~~~~~~
../Core/Src/main.c:109:3: warning: implicit declaration of function 'printf' [-Wimplicit-function-declaration]
  109 |   printf("Hello world!!!121\r\n");
      |   ^~~~~~
../Core/Src/main.c:24:1: note: include '<stdio.h>' or provide a declaration of 'printf'
   23 | #include "gpio.h"
  +++ |+#include <stdio.h>
   24 | 
../Core/Src/main.c:109:3: warning: incompatible implicit declaration of built-in function 'printf' [-Wbuiltin-declaration-mismatch]
  109 |   printf("Hello world!!!121\r\n");
      |   ^~~~~~
../Core/Src/main.c:109:3: note: include '<stdio.h>' or provide a declaration of 'printf'
../Core/Src/main.c:112:11: warning: implicit declaration of function 'W25Q128_OSPI_Write' [-Wimplicit-function-declaration]
  112 |   retVal =W25Q128_OSPI_Write(&hospi1, writebuf, 0, 22);
      |           ^~~~~~~~~~~~~~~~~~
../Core/Src/main.c:114:12: warning: implicit declaration of function 'W25Q128_OSPI_EnableMemoryMappedMode' [-Wimplicit-function-declaration]
  114 |   retVal = W25Q128_OSPI_EnableMemoryMappedMode(&hospi1);
      |            ^~~~~~~~~~~~~~~~~~~~~~~~~~~~~~~~~~~
../Core/Src/main.c:111:8: warning: unused variable 'Readbuf' [-Wunused-variable]
  111 |   char Readbuf[100];
      |        ^~~~~~~
../Core/Src/main.c:105:21: warning: variable 'retVal' set but not used [-Wunused-but-set-variable]
  105 |   HAL_StatusTypeDef retVal = W25Q128_OCTO_SPI_Init(&hospi1);
      |                     ^~~~~~
arm-none-eabi-g++ -o "qspi_test.elf" @"objects.list"   -mcpu=cortex-m7 -T"D:\!!!__GitHUB_repositories\MustangRadio_develepementVersion\02_Firmware\02_STM32\qspi_test\STM32H7A3RITX_FLASH.ld" --specs=nosys.specs -Wl,-Map="qspi_test.map" -Wl,--gc-sections -static --specs=nano.specs -mfpu=fpv5-d16 -mfloat-abi=hard -mthumb -Wl,--start-group -lc -lm -lstdc++ -lsupc++ -Wl,--end-group
Finished building target: qspi_test.elf
 
arm-none-eabi-size  qspi_test.elf 
arm-none-eabi-objdump -h -S qspi_test.elf  > "qspi_test.list"
   text	   data	    bss	    dec	    hex	filename
  33568	    108	   2148	  35824	   8bf0	qspi_test.elf
Finished building: default.size.stdout
 
Finished building: qspi_test.list
 

23:06:28 Build Finished. 0 errors, 8 warnings. (took 1s.211ms)

