22:24:57 **** Incremental Build of configuration Debug for project Radio_main ****
make -j16 all 
arm-none-eabi-g++ "../Core/Src/SileliS_code/esp32i2cComunicationDriver.cpp" -mcpu=cortex-m7 -std=gnu++14 -g3 -DDEBUG -DUSE_HAL_DRIVER -DSTM32H7A3xx -c -I../Core/Inc -I../Drivers/STM32H7xx_HAL_Driver/Inc -I../Drivers/STM32H7xx_HAL_Driver/Inc/Legacy -I../Drivers/CMSIS/Device/ST/STM32H7xx/Include -I../Drivers/CMSIS/Include -I../Middlewares/Third_Party/FreeRTOS/Source/include -I../Middlewares/Third_Party/FreeRTOS/Source/CMSIS_RTOS_V2 -I../Middlewares/Third_Party/FreeRTOS/Source/portable/GCC/ARM_CM4F -I"D:/!!!__GitHUB_repositories/MustangRadio_develepementVersion/02_Firmware/03_Common" -O0 -ffunction-sections -fdata-sections -fno-exceptions -fno-rtti -fno-use-cxa-atexit -Wall -fstack-usage -fcyclomatic-complexity -MMD -MP -MF"Core/Src/SileliS_code/esp32i2cComunicationDriver.d" -MT"Core/Src/SileliS_code/esp32i2cComunicationDriver.o" --specs=nano.specs -mfpu=fpv5-d16 -mfloat-abi=hard -mthumb -o "Core/Src/SileliS_code/esp32i2cComunicationDriver.o"
arm-none-eabi-g++ "../Core/Src/SileliS_code/i2cEngine.cpp" -mcpu=cortex-m7 -std=gnu++14 -g3 -DDEBUG -DUSE_HAL_DRIVER -DSTM32H7A3xx -c -I../Core/Inc -I../Drivers/STM32H7xx_HAL_Driver/Inc -I../Drivers/STM32H7xx_HAL_Driver/Inc/Legacy -I../Drivers/CMSIS/Device/ST/STM32H7xx/Include -I../Drivers/CMSIS/Include -I../Middlewares/Third_Party/FreeRTOS/Source/include -I../Middlewares/Third_Party/FreeRTOS/Source/CMSIS_RTOS_V2 -I../Middlewares/Third_Party/FreeRTOS/Source/portable/GCC/ARM_CM4F -I"D:/!!!__GitHUB_repositories/MustangRadio_develepementVersion/02_Firmware/03_Common" -O0 -ffunction-sections -fdata-sections -fno-exceptions -fno-rtti -fno-use-cxa-atexit -Wall -fstack-usage -fcyclomatic-complexity -MMD -MP -MF"Core/Src/SileliS_code/i2cEngine.d" -MT"Core/Src/SileliS_code/i2cEngine.o" --specs=nano.specs -mfpu=fpv5-d16 -mfloat-abi=hard -mthumb -o "Core/Src/SileliS_code/i2cEngine.o"
arm-none-eabi-g++ "D:/!!!__GitHUB_repositories/MustangRadio_develepementVersion/02_Firmware/03_Common/i2c_slave_master_queueClass.cpp" -mcpu=cortex-m7 -std=gnu++14 -g3 -DDEBUG -DUSE_HAL_DRIVER -DSTM32H7A3xx -c -I../Core/Inc -I../Drivers/STM32H7xx_HAL_Driver/Inc -I../Drivers/STM32H7xx_HAL_Driver/Inc/Legacy -I../Drivers/CMSIS/Device/ST/STM32H7xx/Include -I../Drivers/CMSIS/Include -I../Middlewares/Third_Party/FreeRTOS/Source/include -I../Middlewares/Third_Party/FreeRTOS/Source/CMSIS_RTOS_V2 -I../Middlewares/Third_Party/FreeRTOS/Source/portable/GCC/ARM_CM4F -I"D:/!!!__GitHUB_repositories/MustangRadio_develepementVersion/02_Firmware/03_Common" -O0 -ffunction-sections -fdata-sections -fno-exceptions -fno-rtti -fno-use-cxa-atexit -Wall -fstack-usage -fcyclomatic-complexity -MMD -MP -MF"Core/Src/SileliS_code/i2c_slave_master_queueClass.d" -MT"Core/Src/SileliS_code/i2c_slave_master_queueClass.o" --specs=nano.specs -mfpu=fpv5-d16 -mfloat-abi=hard -mthumb -o "Core/Src/SileliS_code/i2c_slave_master_queueClass.o"
arm-none-eabi-g++ "../Core/Src/SileliS_code/keyboardToFunction.cpp" -mcpu=cortex-m7 -std=gnu++14 -g3 -DDEBUG -DUSE_HAL_DRIVER -DSTM32H7A3xx -c -I../Core/Inc -I../Drivers/STM32H7xx_HAL_Driver/Inc -I../Drivers/STM32H7xx_HAL_Driver/Inc/Legacy -I../Drivers/CMSIS/Device/ST/STM32H7xx/Include -I../Drivers/CMSIS/Include -I../Middlewares/Third_Party/FreeRTOS/Source/include -I../Middlewares/Third_Party/FreeRTOS/Source/CMSIS_RTOS_V2 -I../Middlewares/Third_Party/FreeRTOS/Source/portable/GCC/ARM_CM4F -I"D:/!!!__GitHUB_repositories/MustangRadio_develepementVersion/02_Firmware/03_Common" -O0 -ffunction-sections -fdata-sections -fno-exceptions -fno-rtti -fno-use-cxa-atexit -Wall -fstack-usage -fcyclomatic-complexity -MMD -MP -MF"Core/Src/SileliS_code/keyboardToFunction.d" -MT"Core/Src/SileliS_code/keyboardToFunction.o" --specs=nano.specs -mfpu=fpv5-d16 -mfloat-abi=hard -mthumb -o "Core/Src/SileliS_code/keyboardToFunction.o"
arm-none-eabi-g++ "../Core/Src/SileliS_code/ledsController.cpp" -mcpu=cortex-m7 -std=gnu++14 -g3 -DDEBUG -DUSE_HAL_DRIVER -DSTM32H7A3xx -c -I../Core/Inc -I../Drivers/STM32H7xx_HAL_Driver/Inc -I../Drivers/STM32H7xx_HAL_Driver/Inc/Legacy -I../Drivers/CMSIS/Device/ST/STM32H7xx/Include -I../Drivers/CMSIS/Include -I../Middlewares/Third_Party/FreeRTOS/Source/include -I../Middlewares/Third_Party/FreeRTOS/Source/CMSIS_RTOS_V2 -I../Middlewares/Third_Party/FreeRTOS/Source/portable/GCC/ARM_CM4F -I"D:/!!!__GitHUB_repositories/MustangRadio_develepementVersion/02_Firmware/03_Common" -O0 -ffunction-sections -fdata-sections -fno-exceptions -fno-rtti -fno-use-cxa-atexit -Wall -fstack-usage -fcyclomatic-complexity -MMD -MP -MF"Core/Src/SileliS_code/ledsController.d" -MT"Core/Src/SileliS_code/ledsController.o" --specs=nano.specs -mfpu=fpv5-d16 -mfloat-abi=hard -mthumb -o "Core/Src/SileliS_code/ledsController.o"
arm-none-eabi-g++ "../Core/Src/SileliS_code/menuItem.cpp" -mcpu=cortex-m7 -std=gnu++14 -g3 -DDEBUG -DUSE_HAL_DRIVER -DSTM32H7A3xx -c -I../Core/Inc -I../Drivers/STM32H7xx_HAL_Driver/Inc -I../Drivers/STM32H7xx_HAL_Driver/Inc/Legacy -I../Drivers/CMSIS/Device/ST/STM32H7xx/Include -I../Drivers/CMSIS/Include -I../Middlewares/Third_Party/FreeRTOS/Source/include -I../Middlewares/Third_Party/FreeRTOS/Source/CMSIS_RTOS_V2 -I../Middlewares/Third_Party/FreeRTOS/Source/portable/GCC/ARM_CM4F -I"D:/!!!__GitHUB_repositories/MustangRadio_develepementVersion/02_Firmware/03_Common" -O0 -ffunction-sections -fdata-sections -fno-exceptions -fno-rtti -fno-use-cxa-atexit -Wall -fstack-usage -fcyclomatic-complexity -MMD -MP -MF"Core/Src/SileliS_code/menuItem.d" -MT"Core/Src/SileliS_code/menuItem.o" --specs=nano.specs -mfpu=fpv5-d16 -mfloat-abi=hard -mthumb -o "Core/Src/SileliS_code/menuItem.o"
arm-none-eabi-g++ "../Core/Src/SileliS_code/myList.cpp" -mcpu=cortex-m7 -std=gnu++14 -g3 -DDEBUG -DUSE_HAL_DRIVER -DSTM32H7A3xx -c -I../Core/Inc -I../Drivers/STM32H7xx_HAL_Driver/Inc -I../Drivers/STM32H7xx_HAL_Driver/Inc/Legacy -I../Drivers/CMSIS/Device/ST/STM32H7xx/Include -I../Drivers/CMSIS/Include -I../Middlewares/Third_Party/FreeRTOS/Source/include -I../Middlewares/Third_Party/FreeRTOS/Source/CMSIS_RTOS_V2 -I../Middlewares/Third_Party/FreeRTOS/Source/portable/GCC/ARM_CM4F -I"D:/!!!__GitHUB_repositories/MustangRadio_develepementVersion/02_Firmware/03_Common" -O0 -ffunction-sections -fdata-sections -fno-exceptions -fno-rtti -fno-use-cxa-atexit -Wall -fstack-usage -fcyclomatic-complexity -MMD -MP -MF"Core/Src/SileliS_code/myList.d" -MT"Core/Src/SileliS_code/myList.o" --specs=nano.specs -mfpu=fpv5-d16 -mfloat-abi=hard -mthumb -o "Core/Src/SileliS_code/myList.o"
arm-none-eabi-g++ "../Core/Src/SileliS_code/myPrintfTask.cpp" -mcpu=cortex-m7 -std=gnu++14 -g3 -DDEBUG -DUSE_HAL_DRIVER -DSTM32H7A3xx -c -I../Core/Inc -I../Drivers/STM32H7xx_HAL_Driver/Inc -I../Drivers/STM32H7xx_HAL_Driver/Inc/Legacy -I../Drivers/CMSIS/Device/ST/STM32H7xx/Include -I../Drivers/CMSIS/Include -I../Middlewares/Third_Party/FreeRTOS/Source/include -I../Middlewares/Third_Party/FreeRTOS/Source/CMSIS_RTOS_V2 -I../Middlewares/Third_Party/FreeRTOS/Source/portable/GCC/ARM_CM4F -I"D:/!!!__GitHUB_repositories/MustangRadio_develepementVersion/02_Firmware/03_Common" -O0 -ffunction-sections -fdata-sections -fno-exceptions -fno-rtti -fno-use-cxa-atexit -Wall -fstack-usage -fcyclomatic-complexity -MMD -MP -MF"Core/Src/SileliS_code/myPrintfTask.d" -MT"Core/Src/SileliS_code/myPrintfTask.o" --specs=nano.specs -mfpu=fpv5-d16 -mfloat-abi=hard -mthumb -o "Core/Src/SileliS_code/myPrintfTask.o"
arm-none-eabi-g++ "../Core/Src/SileliS_code/radioMenu.cpp" -mcpu=cortex-m7 -std=gnu++14 -g3 -DDEBUG -DUSE_HAL_DRIVER -DSTM32H7A3xx -c -I../Core/Inc -I../Drivers/STM32H7xx_HAL_Driver/Inc -I../Drivers/STM32H7xx_HAL_Driver/Inc/Legacy -I../Drivers/CMSIS/Device/ST/STM32H7xx/Include -I../Drivers/CMSIS/Include -I../Middlewares/Third_Party/FreeRTOS/Source/include -I../Middlewares/Third_Party/FreeRTOS/Source/CMSIS_RTOS_V2 -I../Middlewares/Third_Party/FreeRTOS/Source/portable/GCC/ARM_CM4F -I"D:/!!!__GitHUB_repositories/MustangRadio_develepementVersion/02_Firmware/03_Common" -O0 -ffunction-sections -fdata-sections -fno-exceptions -fno-rtti -fno-use-cxa-atexit -Wall -fstack-usage -fcyclomatic-complexity -MMD -MP -MF"Core/Src/SileliS_code/radioMenu.d" -MT"Core/Src/SileliS_code/radioMenu.o" --specs=nano.specs -mfpu=fpv5-d16 -mfloat-abi=hard -mthumb -o "Core/Src/SileliS_code/radioMenu.o"
arm-none-eabi-g++ "../Core/Src/SileliS_code/tasksFunctions.cpp" -mcpu=cortex-m7 -std=gnu++14 -g3 -DDEBUG -DUSE_HAL_DRIVER -DSTM32H7A3xx -c -I../Core/Inc -I../Drivers/STM32H7xx_HAL_Driver/Inc -I../Drivers/STM32H7xx_HAL_Driver/Inc/Legacy -I../Drivers/CMSIS/Device/ST/STM32H7xx/Include -I../Drivers/CMSIS/Include -I../Middlewares/Third_Party/FreeRTOS/Source/include -I../Middlewares/Third_Party/FreeRTOS/Source/CMSIS_RTOS_V2 -I../Middlewares/Third_Party/FreeRTOS/Source/portable/GCC/ARM_CM4F -I"D:/!!!__GitHUB_repositories/MustangRadio_develepementVersion/02_Firmware/03_Common" -O0 -ffunction-sections -fdata-sections -fno-exceptions -fno-rtti -fno-use-cxa-atexit -Wall -fstack-usage -fcyclomatic-complexity -MMD -MP -MF"Core/Src/SileliS_code/tasksFunctions.d" -MT"Core/Src/SileliS_code/tasksFunctions.o" --specs=nano.specs -mfpu=fpv5-d16 -mfloat-abi=hard -mthumb -o "Core/Src/SileliS_code/tasksFunctions.o"
arm-none-eabi-g++ "../Core/Src/main.cpp" -mcpu=cortex-m7 -std=gnu++14 -g3 -DDEBUG -DUSE_HAL_DRIVER -DSTM32H7A3xx -c -I../Core/Inc -I../Drivers/STM32H7xx_HAL_Driver/Inc -I../Drivers/STM32H7xx_HAL_Driver/Inc/Legacy -I../Drivers/CMSIS/Device/ST/STM32H7xx/Include -I../Drivers/CMSIS/Include -I../Middlewares/Third_Party/FreeRTOS/Source/include -I../Middlewares/Third_Party/FreeRTOS/Source/CMSIS_RTOS_V2 -I../Middlewares/Third_Party/FreeRTOS/Source/portable/GCC/ARM_CM4F -I"D:/!!!__GitHUB_repositories/MustangRadio_develepementVersion/02_Firmware/03_Common" -O0 -ffunction-sections -fdata-sections -fno-exceptions -fno-rtti -fno-use-cxa-atexit -Wall -fstack-usage -fcyclomatic-complexity -MMD -MP -MF"Core/Src/main.d" -MT"Core/Src/main.o" --specs=nano.specs -mfpu=fpv5-d16 -mfloat-abi=hard -mthumb -o "Core/Src/main.o"
In file included from ../Core/Src/SileliS_code/esp32i2cComunicationDriver.cpp:9:
../Core/Inc/SileliS_code/esp32i2cComunicationDriver.h:56:10: warning: #warning zrobic obs\U00000142ug\U00000119 b\U00000142\U00000119d\U000000f3w komunikacji (je\U0000015bli s\U00000105 b\U00000142\U00000119dy komunikacji i je\U0000015bli nie ma sygna\U00000142u keep alive [-Wcpp]
   56 |         #warning zrobic obsługę błędów komunikacji (jeśli są błędy komunikacji i jeśli nie ma sygnału keep alive
      |          ^~~~~~~
../Core/Src/SileliS_code/esp32i2cComunicationDriver.cpp:111:10: warning: #warning zrobic porzadny destruktor np. w destruktorze ma wy\U00000142\U00000105czy \U00000107 si\U00000119 radio [-Wcpp]
  111 |         #warning zrobic porzadny destruktor np. w destruktorze ma wyłączy ć się radio
      |          ^~~~~~~
In file included from ../Core/Inc/SileliS_code/tasksFunctions.h:28,
                 from ../Core/Src/SileliS_code/tasksFunctions.cpp:10:
../Core/Inc/SileliS_code/esp32i2cComunicationDriver.h:56:10: warning: #warning zrobic obs\U00000142ug\U00000119 b\U00000142\U00000119d\U000000f3w komunikacji (je\U0000015bli s\U00000105 b\U00000142\U00000119dy komunikacji i je\U0000015bli nie ma sygna\U00000142u keep alive [-Wcpp]
   56 |         #warning zrobic obsługę błędów komunikacji (jeśli są błędy komunikacji i jeśli nie ma sygnału keep alive
      |          ^~~~~~~
In file included from ../Core/Inc/SileliS_code/tasksFunctions.h:28,
                 from ../Core/Src/main.cpp:33:
../Core/Inc/SileliS_code/esp32i2cComunicationDriver.h:56:10: warning: #warning zrobic obs\U00000142ug\U00000119 b\U00000142\U00000119d\U000000f3w komunikacji (je\U0000015bli s\U00000105 b\U00000142\U00000119dy komunikacji i je\U0000015bli nie ma sygna\U00000142u keep alive [-Wcpp]
   56 |         #warning zrobic obsługę błędów komunikacji (jeśli są błędy komunikacji i jeśli nie ma sygnału keep alive
      |          ^~~~~~~
../Core/Src/SileliS_code/myPrintfTask.cpp: In member function 'BaseType_t myPrintfTask::feedPrintf(const char*, ...)':
../Core/Src/SileliS_code/myPrintfTask.cpp:27:44: warning: converting to non-pointer type 'uint8_t' {aka 'unsigned char'} from NULL [-Wconversion-null]
   27 |         itemToPrint.slaveDevice7bitAddress=NULL;
      |                                            ^~~~
../Core/Src/SileliS_code/myPrintfTask.cpp: In member function 'HAL_StatusTypeDef myPrintfTask::myPrintf(i2cFrame_transmitQueue)':
../Core/Src/SileliS_code/myPrintfTask.cpp:62:1: warning: no return statement in function returning non-void [-Wreturn-type]
   62 | }
      | ^
In file included from ../Core/Inc/SileliS_code/radioMenu.h:10,
                 from ../Core/Src/SileliS_code/esp32i2cComunicationDriver.cpp:250:
../Core/Inc/SileliS_code/myList.h:27:101: warning: "/*" within comment [-Wcomment]
   27 |     myList(ListHeader* pointerListHeader, const char* nodeName/*, _execute_t*ExecutableButtonsArray /*uint8_t execFunctionArraySize*/);
      |                                                                                                      
../Core/Inc/SileliS_code/myList.h:34:84: warning: "/*" within comment [-Wcomment]
   34 |     void addAtBeginning(const char* nodeName/*, _execute_t *ExecutableButtonsArray /*uint8_t execFunctionArraySize*/);
      |                                                                                     
../Core/Inc/SileliS_code/myList.h:35:78: warning: "/*" within comment [-Wcomment]
   35 |     void addAtEnd(const char* nodeName/*, _execute_t *ExecutableButtonsArray /*uint8_t execFunctionArraySize*/);
      |                                                                               
In file included from ../Core/Src/SileliS_code/myList.cpp:1:
../Core/Inc/SileliS_code/myList.h:27:101: warning: "/*" within comment [-Wcomment]
   27 |     myList(ListHeader* pointerListHeader, const char* nodeName/*, _execute_t*ExecutableButtonsArray /*uint8_t execFunctionArraySize*/);
      |                                                                                                      
../Core/Inc/SileliS_code/myList.h:34:84: warning: "/*" within comment [-Wcomment]
   34 |     void addAtBeginning(const char* nodeName/*, _execute_t *ExecutableButtonsArray /*uint8_t execFunctionArraySize*/);
      |                                                                                     
../Core/Inc/SileliS_code/myList.h:35:78: warning: "/*" within comment [-Wcomment]
   35 |     void addAtEnd(const char* nodeName/*, _execute_t *ExecutableButtonsArray /*uint8_t execFunctionArraySize*/);
      |                                                                               
../Core/Src/SileliS_code/myList.cpp:7:50: warning: "/*" within comment [-Wcomment]
    7 |     : menuItem(nodeName/*, ExecutableButtonsArray/*, execFunctionArraySize*/) {
      |                                                   
../Core/Src/SileliS_code/myList.cpp:28:88: warning: "/*" within comment [-Wcomment]
   28 | void myList::addAtBeginning(const char* nodeName/*, _execute_t *ExecutableButtonsArray /*uint8_t execFunctionArraySize*/) {
      |                                                                                         
../Core/Src/SileliS_code/myList.cpp:31:81: warning: "/*" within comment [-Wcomment]
   31 |     assert(newNode = new myList(pListHeader, nodeName/*, ExecutableButtonsArray /*execFunctionArraySize*/));
      |                                                                                  
../Core/Src/SileliS_code/myList.cpp:39:82: warning: "/*" within comment [-Wcomment]
   39 | void myList::addAtEnd(const char* nodeName/*, _execute_t *ExecutableButtonsArray /*uint8_t execFunctionArraySize*/) {
      |                                                                                   
../Core/Src/SileliS_code/myList.cpp:43:81: warning: "/*" within comment [-Wcomment]
   43 |     assert(newNode = new myList(pListHeader, nodeName/*, ExecutableButtonsArray /*execFunctionArraySize*/));
      |                                                                                  
In file included from ../Core/Inc/SileliS_code/radioMenu.h:10,
                 from ../Core/Src/SileliS_code/radioMenu.cpp:8:
../Core/Inc/SileliS_code/myList.h:27:101: warning: "/*" within comment [-Wcomment]
   27 |     myList(ListHeader* pointerListHeader, const char* nodeName/*, _execute_t*ExecutableButtonsArray /*uint8_t execFunctionArraySize*/);
      |                                                                                                      
../Core/Inc/SileliS_code/myList.h:34:84: warning: "/*" within comment [-Wcomment]
   34 |     void addAtBeginning(const char* nodeName/*, _execute_t *ExecutableButtonsArray /*uint8_t execFunctionArraySize*/);
      |                                                                                     
../Core/Inc/SileliS_code/myList.h:35:78: warning: "/*" within comment [-Wcomment]
   35 |     void addAtEnd(const char* nodeName/*, _execute_t *ExecutableButtonsArray /*uint8_t execFunctionArraySize*/);
      |                                                                               
../Core/Src/SileliS_code/esp32i2cComunicationDriver.cpp: In member function 'BaseType_t esp32_i2cComunicationDriver::masterReceiveData(i2cFrame_transmitQueue*)':
../Core/Src/SileliS_code/esp32i2cComunicationDriver.cpp:166:17: warning: unused variable 'dataSize' [-Wunused-variable]
  166 |         uint8_t dataSize;
      |                 ^~~~~~~~
In file included from ../Core/Inc/SileliS_code/radioMenu.h:10,
                 from ../Core/Src/SileliS_code/tasksFunctions.cpp:12:
../Core/Inc/SileliS_code/myList.h:27:101: warning: "/*" within comment [-Wcomment]
   27 |     myList(ListHeader* pointerListHeader, const char* nodeName/*, _execute_t*ExecutableButtonsArray /*uint8_t execFunctionArraySize*/);
      |                                                                                                      
../Core/Inc/SileliS_code/myList.h:34:84: warning: "/*" within comment [-Wcomment]
   34 |     void addAtBeginning(const char* nodeName/*, _execute_t *ExecutableButtonsArray /*uint8_t execFunctionArraySize*/);
      |                                                                                     
../Core/Inc/SileliS_code/myList.h:35:78: warning: "/*" within comment [-Wcomment]
   35 |     void addAtEnd(const char* nodeName/*, _execute_t *ExecutableButtonsArray /*uint8_t execFunctionArraySize*/);
      |                                                                               
arm-none-eabi-g++ -o "Radio_main.elf" @"objects.list"   -mcpu=cortex-m7 -T"D:\!!!__GitHUB_repositories\MustangRadio_develepementVersion\02_Firmware\02_STM32\Radio_main\STM32H7A3RITX_FLASH.ld" -Wl,-Map="Radio_main.map" -Wl,--gc-sections -static --specs=nano.specs -mfpu=fpv5-d16 -mfloat-abi=hard -mthumb -u _printf_float -u _scanf_float -Wl,--start-group -lc -lm -lstdc++ -lsupc++ -Wl,--end-group
Finished building target: Radio_main.elf
 
arm-none-eabi-size  Radio_main.elf 
arm-none-eabi-objdump -h -S Radio_main.elf  > "Radio_main.list"
   text	   data	    bss	    dec	    hex	filename
 247472	    720	  43016	 291208	  47188	Radio_main.elf
Finished building: default.size.stdout
 
Finished building: Radio_main.list
 

22:25:01 Build Finished. 0 errors, 24 warnings. (took 3s.189ms)

