21:21:32 **** Incremental Build of configuration Debug for project Radio_main ****
make -j16 all 
arm-none-eabi-gcc "../Core/Src/main.c" -mcpu=cortex-m7 -std=gnu11 -g3 -DDEBUG -DUSE_HAL_DRIVER -DSTM32H7A3xx -c -I../Core/Inc -I../Drivers/STM32H7xx_HAL_Driver/Inc -I../Drivers/STM32H7xx_HAL_Driver/Inc/Legacy -I../Drivers/CMSIS/Device/ST/STM32H7xx/Include -I../Drivers/CMSIS/Include -I../Middlewares/Third_Party/FreeRTOS/Source/include -I../Middlewares/Third_Party/FreeRTOS/Source/CMSIS_RTOS_V2 -I../Middlewares/Third_Party/FreeRTOS/Source/portable/GCC/ARM_CM4F -I"D:/!!!__GitHUB_repositories/MustangRadio_develepementVersion/02_Firmware/01_ESP32/HMI_and_bluetooth/main/common/comunication_calculate_checksum" -I"D:/!!!__GitHUB_repositories/MustangRadio_develepementVersion/02_Firmware/01_ESP32/HMI_and_bluetooth/main/common/comunicationProtocol" -I"D:/!!!__GitHUB_repositories/MustangRadio_develepementVersion/02_Firmware/01_ESP32/HMI_and_bluetooth/main/common/comunicationStructures" -I"D:/!!!__GitHUB_repositories/MustangRadio_develepementVersion/02_Firmware/01_ESP32/HMI_and_bluetooth/main/common/i2c_slave_master_queueClass" -ID:/!!!__GitHUB_repositories/MustangRadio_develepementVersion/02_Firmware/01_ESP32/HMI_and_bluetooth/main/common -O0 -ffunction-sections -fdata-sections -Wall -fstack-usage -fcyclomatic-complexity -MMD -MP -MF"Core/Src/main.d" -MT"Core/Src/main.o" --specs=nano.specs -mfpu=fpv5-d16 -mfloat-abi=hard -mthumb -o "Core/Src/main.o"
../Core/Src/main.c:33:51: warning: extra tokens at end of #include directive
   33 | #include "SileliS_code/tasksFunctionsCppWrapper.h".h"
      |                                                   ^
../Core/Src/main.c:33:53: warning: missing terminating " character
   33 | #include "SileliS_code/tasksFunctionsCppWrapper.h".h"
      |                                                     ^
arm-none-eabi-g++ -o "Radio_main.elf" @"objects.list"   -mcpu=cortex-m7 -T"D:\!!!__GitHUB_repositories\MustangRadio_develepementVersion\02_Firmware\02_STM32\Radio_main\STM32H7A3RITX_FLASH.ld" -Wl,-Map="Radio_main.map" -Wl,--gc-sections -static --specs=nano.specs -mfpu=fpv5-d16 -mfloat-abi=hard -mthumb -u _printf_float -u _scanf_float -Wl,--start-group -lc -lm -lstdc++ -lsupc++ -Wl,--end-group
Finished building target: Radio_main.elf
 
arm-none-eabi-size  Radio_main.elf 
arm-none-eabi-objdump -h -S Radio_main.elf  > "Radio_main.list"
   text	   data	    bss	    dec	    hex	filename
 247312	    720	  43016	 291048	  470e8	Radio_main.elf
Finished building: default.size.stdout
 
Finished building: Radio_main.list
 

21:21:34 Build Finished. 0 errors, 2 warnings. (took 2s.29ms)

