21:42:05 **** Incremental Build of configuration Debug for project Radio_main ****
make -j16 all 
arm-none-eabi-g++ "../Core/Src/SileliS_code/keyboardToFunction.cpp" -mcpu=cortex-m7 -std=gnu++14 -g3 -DDEBUG -DUSE_HAL_DRIVER -DSTM32H7A3xx -c -I../Core/Inc -I../Drivers/STM32H7xx_HAL_Driver/Inc -I../Drivers/STM32H7xx_HAL_Driver/Inc/Legacy -I../Drivers/CMSIS/Device/ST/STM32H7xx/Include -I../Drivers/CMSIS/Include -I../Middlewares/Third_Party/FreeRTOS/Source/include -I../Middlewares/Third_Party/FreeRTOS/Source/CMSIS_RTOS_V2 -I../Middlewares/Third_Party/FreeRTOS/Source/portable/GCC/ARM_CM4F -I"D:/!!!__GitHUB_repositories/MustangRadio_develepementVersion/02_Firmware/01_ESP32/HMI_and_bluetooth/main/common/comunication_calculate_checksum" -I"D:/!!!__GitHUB_repositories/MustangRadio_develepementVersion/02_Firmware/01_ESP32/HMI_and_bluetooth/main/common/comunicationProtocol" -I"D:/!!!__GitHUB_repositories/MustangRadio_develepementVersion/02_Firmware/01_ESP32/HMI_and_bluetooth/main/common/comunicationStructures" -I"D:/!!!__GitHUB_repositories/MustangRadio_develepementVersion/02_Firmware/01_ESP32/HMI_and_bluetooth/main/common/i2c_slave_master_queueClass" -ID:/!!!__GitHUB_repositories/MustangRadio_develepementVersion/02_Firmware/01_ESP32/HMI_and_bluetooth/main/common -O0 -ffunction-sections -fdata-sections -fno-exceptions -fno-rtti -fno-use-cxa-atexit -Wall -fstack-usage -fcyclomatic-complexity -MMD -MP -MF"Core/Src/SileliS_code/keyboardToFunction.d" -MT"Core/Src/SileliS_code/keyboardToFunction.o" --specs=nano.specs -mfpu=fpv5-d16 -mfloat-abi=hard -mthumb -o "Core/Src/SileliS_code/keyboardToFunction.o"
arm-none-eabi-g++ "../Core/Src/SileliS_code/tasksFunctions.cpp" -mcpu=cortex-m7 -std=gnu++14 -g3 -DDEBUG -DUSE_HAL_DRIVER -DSTM32H7A3xx -c -I../Core/Inc -I../Drivers/STM32H7xx_HAL_Driver/Inc -I../Drivers/STM32H7xx_HAL_Driver/Inc/Legacy -I../Drivers/CMSIS/Device/ST/STM32H7xx/Include -I../Drivers/CMSIS/Include -I../Middlewares/Third_Party/FreeRTOS/Source/include -I../Middlewares/Third_Party/FreeRTOS/Source/CMSIS_RTOS_V2 -I../Middlewares/Third_Party/FreeRTOS/Source/portable/GCC/ARM_CM4F -I"D:/!!!__GitHUB_repositories/MustangRadio_develepementVersion/02_Firmware/01_ESP32/HMI_and_bluetooth/main/common/comunication_calculate_checksum" -I"D:/!!!__GitHUB_repositories/MustangRadio_develepementVersion/02_Firmware/01_ESP32/HMI_and_bluetooth/main/common/comunicationProtocol" -I"D:/!!!__GitHUB_repositories/MustangRadio_develepementVersion/02_Firmware/01_ESP32/HMI_and_bluetooth/main/common/comunicationStructures" -I"D:/!!!__GitHUB_repositories/MustangRadio_develepementVersion/02_Firmware/01_ESP32/HMI_and_bluetooth/main/common/i2c_slave_master_queueClass" -ID:/!!!__GitHUB_repositories/MustangRadio_develepementVersion/02_Firmware/01_ESP32/HMI_and_bluetooth/main/common -O0 -ffunction-sections -fdata-sections -fno-exceptions -fno-rtti -fno-use-cxa-atexit -Wall -fstack-usage -fcyclomatic-complexity -MMD -MP -MF"Core/Src/SileliS_code/tasksFunctions.d" -MT"Core/Src/SileliS_code/tasksFunctions.o" --specs=nano.specs -mfpu=fpv5-d16 -mfloat-abi=hard -mthumb -o "Core/Src/SileliS_code/tasksFunctions.o"
In file included from ../Core/Inc/SileliS_code/tasksFunctions.h:27,
                 from ../Core/Src/SileliS_code/tasksFunctions.cpp:9:
../Core/Inc/SileliS_code/esp32i2cComunicationDriver.h:61:2: warning: #warning zrobic obs\U00000142ug\U00000119 b\U00000142\U00000119d\U000000f3w komunikacji (je\U0000015bli s\U00000105 b\U00000142\U00000119dy komunikacji i je\U0000015bli nie ma sygna\U00000142u keep alive [-Wcpp]
   61 | #warning zrobic obsługę błędów komunikacji (jeśli są błędy komunikacji i jeśli nie ma sygnału keep alive
      |  ^~~~~~~
In file included from ../Core/Inc/SileliS_code/radioMenu.h:10,
                 from ../Core/Src/SileliS_code/tasksFunctions.cpp:11:
../Core/Inc/SileliS_code/myList.h:28:83: warning: "/*" within comment [-Wcomment]
   28 |                         const char *nodeName/*, _execute_t*ExecutableButtonsArray /*uint8_t execFunctionArraySize*/);
      |                                                                                    
../Core/Inc/SileliS_code/myList.h:36:84: warning: "/*" within comment [-Wcomment]
   36 |                         const char *nodeName/*, _execute_t *ExecutableButtonsArray /*uint8_t execFunctionArraySize*/);
      |                                                                                     
../Core/Inc/SileliS_code/myList.h:38:84: warning: "/*" within comment [-Wcomment]
   38 |                         const char *nodeName/*, _execute_t *ExecutableButtonsArray /*uint8_t execFunctionArraySize*/);
      |                                                                                     
arm-none-eabi-g++ -o "Radio_main.elf" @"objects.list"   -mcpu=cortex-m7 -T"D:\!!!__GitHUB_repositories\MustangRadio_develepementVersion\02_Firmware\02_STM32\Radio_main\STM32H7A3RITX_FLASH.ld" -Wl,-Map="Radio_main.map" -Wl,--gc-sections -static --specs=nano.specs -mfpu=fpv5-d16 -mfloat-abi=hard -mthumb -u _printf_float -u _scanf_float -Wl,--start-group -lc -lm -lstdc++ -lsupc++ -Wl,--end-group
Finished building target: Radio_main.elf
 
arm-none-eabi-size  Radio_main.elf 
arm-none-eabi-objdump -h -S Radio_main.elf  > "Radio_main.list"
   text	   data	    bss	    dec	    hex	filename
 247000	    720	  43016	 290736	  46fb0	Radio_main.elf
Finished building: default.size.stdout
 
Finished building: Radio_main.list
 

21:42:08 Build Finished. 0 errors, 4 warnings. (took 2s.767ms)

