20:01:19 **** Incremental Build of configuration Debug for project Radio_main ****
make -j4 all 
arm-none-eabi-g++ "D:/!!!__GitHUB_repositories/MustangRadio_develepementVersion/02_Firmware/03_Common/i2c_slave_master_queueClass.cpp" -mcpu=cortex-m7 -std=gnu++14 -g3 -DDEBUG -DUSE_HAL_DRIVER -DSTM32H7A3xx -c -I../Core/Inc -I../Drivers/STM32H7xx_HAL_Driver/Inc -I../Drivers/STM32H7xx_HAL_Driver/Inc/Legacy -I../Drivers/CMSIS/Device/ST/STM32H7xx/Include -I../Drivers/CMSIS/Include -I../Middlewares/Third_Party/FreeRTOS/Source/include -I../Middlewares/Third_Party/FreeRTOS/Source/CMSIS_RTOS_V2 -I../Middlewares/Third_Party/FreeRTOS/Source/portable/GCC/ARM_CM4F -I"D:/!!!__GitHUB_repositories/MustangRadio_develepementVersion/02_Firmware/03_Common" -O0 -ffunction-sections -fdata-sections -fno-exceptions -fno-rtti -fno-use-cxa-atexit -Wall -fstack-usage -fcyclomatic-complexity -MMD -MP -MF"Core/Src/i2c_slave_master_queueClass.d" -MT"Core/Src/i2c_slave_master_queueClass.o" --specs=nano.specs -mfpu=fpv5-d16 -mfloat-abi=hard -mthumb -o "Core/Src/i2c_slave_master_queueClass.o"
D:/!!!__GitHUB_repositories/MustangRadio_develepementVersion/02_Firmware/03_Common/i2c_slave_master_queueClass.cpp:72:2: warning: #warning prawdzi\U00000107 czy przesy\U00000142ane s\U00000105 poprawne warto\U0000015bci pvItemToQueue [-Wcpp]
   72 | #warning prawdzić czy przesyłane są poprawne wartości pvItemToQueue
      |  ^~~~~~~
D:/!!!__GitHUB_repositories/MustangRadio_develepementVersion/02_Firmware/03_Common/i2c_slave_master_queueClass.cpp: In member function 'BaseType_t i2cReceiveQueue4DynamicData::QueueSend(uintptr_t*)':
D:/!!!__GitHUB_repositories/MustangRadio_develepementVersion/02_Firmware/03_Common/i2c_slave_master_queueClass.cpp:80:23: warning: unused variable 'pdymanicDataPointer' [-Wunused-variable]
   80 |                 char* pdymanicDataPointer = (char*) receivedDataAddresVAL;
      |                       ^~~~~~~~~~~~~~~~~~~
arm-none-eabi-g++ -o "Radio_main.elf" @"objects.list"   -mcpu=cortex-m7 -T"D:\!!!__GitHUB_repositories\MustangRadio_develepementVersion\02_Firmware\02_STM32\Radio_main\STM32H7A3RITX_FLASH.ld" -Wl,-Map="Radio_main.map" -Wl,--gc-sections -static --specs=nano.specs -mfpu=fpv5-d16 -mfloat-abi=hard -mthumb -u _printf_float -u _scanf_float -Wl,--start-group -lc -lm -lstdc++ -lsupc++ -Wl,--end-group
Finished building target: Radio_main.elf
 
arm-none-eabi-size  Radio_main.elf 
arm-none-eabi-objdump -h -S Radio_main.elf  > "Radio_main.list"
   text	   data	    bss	    dec	    hex	filename
  63212	    476	  21172	  84860	  14b7c	Radio_main.elf
Finished building: default.size.stdout
 
Finished building: Radio_main.list
 

20:01:21 Build Finished. 0 errors, 2 warnings. (took 1s.926ms)

