19:52:45 **** Incremental Build of configuration Debug for project Radio_main ****
make -j4 all 
arm-none-eabi-gcc -o "Radio_main.elf" @"objects.list"   -mcpu=cortex-m7 -T"D:\!!!__GitHUB_repositories\MustangRadio_develepementVersion\02_Firmware\02_STM32\Radio_main\STM32H7A3RITX_FLASH.ld" --specs=nosys.specs -Wl,-Map="Radio_main.map" -Wl,--gc-sections -static --specs=nano.specs -mfpu=fpv5-d16 -mfloat-abi=hard -mthumb -u _printf_float -u _scanf_float -Wl,--start-group -lc -lm -Wl,--end-group
Finished building target: Radio_main.elf
 
arm-none-eabi-size  Radio_main.elf 
arm-none-eabi-objdump -h -S Radio_main.elf  > "Radio_main.list"
   text	   data	    bss	    dec	    hex	filename
  57464	    476	  21156	  79096	  134f8	Radio_main.elf
Finished building: default.size.stdout
 
Finished building: Radio_main.list
 

19:52:47 Build Finished. 0 errors, 0 warnings. (took 1s.733ms)

