21:35:54 **** Incremental Build of configuration Debug for project Radio_main ****
make -j16 all 
arm-none-eabi-g++ "../Core/Src/SileliS_code/tasksFunctions.cpp" -mcpu=cortex-m7 -std=gnu++14 -g3 -DDEBUG -DUSE_HAL_DRIVER -DSTM32H7A3xx -c -I../Core/Inc -I../Drivers/STM32H7xx_HAL_Driver/Inc -I../Drivers/STM32H7xx_HAL_Driver/Inc/Legacy -I../Drivers/CMSIS/Device/ST/STM32H7xx/Include -I../Drivers/CMSIS/Include -I../Middlewares/Third_Party/FreeRTOS/Source/include -I../Middlewares/Third_Party/FreeRTOS/Source/CMSIS_RTOS_V2 -I../Middlewares/Third_Party/FreeRTOS/Source/portable/GCC/ARM_CM4F -I"D:/!!!__GitHUB_repositories/MustangRadio_develepementVersion/02_Firmware/03_Common" -O0 -ffunction-sections -fdata-sections -fno-exceptions -fno-rtti -fno-use-cxa-atexit -Wall -fstack-usage -fcyclomatic-complexity -MMD -MP -MF"Core/Src/SileliS_code/tasksFunctions.d" -MT"Core/Src/SileliS_code/tasksFunctions.o" --specs=nano.specs -mfpu=fpv5-d16 -mfloat-abi=hard -mthumb -o "Core/Src/SileliS_code/tasksFunctions.o"
In file included from ../Core/Src/SileliS_code/tasksFunctions.cpp:23:
../Core/Inc/SileliS_code/esp32i2cComunicationDriver.h:53:10: warning: #warning zrobic obs\U00000142ug\U00000119 b\U00000142\U00000119d\U000000f3w komunikacji (je\U0000015bli s\U00000105 b\U00000142\U00000119dy komunikacji i je\U0000015bli nie ma sygna\U00000142u keep alive [-Wcpp]
   53 |         #warning zrobic obsługę błędów komunikacji (jeśli są błędy komunikacji i jeśli nie ma sygnału keep alive
      |          ^~~~~~~
In file included from ../Core/Inc/SileliS_code/radioMenu.h:16,
                 from ../Core/Inc/SileliS_code/tasksFunctions.h:18,
                 from ../Core/Src/SileliS_code/tasksFunctions.cpp:10:
../Core/Inc/SileliS_code/list.h: In constructor 'Node::Node(const char*)':
../Core/Inc/SileliS_code/list.h:20:21: warning: 'Node::nodeName' will be initialized after [-Wreorder]
   20 |         const char *nodeName;
      |                     ^~~~~~~~
../Core/Inc/SileliS_code/list.h:19:17: warning:   'uint8_t Node::nodeIndex' [-Wreorder]
   19 |         uint8_t nodeIndex;
      |                 ^~~~~~~~~
../Core/Inc/SileliS_code/list.h:24:5: warning:   when initialized here [-Wreorder]
   24 |     Node(const char* name)
      |     ^~~~
../Core/Inc/SileliS_code/list.h:22:11: warning: 'Node::next' will be initialized after [-Wreorder]
   22 |     Node* next;
      |           ^~~~
../Core/Inc/SileliS_code/list.h:21:19: warning:   'menuItem* Node::pMenuOptions' [-Wreorder]
   21 |         menuItem* pMenuOptions;
      |                   ^~~~~~~~~~~~
../Core/Inc/SileliS_code/list.h:24:5: warning:   when initialized here [-Wreorder]
   24 |     Node(const char* name)
      |     ^~~~
../Core/Src/SileliS_code/tasksFunctions.cpp: In function 'void initTaskFunctions()':
../Core/Src/SileliS_code/tasksFunctions.cpp:120:9: warning: statement has no effect [-Wunused-value]
  120 |         pRadioMenu;
      |         ^~~~~~~~~~
arm-none-eabi-g++ -o "Radio_main.elf" @"objects.list"   -mcpu=cortex-m7 -T"D:\!!!__GitHUB_repositories\MustangRadio_develepementVersion\02_Firmware\02_STM32\Radio_main\STM32H7A3RITX_FLASH.ld" -Wl,-Map="Radio_main.map" -Wl,--gc-sections -static --specs=nano.specs -mfpu=fpv5-d16 -mfloat-abi=hard -mthumb -u _printf_float -u _scanf_float -Wl,--start-group -lc -lm -lstdc++ -lsupc++ -Wl,--end-group
Finished building target: Radio_main.elf
 
arm-none-eabi-size  Radio_main.elf 
arm-none-eabi-objdump -h -S Radio_main.elf  > "Radio_main.list"
   text	   data	    bss	    dec	    hex	filename
  85612	    476	  21412	 107500	  1a3ec	Radio_main.elf
Finished building: default.size.stdout
 
Finished building: Radio_main.list
 

21:35:56 Build Finished. 0 errors, 8 warnings. (took 1s.786ms)

