12:37:33 **** Incremental Build of configuration Debug for project Radio_main ****
make -j16 all 
arm-none-eabi-gcc "../Core/Src/dma.c" -mcpu=cortex-m7 -std=gnu11 -g3 -DDEBUG -DUSE_HAL_DRIVER -DSTM32H7A3xx -c -I../Core/Inc -I../Drivers/STM32H7xx_HAL_Driver/Inc -I../Drivers/STM32H7xx_HAL_Driver/Inc/Legacy -I../Drivers/CMSIS/Device/ST/STM32H7xx/Include -I../Drivers/CMSIS/Include -I../Middlewares/Third_Party/FreeRTOS/Source/include -I../Middlewares/Third_Party/FreeRTOS/Source/CMSIS_RTOS_V2 -I../Middlewares/Third_Party/FreeRTOS/Source/portable/GCC/ARM_CM4F -I"D:/!!!__GitHUB_repositories/MustangRadio_develepementVersion/02_Firmware/01_ESP32/HMI_and_bluetooth/main/common/comunication_calculate_checksum" -I"D:/!!!__GitHUB_repositories/MustangRadio_develepementVersion/02_Firmware/01_ESP32/HMI_and_bluetooth/main/common/comunicationProtocol" -I"D:/!!!__GitHUB_repositories/MustangRadio_develepementVersion/02_Firmware/01_ESP32/HMI_and_bluetooth/main/common/comunicationStructures" -I"D:/!!!__GitHUB_repositories/MustangRadio_develepementVersion/02_Firmware/01_ESP32/HMI_and_bluetooth/main/common/i2c_slave_master_queueClass" -ID:/!!!__GitHUB_repositories/MustangRadio_develepementVersion/02_Firmware/01_ESP32/HMI_and_bluetooth/main/common -O0 -ffunction-sections -fdata-sections -Wall -fstack-usage -fcyclomatic-complexity -MMD -MP -MF"Core/Src/dma.d" -MT"Core/Src/dma.o" --specs=nano.specs -mfpu=fpv5-d16 -mfloat-abi=hard -mthumb -o "Core/Src/dma.o"
arm-none-eabi-gcc "../Core/Src/freertos.c" -mcpu=cortex-m7 -std=gnu11 -g3 -DDEBUG -DUSE_HAL_DRIVER -DSTM32H7A3xx -c -I../Core/Inc -I../Drivers/STM32H7xx_HAL_Driver/Inc -I../Drivers/STM32H7xx_HAL_Driver/Inc/Legacy -I../Drivers/CMSIS/Device/ST/STM32H7xx/Include -I../Drivers/CMSIS/Include -I../Middlewares/Third_Party/FreeRTOS/Source/include -I../Middlewares/Third_Party/FreeRTOS/Source/CMSIS_RTOS_V2 -I../Middlewares/Third_Party/FreeRTOS/Source/portable/GCC/ARM_CM4F -I"D:/!!!__GitHUB_repositories/MustangRadio_develepementVersion/02_Firmware/01_ESP32/HMI_and_bluetooth/main/common/comunication_calculate_checksum" -I"D:/!!!__GitHUB_repositories/MustangRadio_develepementVersion/02_Firmware/01_ESP32/HMI_and_bluetooth/main/common/comunicationProtocol" -I"D:/!!!__GitHUB_repositories/MustangRadio_develepementVersion/02_Firmware/01_ESP32/HMI_and_bluetooth/main/common/comunicationStructures" -I"D:/!!!__GitHUB_repositories/MustangRadio_develepementVersion/02_Firmware/01_ESP32/HMI_and_bluetooth/main/common/i2c_slave_master_queueClass" -ID:/!!!__GitHUB_repositories/MustangRadio_develepementVersion/02_Firmware/01_ESP32/HMI_and_bluetooth/main/common -O0 -ffunction-sections -fdata-sections -Wall -fstack-usage -fcyclomatic-complexity -MMD -MP -MF"Core/Src/freertos.d" -MT"Core/Src/freertos.o" --specs=nano.specs -mfpu=fpv5-d16 -mfloat-abi=hard -mthumb -o "Core/Src/freertos.o"
arm-none-eabi-gcc "../Core/Src/gpio.c" -mcpu=cortex-m7 -std=gnu11 -g3 -DDEBUG -DUSE_HAL_DRIVER -DSTM32H7A3xx -c -I../Core/Inc -I../Drivers/STM32H7xx_HAL_Driver/Inc -I../Drivers/STM32H7xx_HAL_Driver/Inc/Legacy -I../Drivers/CMSIS/Device/ST/STM32H7xx/Include -I../Drivers/CMSIS/Include -I../Middlewares/Third_Party/FreeRTOS/Source/include -I../Middlewares/Third_Party/FreeRTOS/Source/CMSIS_RTOS_V2 -I../Middlewares/Third_Party/FreeRTOS/Source/portable/GCC/ARM_CM4F -I"D:/!!!__GitHUB_repositories/MustangRadio_develepementVersion/02_Firmware/01_ESP32/HMI_and_bluetooth/main/common/comunication_calculate_checksum" -I"D:/!!!__GitHUB_repositories/MustangRadio_develepementVersion/02_Firmware/01_ESP32/HMI_and_bluetooth/main/common/comunicationProtocol" -I"D:/!!!__GitHUB_repositories/MustangRadio_develepementVersion/02_Firmware/01_ESP32/HMI_and_bluetooth/main/common/comunicationStructures" -I"D:/!!!__GitHUB_repositories/MustangRadio_develepementVersion/02_Firmware/01_ESP32/HMI_and_bluetooth/main/common/i2c_slave_master_queueClass" -ID:/!!!__GitHUB_repositories/MustangRadio_develepementVersion/02_Firmware/01_ESP32/HMI_and_bluetooth/main/common -O0 -ffunction-sections -fdata-sections -Wall -fstack-usage -fcyclomatic-complexity -MMD -MP -MF"Core/Src/gpio.d" -MT"Core/Src/gpio.o" --specs=nano.specs -mfpu=fpv5-d16 -mfloat-abi=hard -mthumb -o "Core/Src/gpio.o"
arm-none-eabi-gcc "../Core/Src/i2c.c" -mcpu=cortex-m7 -std=gnu11 -g3 -DDEBUG -DUSE_HAL_DRIVER -DSTM32H7A3xx -c -I../Core/Inc -I../Drivers/STM32H7xx_HAL_Driver/Inc -I../Drivers/STM32H7xx_HAL_Driver/Inc/Legacy -I../Drivers/CMSIS/Device/ST/STM32H7xx/Include -I../Drivers/CMSIS/Include -I../Middlewares/Third_Party/FreeRTOS/Source/include -I../Middlewares/Third_Party/FreeRTOS/Source/CMSIS_RTOS_V2 -I../Middlewares/Third_Party/FreeRTOS/Source/portable/GCC/ARM_CM4F -I"D:/!!!__GitHUB_repositories/MustangRadio_develepementVersion/02_Firmware/01_ESP32/HMI_and_bluetooth/main/common/comunication_calculate_checksum" -I"D:/!!!__GitHUB_repositories/MustangRadio_develepementVersion/02_Firmware/01_ESP32/HMI_and_bluetooth/main/common/comunicationProtocol" -I"D:/!!!__GitHUB_repositories/MustangRadio_develepementVersion/02_Firmware/01_ESP32/HMI_and_bluetooth/main/common/comunicationStructures" -I"D:/!!!__GitHUB_repositories/MustangRadio_develepementVersion/02_Firmware/01_ESP32/HMI_and_bluetooth/main/common/i2c_slave_master_queueClass" -ID:/!!!__GitHUB_repositories/MustangRadio_develepementVersion/02_Firmware/01_ESP32/HMI_and_bluetooth/main/common -O0 -ffunction-sections -fdata-sections -Wall -fstack-usage -fcyclomatic-complexity -MMD -MP -MF"Core/Src/i2c.d" -MT"Core/Src/i2c.o" --specs=nano.specs -mfpu=fpv5-d16 -mfloat-abi=hard -mthumb -o "Core/Src/i2c.o"
arm-none-eabi-g++ "../Core/Src/main.cpp" -mcpu=cortex-m7 -std=gnu++14 -g3 -DDEBUG -DUSE_HAL_DRIVER -DSTM32H7A3xx -c -I../Core/Inc -I../Drivers/STM32H7xx_HAL_Driver/Inc -I../Drivers/STM32H7xx_HAL_Driver/Inc/Legacy -I../Drivers/CMSIS/Device/ST/STM32H7xx/Include -I../Drivers/CMSIS/Include -I../Middlewares/Third_Party/FreeRTOS/Source/include -I../Middlewares/Third_Party/FreeRTOS/Source/CMSIS_RTOS_V2 -I../Middlewares/Third_Party/FreeRTOS/Source/portable/GCC/ARM_CM4F -I"D:/!!!__GitHUB_repositories/MustangRadio_develepementVersion/02_Firmware/01_ESP32/HMI_and_bluetooth/main/common/comunication_calculate_checksum" -I"D:/!!!__GitHUB_repositories/MustangRadio_develepementVersion/02_Firmware/01_ESP32/HMI_and_bluetooth/main/common/comunicationProtocol" -I"D:/!!!__GitHUB_repositories/MustangRadio_develepementVersion/02_Firmware/01_ESP32/HMI_and_bluetooth/main/common/comunicationStructures" -I"D:/!!!__GitHUB_repositories/MustangRadio_develepementVersion/02_Firmware/01_ESP32/HMI_and_bluetooth/main/common/i2c_slave_master_queueClass" -ID:/!!!__GitHUB_repositories/MustangRadio_develepementVersion/02_Firmware/01_ESP32/HMI_and_bluetooth/main/common -O0 -ffunction-sections -fdata-sections -fno-exceptions -fno-rtti -fno-use-cxa-atexit -Wall -fstack-usage -fcyclomatic-complexity -MMD -MP -MF"Core/Src/main.d" -MT"Core/Src/main.o" --specs=nano.specs -mfpu=fpv5-d16 -mfloat-abi=hard -mthumb -o "Core/Src/main.o"
arm-none-eabi-gcc "../Core/Src/stm32h7xx_hal_msp.c" -mcpu=cortex-m7 -std=gnu11 -g3 -DDEBUG -DUSE_HAL_DRIVER -DSTM32H7A3xx -c -I../Core/Inc -I../Drivers/STM32H7xx_HAL_Driver/Inc -I../Drivers/STM32H7xx_HAL_Driver/Inc/Legacy -I../Drivers/CMSIS/Device/ST/STM32H7xx/Include -I../Drivers/CMSIS/Include -I../Middlewares/Third_Party/FreeRTOS/Source/include -I../Middlewares/Third_Party/FreeRTOS/Source/CMSIS_RTOS_V2 -I../Middlewares/Third_Party/FreeRTOS/Source/portable/GCC/ARM_CM4F -I"D:/!!!__GitHUB_repositories/MustangRadio_develepementVersion/02_Firmware/01_ESP32/HMI_and_bluetooth/main/common/comunication_calculate_checksum" -I"D:/!!!__GitHUB_repositories/MustangRadio_develepementVersion/02_Firmware/01_ESP32/HMI_and_bluetooth/main/common/comunicationProtocol" -I"D:/!!!__GitHUB_repositories/MustangRadio_develepementVersion/02_Firmware/01_ESP32/HMI_and_bluetooth/main/common/comunicationStructures" -I"D:/!!!__GitHUB_repositories/MustangRadio_develepementVersion/02_Firmware/01_ESP32/HMI_and_bluetooth/main/common/i2c_slave_master_queueClass" -ID:/!!!__GitHUB_repositories/MustangRadio_develepementVersion/02_Firmware/01_ESP32/HMI_and_bluetooth/main/common -O0 -ffunction-sections -fdata-sections -Wall -fstack-usage -fcyclomatic-complexity -MMD -MP -MF"Core/Src/stm32h7xx_hal_msp.d" -MT"Core/Src/stm32h7xx_hal_msp.o" --specs=nano.specs -mfpu=fpv5-d16 -mfloat-abi=hard -mthumb -o "Core/Src/stm32h7xx_hal_msp.o"
arm-none-eabi-gcc "../Core/Src/stm32h7xx_hal_timebase_tim.c" -mcpu=cortex-m7 -std=gnu11 -g3 -DDEBUG -DUSE_HAL_DRIVER -DSTM32H7A3xx -c -I../Core/Inc -I../Drivers/STM32H7xx_HAL_Driver/Inc -I../Drivers/STM32H7xx_HAL_Driver/Inc/Legacy -I../Drivers/CMSIS/Device/ST/STM32H7xx/Include -I../Drivers/CMSIS/Include -I../Middlewares/Third_Party/FreeRTOS/Source/include -I../Middlewares/Third_Party/FreeRTOS/Source/CMSIS_RTOS_V2 -I../Middlewares/Third_Party/FreeRTOS/Source/portable/GCC/ARM_CM4F -I"D:/!!!__GitHUB_repositories/MustangRadio_develepementVersion/02_Firmware/01_ESP32/HMI_and_bluetooth/main/common/comunication_calculate_checksum" -I"D:/!!!__GitHUB_repositories/MustangRadio_develepementVersion/02_Firmware/01_ESP32/HMI_and_bluetooth/main/common/comunicationProtocol" -I"D:/!!!__GitHUB_repositories/MustangRadio_develepementVersion/02_Firmware/01_ESP32/HMI_and_bluetooth/main/common/comunicationStructures" -I"D:/!!!__GitHUB_repositories/MustangRadio_develepementVersion/02_Firmware/01_ESP32/HMI_and_bluetooth/main/common/i2c_slave_master_queueClass" -ID:/!!!__GitHUB_repositories/MustangRadio_develepementVersion/02_Firmware/01_ESP32/HMI_and_bluetooth/main/common -O0 -ffunction-sections -fdata-sections -Wall -fstack-usage -fcyclomatic-complexity -MMD -MP -MF"Core/Src/stm32h7xx_hal_timebase_tim.d" -MT"Core/Src/stm32h7xx_hal_timebase_tim.o" --specs=nano.specs -mfpu=fpv5-d16 -mfloat-abi=hard -mthumb -o "Core/Src/stm32h7xx_hal_timebase_tim.o"
arm-none-eabi-gcc "../Core/Src/stm32h7xx_it.c" -mcpu=cortex-m7 -std=gnu11 -g3 -DDEBUG -DUSE_HAL_DRIVER -DSTM32H7A3xx -c -I../Core/Inc -I../Drivers/STM32H7xx_HAL_Driver/Inc -I../Drivers/STM32H7xx_HAL_Driver/Inc/Legacy -I../Drivers/CMSIS/Device/ST/STM32H7xx/Include -I../Drivers/CMSIS/Include -I../Middlewares/Third_Party/FreeRTOS/Source/include -I../Middlewares/Third_Party/FreeRTOS/Source/CMSIS_RTOS_V2 -I../Middlewares/Third_Party/FreeRTOS/Source/portable/GCC/ARM_CM4F -I"D:/!!!__GitHUB_repositories/MustangRadio_develepementVersion/02_Firmware/01_ESP32/HMI_and_bluetooth/main/common/comunication_calculate_checksum" -I"D:/!!!__GitHUB_repositories/MustangRadio_develepementVersion/02_Firmware/01_ESP32/HMI_and_bluetooth/main/common/comunicationProtocol" -I"D:/!!!__GitHUB_repositories/MustangRadio_develepementVersion/02_Firmware/01_ESP32/HMI_and_bluetooth/main/common/comunicationStructures" -I"D:/!!!__GitHUB_repositories/MustangRadio_develepementVersion/02_Firmware/01_ESP32/HMI_and_bluetooth/main/common/i2c_slave_master_queueClass" -ID:/!!!__GitHUB_repositories/MustangRadio_develepementVersion/02_Firmware/01_ESP32/HMI_and_bluetooth/main/common -O0 -ffunction-sections -fdata-sections -Wall -fstack-usage -fcyclomatic-complexity -MMD -MP -MF"Core/Src/stm32h7xx_it.d" -MT"Core/Src/stm32h7xx_it.o" --specs=nano.specs -mfpu=fpv5-d16 -mfloat-abi=hard -mthumb -o "Core/Src/stm32h7xx_it.o"
arm-none-eabi-gcc "../Core/Src/syscalls.c" -mcpu=cortex-m7 -std=gnu11 -g3 -DDEBUG -DUSE_HAL_DRIVER -DSTM32H7A3xx -c -I../Core/Inc -I../Drivers/STM32H7xx_HAL_Driver/Inc -I../Drivers/STM32H7xx_HAL_Driver/Inc/Legacy -I../Drivers/CMSIS/Device/ST/STM32H7xx/Include -I../Drivers/CMSIS/Include -I../Middlewares/Third_Party/FreeRTOS/Source/include -I../Middlewares/Third_Party/FreeRTOS/Source/CMSIS_RTOS_V2 -I../Middlewares/Third_Party/FreeRTOS/Source/portable/GCC/ARM_CM4F -I"D:/!!!__GitHUB_repositories/MustangRadio_develepementVersion/02_Firmware/01_ESP32/HMI_and_bluetooth/main/common/comunication_calculate_checksum" -I"D:/!!!__GitHUB_repositories/MustangRadio_develepementVersion/02_Firmware/01_ESP32/HMI_and_bluetooth/main/common/comunicationProtocol" -I"D:/!!!__GitHUB_repositories/MustangRadio_develepementVersion/02_Firmware/01_ESP32/HMI_and_bluetooth/main/common/comunicationStructures" -I"D:/!!!__GitHUB_repositories/MustangRadio_develepementVersion/02_Firmware/01_ESP32/HMI_and_bluetooth/main/common/i2c_slave_master_queueClass" -ID:/!!!__GitHUB_repositories/MustangRadio_develepementVersion/02_Firmware/01_ESP32/HMI_and_bluetooth/main/common -O0 -ffunction-sections -fdata-sections -Wall -fstack-usage -fcyclomatic-complexity -MMD -MP -MF"Core/Src/syscalls.d" -MT"Core/Src/syscalls.o" --specs=nano.specs -mfpu=fpv5-d16 -mfloat-abi=hard -mthumb -o "Core/Src/syscalls.o"
arm-none-eabi-gcc "../Core/Src/sysmem.c" -mcpu=cortex-m7 -std=gnu11 -g3 -DDEBUG -DUSE_HAL_DRIVER -DSTM32H7A3xx -c -I../Core/Inc -I../Drivers/STM32H7xx_HAL_Driver/Inc -I../Drivers/STM32H7xx_HAL_Driver/Inc/Legacy -I../Drivers/CMSIS/Device/ST/STM32H7xx/Include -I../Drivers/CMSIS/Include -I../Middlewares/Third_Party/FreeRTOS/Source/include -I../Middlewares/Third_Party/FreeRTOS/Source/CMSIS_RTOS_V2 -I../Middlewares/Third_Party/FreeRTOS/Source/portable/GCC/ARM_CM4F -I"D:/!!!__GitHUB_repositories/MustangRadio_develepementVersion/02_Firmware/01_ESP32/HMI_and_bluetooth/main/common/comunication_calculate_checksum" -I"D:/!!!__GitHUB_repositories/MustangRadio_develepementVersion/02_Firmware/01_ESP32/HMI_and_bluetooth/main/common/comunicationProtocol" -I"D:/!!!__GitHUB_repositories/MustangRadio_develepementVersion/02_Firmware/01_ESP32/HMI_and_bluetooth/main/common/comunicationStructures" -I"D:/!!!__GitHUB_repositories/MustangRadio_develepementVersion/02_Firmware/01_ESP32/HMI_and_bluetooth/main/common/i2c_slave_master_queueClass" -ID:/!!!__GitHUB_repositories/MustangRadio_develepementVersion/02_Firmware/01_ESP32/HMI_and_bluetooth/main/common -O0 -ffunction-sections -fdata-sections -Wall -fstack-usage -fcyclomatic-complexity -MMD -MP -MF"Core/Src/sysmem.d" -MT"Core/Src/sysmem.o" --specs=nano.specs -mfpu=fpv5-d16 -mfloat-abi=hard -mthumb -o "Core/Src/sysmem.o"
arm-none-eabi-gcc "../Core/Src/system_stm32h7xx.c" -mcpu=cortex-m7 -std=gnu11 -g3 -DDEBUG -DUSE_HAL_DRIVER -DSTM32H7A3xx -c -I../Core/Inc -I../Drivers/STM32H7xx_HAL_Driver/Inc -I../Drivers/STM32H7xx_HAL_Driver/Inc/Legacy -I../Drivers/CMSIS/Device/ST/STM32H7xx/Include -I../Drivers/CMSIS/Include -I../Middlewares/Third_Party/FreeRTOS/Source/include -I../Middlewares/Third_Party/FreeRTOS/Source/CMSIS_RTOS_V2 -I../Middlewares/Third_Party/FreeRTOS/Source/portable/GCC/ARM_CM4F -I"D:/!!!__GitHUB_repositories/MustangRadio_develepementVersion/02_Firmware/01_ESP32/HMI_and_bluetooth/main/common/comunication_calculate_checksum" -I"D:/!!!__GitHUB_repositories/MustangRadio_develepementVersion/02_Firmware/01_ESP32/HMI_and_bluetooth/main/common/comunicationProtocol" -I"D:/!!!__GitHUB_repositories/MustangRadio_develepementVersion/02_Firmware/01_ESP32/HMI_and_bluetooth/main/common/comunicationStructures" -I"D:/!!!__GitHUB_repositories/MustangRadio_develepementVersion/02_Firmware/01_ESP32/HMI_and_bluetooth/main/common/i2c_slave_master_queueClass" -ID:/!!!__GitHUB_repositories/MustangRadio_develepementVersion/02_Firmware/01_ESP32/HMI_and_bluetooth/main/common -O0 -ffunction-sections -fdata-sections -Wall -fstack-usage -fcyclomatic-complexity -MMD -MP -MF"Core/Src/system_stm32h7xx.d" -MT"Core/Src/system_stm32h7xx.o" --specs=nano.specs -mfpu=fpv5-d16 -mfloat-abi=hard -mthumb -o "Core/Src/system_stm32h7xx.o"
arm-none-eabi-gcc "../Core/Src/usart.c" -mcpu=cortex-m7 -std=gnu11 -g3 -DDEBUG -DUSE_HAL_DRIVER -DSTM32H7A3xx -c -I../Core/Inc -I../Drivers/STM32H7xx_HAL_Driver/Inc -I../Drivers/STM32H7xx_HAL_Driver/Inc/Legacy -I../Drivers/CMSIS/Device/ST/STM32H7xx/Include -I../Drivers/CMSIS/Include -I../Middlewares/Third_Party/FreeRTOS/Source/include -I../Middlewares/Third_Party/FreeRTOS/Source/CMSIS_RTOS_V2 -I../Middlewares/Third_Party/FreeRTOS/Source/portable/GCC/ARM_CM4F -I"D:/!!!__GitHUB_repositories/MustangRadio_develepementVersion/02_Firmware/01_ESP32/HMI_and_bluetooth/main/common/comunication_calculate_checksum" -I"D:/!!!__GitHUB_repositories/MustangRadio_develepementVersion/02_Firmware/01_ESP32/HMI_and_bluetooth/main/common/comunicationProtocol" -I"D:/!!!__GitHUB_repositories/MustangRadio_develepementVersion/02_Firmware/01_ESP32/HMI_and_bluetooth/main/common/comunicationStructures" -I"D:/!!!__GitHUB_repositories/MustangRadio_develepementVersion/02_Firmware/01_ESP32/HMI_and_bluetooth/main/common/i2c_slave_master_queueClass" -ID:/!!!__GitHUB_repositories/MustangRadio_develepementVersion/02_Firmware/01_ESP32/HMI_and_bluetooth/main/common -O0 -ffunction-sections -fdata-sections -Wall -fstack-usage -fcyclomatic-complexity -MMD -MP -MF"Core/Src/usart.d" -MT"Core/Src/usart.o" --specs=nano.specs -mfpu=fpv5-d16 -mfloat-abi=hard -mthumb -o "Core/Src/usart.o"
In file included from ../Core/Inc/SileliS_code/tasksFunctions.h:28,
                 from ../Core/Src/main.cpp:33:
../Core/Inc/SileliS_code/esp32i2cComunicationDriver.h:56:10: warning: #warning zrobic obs\U00000142ug\U00000119 b\U00000142\U00000119d\U000000f3w komunikacji (je\U0000015bli s\U00000105 b\U00000142\U00000119dy komunikacji i je\U0000015bli nie ma sygna\U00000142u keep alive [-Wcpp]
   56 |         #warning zrobic obsługę błędów komunikacji (jeśli są błędy komunikacji i jeśli nie ma sygnału keep alive
      |          ^~~~~~~
arm-none-eabi-g++ -o "Radio_main.elf" @"objects.list"   -mcpu=cortex-m7 -T"D:\!!!__GitHUB_repositories\MustangRadio_develepementVersion\02_Firmware\02_STM32\Radio_main\STM32H7A3RITX_FLASH.ld" -Wl,-Map="Radio_main.map" -Wl,--gc-sections -static --specs=nano.specs -mfpu=fpv5-d16 -mfloat-abi=hard -mthumb -u _printf_float -u _scanf_float -Wl,--start-group -lc -lm -lstdc++ -lsupc++ -Wl,--end-group
Finished building target: Radio_main.elf
 
arm-none-eabi-size  Radio_main.elf 
arm-none-eabi-objdump -h -S Radio_main.elf  > "Radio_main.list"
   text	   data	    bss	    dec	    hex	filename
 247312	    720	  43016	 291048	  470e8	Radio_main.elf
Finished building: default.size.stdout
 
Finished building: Radio_main.list
 

12:37:36 Build Finished. 0 errors, 1 warnings. (took 2s.597ms)

