21:41:35 **** Incremental Build of configuration Debug for project Radio_main ****
make -j16 all 
arm-none-eabi-g++ "../Core/Src/SileliS_code/keyboardToFunction.cpp" -mcpu=cortex-m7 -std=gnu++14 -g3 -DDEBUG -DUSE_HAL_DRIVER -DSTM32H7A3xx -c -I../Core/Inc -I../Drivers/STM32H7xx_HAL_Driver/Inc -I../Drivers/STM32H7xx_HAL_Driver/Inc/Legacy -I../Drivers/CMSIS/Device/ST/STM32H7xx/Include -I../Drivers/CMSIS/Include -I../Middlewares/Third_Party/FreeRTOS/Source/include -I../Middlewares/Third_Party/FreeRTOS/Source/CMSIS_RTOS_V2 -I../Middlewares/Third_Party/FreeRTOS/Source/portable/GCC/ARM_CM4F -I"D:/!!!__GitHUB_repositories/MustangRadio_develepementVersion/02_Firmware/03_Common" -O0 -ffunction-sections -fdata-sections -fno-exceptions -fno-rtti -fno-use-cxa-atexit -Wall -fstack-usage -fcyclomatic-complexity -MMD -MP -MF"Core/Src/SileliS_code/keyboardToFunction.d" -MT"Core/Src/SileliS_code/keyboardToFunction.o" --specs=nano.specs -mfpu=fpv5-d16 -mfloat-abi=hard -mthumb -o "Core/Src/SileliS_code/keyboardToFunction.o"
../Core/Src/SileliS_code/keyboardToFunction.cpp: In constructor 'keyboardToFunction::keyboardToFunction()':
../Core/Src/SileliS_code/keyboardToFunction.cpp:13:40: warning: passing NULL to non-pointer argument 2 of 'void* memset(void*, int, size_t)' [-Wconversion-null]
   13 |         memset(this->ExecutableButtons,NULL, sizeof(ExecutableButtons));
      |                                        ^~~~
In file included from ../Core/Inc/SileliS_code/keyboardToFunction.h:13,
                 from ../Core/Src/SileliS_code/keyboardToFunction.cpp:8:
C:\ST\STM32CubeIDE_1.15.1\STM32CubeIDE\plugins\com.st.stm32cube.ide.mcu.externaltools.gnu-tools-for-stm32.12.3.rel1.win32_1.0.100.202403111256\tools\bin/../lib/gcc/arm-none-eabi/12.3.1/../../../../arm-none-eabi/include/string.h:33:26: note:   declared here
   33 | void *   memset (void *, int, size_t);
      |                          ^~~
../Core/Src/SileliS_code/keyboardToFunction.cpp:13:15: warning: 'void* memset(void*, int, size_t)' clearing an object of type 'struct _execute_t' with no trivial copy-assignment; use assignment or value-initialization instead [-Wclass-memaccess]
   13 |         memset(this->ExecutableButtons,NULL, sizeof(ExecutableButtons));
      |         ~~~~~~^~~~~~~~~~~~~~~~~~~~~~~~~~~~~~~~~~~~~~~~~~~~~~~~~~~~~~~~~
../Core/Inc/SileliS_code/keyboardToFunction.h:16:8: note: 'struct _execute_t' declared here
   16 | struct _execute_t{
      |        ^~~~~~~~~~
../Core/Src/SileliS_code/keyboardToFunction.cpp: In member function 'void keyboardToFunction::buildExecutableButtonsTable()':
../Core/Src/SileliS_code/keyboardToFunction.cpp:19:28: warning: statement has no effect [-Wunused-value]
   19 |         ExecutableButtons[1];
      |         ~~~~~~~~~~~~~~~~~~~^
../Core/Src/SileliS_code/keyboardToFunction.cpp:20:28: warning: statement has no effect [-Wunused-value]
   20 |         ExecutableButtons[2];
      |         ~~~~~~~~~~~~~~~~~~~^
../Core/Src/SileliS_code/keyboardToFunction.cpp:21:28: warning: statement has no effect [-Wunused-value]
   21 |         ExecutableButtons[3];
      |         ~~~~~~~~~~~~~~~~~~~^
../Core/Src/SileliS_code/keyboardToFunction.cpp:22:28: warning: statement has no effect [-Wunused-value]
   22 |         ExecutableButtons[4];
      |         ~~~~~~~~~~~~~~~~~~~^
../Core/Src/SileliS_code/keyboardToFunction.cpp:23:28: warning: statement has no effect [-Wunused-value]
   23 |         ExecutableButtons[5];
      |         ~~~~~~~~~~~~~~~~~~~^
../Core/Src/SileliS_code/keyboardToFunction.cpp:24:28: warning: statement has no effect [-Wunused-value]
   24 |         ExecutableButtons[6];
      |         ~~~~~~~~~~~~~~~~~~~^
../Core/Src/SileliS_code/keyboardToFunction.cpp:25:28: warning: statement has no effect [-Wunused-value]
   25 |         ExecutableButtons[7];
      |         ~~~~~~~~~~~~~~~~~~~^
../Core/Src/SileliS_code/keyboardToFunction.cpp:26:28: warning: statement has no effect [-Wunused-value]
   26 |         ExecutableButtons[8];
      |         ~~~~~~~~~~~~~~~~~~~^
../Core/Src/SileliS_code/keyboardToFunction.cpp:27:28: warning: statement has no effect [-Wunused-value]
   27 |         ExecutableButtons[9];
      |         ~~~~~~~~~~~~~~~~~~~^
../Core/Src/SileliS_code/keyboardToFunction.cpp:28:29: warning: statement has no effect [-Wunused-value]
   28 |         ExecutableButtons[10];
      |         ~~~~~~~~~~~~~~~~~~~~^
../Core/Src/SileliS_code/keyboardToFunction.cpp:29:29: warning: statement has no effect [-Wunused-value]
   29 |         ExecutableButtons[11];
      |         ~~~~~~~~~~~~~~~~~~~~^
../Core/Src/SileliS_code/keyboardToFunction.cpp:30:29: warning: statement has no effect [-Wunused-value]
   30 |         ExecutableButtons[12];
      |         ~~~~~~~~~~~~~~~~~~~~^
../Core/Src/SileliS_code/keyboardToFunction.cpp:31:29: warning: statement has no effect [-Wunused-value]
   31 |         ExecutableButtons[13];
      |         ~~~~~~~~~~~~~~~~~~~~^
../Core/Src/SileliS_code/keyboardToFunction.cpp:32:29: warning: statement has no effect [-Wunused-value]
   32 |         ExecutableButtons[14];
      |         ~~~~~~~~~~~~~~~~~~~~^
../Core/Src/SileliS_code/keyboardToFunction.cpp:33:29: warning: statement has no effect [-Wunused-value]
   33 |         ExecutableButtons[15];
      |         ~~~~~~~~~~~~~~~~~~~~^
../Core/Src/SileliS_code/keyboardToFunction.cpp:34:29: warning: statement has no effect [-Wunused-value]
   34 |         ExecutableButtons[16];
      |         ~~~~~~~~~~~~~~~~~~~~^
../Core/Src/SileliS_code/keyboardToFunction.cpp:35:29: warning: statement has no effect [-Wunused-value]
   35 |         ExecutableButtons[17];
      |         ~~~~~~~~~~~~~~~~~~~~^
../Core/Src/SileliS_code/keyboardToFunction.cpp:36:29: warning: statement has no effect [-Wunused-value]
   36 |         ExecutableButtons[18];
      |         ~~~~~~~~~~~~~~~~~~~~^
arm-none-eabi-g++ -o "Radio_main.elf" @"objects.list"   -mcpu=cortex-m7 -T"D:\!!!__GitHUB_repositories\MustangRadio_develepementVersion\02_Firmware\02_STM32\Radio_main\STM32H7A3RITX_FLASH.ld" -Wl,-Map="Radio_main.map" -Wl,--gc-sections -static --specs=nano.specs -mfpu=fpv5-d16 -mfloat-abi=hard -mthumb -u _printf_float -u _scanf_float -Wl,--start-group -lc -lm -lstdc++ -lsupc++ -Wl,--end-group
Finished building target: Radio_main.elf
 
arm-none-eabi-size  Radio_main.elf 
arm-none-eabi-objdump -h -S Radio_main.elf  > "Radio_main.list"
   text	   data	    bss	    dec	    hex	filename
 244968	    720	  42560	 288248	  465f8	Radio_main.elf
Finished building: default.size.stdout
 
Finished building: Radio_main.list
 

21:41:38 Build Finished. 0 errors, 20 warnings. (took 2s.480ms)

